Archive member included to satisfy reference by file (symbol)

C:/ST/STM32CubeIDE_1.18.1/STM32CubeIDE/plugins/com.st.stm32cube.ide.mcu.externaltools.gnu-tools-for-stm32.13.3.rel1.win32_1.0.0.202411081344/tools/bin/../lib/gcc/arm-none-eabi/13.3.1/../../../../arm-none-eabi/lib/thumb/v7e-m+dp/hard\libc_nano.a(libc_a-exit.o)
                              C:/ST/STM32CubeIDE_1.18.1/STM32CubeIDE/plugins/com.st.stm32cube.ide.mcu.externaltools.gnu-tools-for-stm32.13.3.rel1.win32_1.0.0.202411081344/tools/bin/../lib/gcc/arm-none-eabi/13.3.1/../../../../arm-none-eabi/lib/thumb/v7e-m+dp/hard/crt0.o (exit)
C:/ST/STM32CubeIDE_1.18.1/STM32CubeIDE/plugins/com.st.stm32cube.ide.mcu.externaltools.gnu-tools-for-stm32.13.3.rel1.win32_1.0.0.202411081344/tools/bin/../lib/gcc/arm-none-eabi/13.3.1/../../../../arm-none-eabi/lib/thumb/v7e-m+dp/hard\libc_nano.a(libc_a-findfp.o)
                              C:/ST/STM32CubeIDE_1.18.1/STM32CubeIDE/plugins/com.st.stm32cube.ide.mcu.externaltools.gnu-tools-for-stm32.13.3.rel1.win32_1.0.0.202411081344/tools/bin/../lib/gcc/arm-none-eabi/13.3.1/../../../../arm-none-eabi/lib/thumb/v7e-m+dp/hard\libc_nano.a(libc_a-exit.o) (__stdio_exit_handler)
C:/ST/STM32CubeIDE_1.18.1/STM32CubeIDE/plugins/com.st.stm32cube.ide.mcu.externaltools.gnu-tools-for-stm32.13.3.rel1.win32_1.0.0.202411081344/tools/bin/../lib/gcc/arm-none-eabi/13.3.1/../../../../arm-none-eabi/lib/thumb/v7e-m+dp/hard\libc_nano.a(libc_a-fwalk.o)
                              C:/ST/STM32CubeIDE_1.18.1/STM32CubeIDE/plugins/com.st.stm32cube.ide.mcu.externaltools.gnu-tools-for-stm32.13.3.rel1.win32_1.0.0.202411081344/tools/bin/../lib/gcc/arm-none-eabi/13.3.1/../../../../arm-none-eabi/lib/thumb/v7e-m+dp/hard\libc_nano.a(libc_a-findfp.o) (_fwalk_sglue)
C:/ST/STM32CubeIDE_1.18.1/STM32CubeIDE/plugins/com.st.stm32cube.ide.mcu.externaltools.gnu-tools-for-stm32.13.3.rel1.win32_1.0.0.202411081344/tools/bin/../lib/gcc/arm-none-eabi/13.3.1/../../../../arm-none-eabi/lib/thumb/v7e-m+dp/hard\libc_nano.a(libc_a-stdio.o)
                              C:/ST/STM32CubeIDE_1.18.1/STM32CubeIDE/plugins/com.st.stm32cube.ide.mcu.externaltools.gnu-tools-for-stm32.13.3.rel1.win32_1.0.0.202411081344/tools/bin/../lib/gcc/arm-none-eabi/13.3.1/../../../../arm-none-eabi/lib/thumb/v7e-m+dp/hard\libc_nano.a(libc_a-findfp.o) (__sread)
C:/ST/STM32CubeIDE_1.18.1/STM32CubeIDE/plugins/com.st.stm32cube.ide.mcu.externaltools.gnu-tools-for-stm32.13.3.rel1.win32_1.0.0.202411081344/tools/bin/../lib/gcc/arm-none-eabi/13.3.1/../../../../arm-none-eabi/lib/thumb/v7e-m+dp/hard\libc_nano.a(libc_a-memset.o)
                              C:/ST/STM32CubeIDE_1.18.1/STM32CubeIDE/plugins/com.st.stm32cube.ide.mcu.externaltools.gnu-tools-for-stm32.13.3.rel1.win32_1.0.0.202411081344/tools/bin/../lib/gcc/arm-none-eabi/13.3.1/../../../../arm-none-eabi/lib/thumb/v7e-m+dp/hard/crt0.o (memset)
C:/ST/STM32CubeIDE_1.18.1/STM32CubeIDE/plugins/com.st.stm32cube.ide.mcu.externaltools.gnu-tools-for-stm32.13.3.rel1.win32_1.0.0.202411081344/tools/bin/../lib/gcc/arm-none-eabi/13.3.1/../../../../arm-none-eabi/lib/thumb/v7e-m+dp/hard\libc_nano.a(libc_a-closer.o)
                              C:/ST/STM32CubeIDE_1.18.1/STM32CubeIDE/plugins/com.st.stm32cube.ide.mcu.externaltools.gnu-tools-for-stm32.13.3.rel1.win32_1.0.0.202411081344/tools/bin/../lib/gcc/arm-none-eabi/13.3.1/../../../../arm-none-eabi/lib/thumb/v7e-m+dp/hard\libc_nano.a(libc_a-stdio.o) (_close_r)
C:/ST/STM32CubeIDE_1.18.1/STM32CubeIDE/plugins/com.st.stm32cube.ide.mcu.externaltools.gnu-tools-for-stm32.13.3.rel1.win32_1.0.0.202411081344/tools/bin/../lib/gcc/arm-none-eabi/13.3.1/../../../../arm-none-eabi/lib/thumb/v7e-m+dp/hard\libc_nano.a(libc_a-reent.o)
                              C:/ST/STM32CubeIDE_1.18.1/STM32CubeIDE/plugins/com.st.stm32cube.ide.mcu.externaltools.gnu-tools-for-stm32.13.3.rel1.win32_1.0.0.202411081344/tools/bin/../lib/gcc/arm-none-eabi/13.3.1/../../../../arm-none-eabi/lib/thumb/v7e-m+dp/hard\libc_nano.a(libc_a-closer.o) (errno)
C:/ST/STM32CubeIDE_1.18.1/STM32CubeIDE/plugins/com.st.stm32cube.ide.mcu.externaltools.gnu-tools-for-stm32.13.3.rel1.win32_1.0.0.202411081344/tools/bin/../lib/gcc/arm-none-eabi/13.3.1/../../../../arm-none-eabi/lib/thumb/v7e-m+dp/hard\libc_nano.a(libc_a-impure.o)
                              C:/ST/STM32CubeIDE_1.18.1/STM32CubeIDE/plugins/com.st.stm32cube.ide.mcu.externaltools.gnu-tools-for-stm32.13.3.rel1.win32_1.0.0.202411081344/tools/bin/../lib/gcc/arm-none-eabi/13.3.1/../../../../arm-none-eabi/lib/thumb/v7e-m+dp/hard\libc_nano.a(libc_a-reent.o) (_impure_ptr)
C:/ST/STM32CubeIDE_1.18.1/STM32CubeIDE/plugins/com.st.stm32cube.ide.mcu.externaltools.gnu-tools-for-stm32.13.3.rel1.win32_1.0.0.202411081344/tools/bin/../lib/gcc/arm-none-eabi/13.3.1/../../../../arm-none-eabi/lib/thumb/v7e-m+dp/hard\libc_nano.a(libc_a-lseekr.o)
[...]
Memory Configuration

Name             Origin             Length             Attributes
FLASH            0x08000000         0x00200000         xr
DTCMRAM          0x20000000         0x00020000         xrw
RAM_D1           0x24000000         0x00080000         xrw
RAM_D2           0x30000000         0x00048000         xrw
RAM_D3           0x38000000         0x00010000         xrw
ITCMRAM          0x00000000         0x00010000         xrw
*default*        0x00000000         0xffffffff

Linker script and memory map

LOAD C:/ST/STM32CubeIDE_1.18.1/STM32CubeIDE/plugins/com.st.stm32cube.ide.mcu.externaltools.gnu-tools-for-stm32.13.3.rel1.win32_1.0.0.202411081344/tools/bin/../lib/gcc/arm-none-eabi/13.3.1/thumb/v7e-m+dp/hard/crti.o
LOAD C:/ST/STM32CubeIDE_1.18.1/STM32CubeIDE/plugins/com.st.stm32cube.ide.mcu.externaltools.gnu-tools-for-stm32.13.3.rel1.win32_1.0.0.202411081344/tools/bin/../lib/gcc/arm-none-eabi/13.3.1/thumb/v7e-m+dp/hard/crtbegin.o
LOAD C:/ST/STM32CubeIDE_1.18.1/STM32CubeIDE/plugins/com.st.stm32cube.ide.mcu.externaltools.gnu-tools-for-stm32.13.3.rel1.win32_1.0.0.202411081344/tools/bin/../lib/gcc/arm-none-eabi/13.3.1/../../../../arm-none-eabi/lib/thumb/v7e-m+dp/hard/crt0.o
LOAD ./Core/Src/main.o
LOAD ./Core/Src/quadspi.o
LOAD ./Core/Src/stm32h7xx_hal_msp.o
LOAD ./Core/Src/stm32h7xx_it.o
LOAD ./Core/Src/syscalls.o
LOAD ./Core/Src/sysmem.o
LOAD ./Core/Src/system_stm32h7xx.o
LOAD ./Core/Startup/startup_stm32h743vitx.o
LOAD ./Drivers/STM32H7xx_HAL_Driver/Src/stm32h7xx_hal.o
LOAD ./Drivers/STM32H7xx_HAL_Driver/Src/stm32h7xx_hal_cortex.o
LOAD ./Drivers/STM32H7xx_HAL_Driver/Src/stm32h7xx_hal_dma.o
LOAD ./Drivers/STM32H7xx_HAL_Driver/Src/stm32h7xx_hal_dma_ex.o
LOAD ./Drivers/STM32H7xx_HAL_Driver/Src/stm32h7xx_hal_exti.o
LOAD ./Drivers/STM32H7xx_HAL_Driver/Src/stm32h7xx_hal_flash.o
LOAD ./Drivers/STM32H7xx_HAL_Driver/Src/stm32h7xx_hal_flash_ex.o
LOAD ./Drivers/STM32H7xx_HAL_Driver/Src/stm32h7xx_hal_gpio.o
LOAD ./Drivers/STM32H7xx_HAL_Driver/Src/stm32h7xx_hal_hsem.o
LOAD ./Drivers/STM32H7xx_HAL_Driver/Src/stm32h7xx_hal_i2c.o
LOAD ./Drivers/STM32H7xx_HAL_Driver/Src/stm32h7xx_hal_i2c_ex.o
LOAD ./Drivers/STM32H7xx_HAL_Driver/Src/stm32h7xx_hal_mdma.o
LOAD ./Drivers/STM32H7xx_HAL_Driver/Src/stm32h7xx_hal_pcd.o
LOAD ./Drivers/STM32H7xx_HAL_Driver/Src/stm32h7xx_hal_pcd_ex.o
LOAD ./Drivers/STM32H7xx_HAL_Driver/Src/stm32h7xx_hal_pwr.o
LOAD ./Drivers/STM32H7xx_HAL_Driver/Src/stm32h7xx_hal_pwr_ex.o
LOAD ./Drivers/STM32H7xx_HAL_Driver/Src/stm32h7xx_hal_qspi.o
LOAD ./Drivers/STM32H7xx_HAL_Driver/Src/stm32h7xx_hal_rcc.o
LOAD ./Drivers/STM32H7xx_HAL_Driver/Src/stm32h7xx_hal_rcc_ex.o
LOAD ./Drivers/STM32H7xx_HAL_Driver/Src/stm32h7xx_hal_tim.o
LOAD ./Drivers/STM32H7xx_HAL_Driver/Src/stm32h7xx_hal_tim_ex.o
LOAD ./Drivers/STM32H7xx_HAL_Driver/Src/stm32h7xx_hal_uart.o
LOAD ./Drivers/STM32H7xx_HAL_Driver/Src/stm32h7xx_hal_uart_ex.o
LOAD ./Drivers/STM32H7xx_HAL_Driver/Src/stm32h7xx_ll_delayblock.o
LOAD ./Drivers/STM32H7xx_HAL_Driver/Src/stm32h7xx_ll_usb.o
LOAD ./Middlewares/ST/STM32_USB_Device_Library/Class/MSC/Src/usbd_msc.o
LOAD ./Middlewares/ST/STM32_USB_Device_Library/Class/MSC/Src/usbd_msc_bot.o
LOAD ./Middlewares/ST/STM32_USB_Device_Library/Class/MSC/Src/usbd_msc_data.o
LOAD ./Middlewares/ST/STM32_USB_Device_Library/Class/MSC/Src/usbd_msc_scsi.o
LOAD ./Middlewares/ST/STM32_USB_Device_Library/Core/Src/usbd_core.o
LOAD ./Middlewares/ST/STM32_USB_Device_Library/Core/Src/usbd_ctlreq.o
LOAD ./Middlewares/ST/STM32_USB_Device_Library/Core/Src/usbd_ioreq.o
LOAD ./USB_DEVICE/App/usb_device.o
LOAD ./USB_DEVICE/App/usbd_desc.o
LOAD ./USB_DEVICE/App/usbd_storage_if.o
LOAD ./USB_DEVICE/Target/usbd_conf.o
START GROUP
LOAD C:/ST/STM32CubeIDE_1.18.1/STM32CubeIDE/plugins/com.st.stm32cube.ide.mcu.externaltools.gnu-tools-for-stm32.13.3.rel1.win32_1.0.0.202411081344/tools/bin/../lib/gcc/arm-none-eabi/13.3.1/../../../../arm-none-eabi/lib/thumb/v7e-m+dp/hard\libc_nano.a
LOAD C:/ST/STM32CubeIDE_1.18.1/STM32CubeIDE/plugins/com.st.stm32cube.ide.mcu.externaltools.gnu-tools-for-stm32.13.3.rel1.win32_1.0.0.202411081344/tools/bin/../lib/gcc/arm-none-eabi/13.3.1/../../../../arm-none-eabi/lib/thumb/v7e-m+dp/hard\libm.a
END GROUP
START GROUP
LOAD C:/ST/STM32CubeIDE_1.18.1/STM32CubeIDE/plugins/com.st.stm32cube.ide.mcu.externaltools.gnu-tools-for-stm32.13.3.rel1.win32_1.0.0.202411081344/tools/bin/../lib/gcc/arm-none-eabi/13.3.1/thumb/v7e-m+dp/hard\libgcc.a
LOAD C:/ST/STM32CubeIDE_1.18.1/STM32CubeIDE/plugins/com.st.stm32cube.ide.mcu.externaltools.gnu-tools-for-stm32.13.3.rel1.win32_1.0.0.202411081344/tools/bin/../lib/gcc/arm-none-eabi/13.3.1/../../../../arm-none-eabi/lib/thumb/v7e-m+dp/hard\libc_nano.a
END GROUP
START GROUP
LOAD C:/ST/STM32CubeIDE_1.18.1/STM32CubeIDE/plugins/com.st.stm32cube.ide.mcu.externaltools.gnu-tools-for-stm32.13.3.rel1.win32_1.0.0.202411081344/tools/bin/../lib/gcc/arm-none-eabi/13.3.1/thumb/v7e-m+dp/hard\libgcc.a
LOAD C:/ST/STM32CubeIDE_1.18.1/STM32CubeIDE/plugins/com.st.stm32cube.ide.mcu.externaltools.gnu-tools-for-stm32.13.3.rel1.win32_1.0.0.202411081344/tools/bin/../lib/gcc/arm-none-eabi/13.3.1/../../../../arm-none-eabi/lib/thumb/v7e-m+dp/hard\libc_nano.a
LOAD C:/ST/STM32CubeIDE_1.18.1/STM32CubeIDE/plugins/com.st.stm32cube.ide.mcu.externaltools.gnu-tools-for-stm32.13.3.rel1.win32_1.0.0.202411081344/tools/bin/../lib/gcc/arm-none-eabi/13.3.1/../../../../arm-none-eabi/lib/thumb/v7e-m+dp/hard\libnosys.a
END GROUP
START GROUP
LOAD C:/ST/STM32CubeIDE_1.18.1/STM32CubeIDE/plugins/com.st.stm32cube.ide.mcu.externaltools.gnu-tools-for-stm32.13.3.rel1.win32_1.0.0.202411081344/tools/bin/../lib/gcc/arm-none-eabi/13.3.1/thumb/v7e-m+dp/hard\libgcc.a
LOAD C:/ST/STM32CubeIDE_1.18.1/STM32CubeIDE/plugins/com.st.stm32cube.ide.mcu.externaltools.gnu-tools-for-stm32.13.3.rel1.win32_1.0.0.202411081344/tools/bin/../lib/gcc/arm-none-eabi/13.3.1/../../../../arm-none-eabi/lib/thumb/v7e-m+dp/hard\libc_nano.a
LOAD C:/ST/STM32CubeIDE_1.18.1/STM32CubeIDE/plugins/com.st.stm32cube.ide.mcu.externaltools.gnu-tools-for-stm32.13.3.rel1.win32_1.0.0.202411081344/tools/bin/../lib/gcc/arm-none-eabi/13.3.1/../../../../arm-none-eabi/lib/thumb/v7e-m+dp/hard\libnosys.a
END GROUP
LOAD C:/ST/STM32CubeIDE_1.18.1/STM32CubeIDE/plugins/com.st.stm32cube.ide.mcu.externaltools.gnu-tools-for-stm32.13.3.rel1.win32_1.0.0.202411081344/tools/bin/../lib/gcc/arm-none-eabi/13.3.1/thumb/v7e-m+dp/hard/crtend.o
LOAD C:/ST/STM32CubeIDE_1.18.1/STM32CubeIDE/plugins/com.st.stm32cube.ide.mcu.externaltools.gnu-tools-for-stm32.13.3.rel1.win32_1.0.0.202411081344/tools/bin/../lib/gcc/arm-none-eabi/13.3.1/thumb/v7e-m+dp/hard/crtn.o
                0x24080000                        _estack = (ORIGIN (RAM_D1) + LENGTH (RAM_D1))
                0x00004000                        _Min_Heap_Size = 0x4000
                0x00008000                        _Min_Stack_Size = 0x8000

.isr_vector     0x08000000      0x298
                0x08000000                        . = ALIGN (0x4)
 *(.isr_vector)
 .isr_vector    0x08000000      0x298 ./Core/Startup/startup_stm32h743vitx.o
                0x08000000                g_pfnVectors
                0x08000298                        . = ALIGN (0x4)

.text           0x08000298     0xe820
                0x08000298                        . = ALIGN (0x4)
 *(.text)
 .text          0x08000298       0x40 C:/ST/STM32CubeIDE_1.18.1/STM32CubeIDE/plugins/com.st.stm32cube.ide.mcu.externaltools.gnu-tools-for-stm32.13.3.rel1.win32_1.0.0.202411081344/tools/bin/../lib/gcc/arm-none-eabi/13.3.1/thumb/v7e-m+dp/hard/crtbegin.o
 .text          0x080002d8       0x30 C:/ST/STM32CubeIDE_1.18.1/STM32CubeIDE/plugins/com.st.stm32cube.ide.mcu.externaltools.gnu-tools-for-stm32.13.3.rel1.win32_1.0.0.202411081344/tools/bin/../lib/gcc/arm-none-eabi/13.3.1/thumb/v7e-m+dp/hard\libgcc.a(_aeabi_uldivmod.o)
                0x080002d8                __aeabi_uldivmod
 .text          0x08000308      0x2f8 C:/ST/STM32CubeIDE_1.18.1/STM32CubeIDE/plugins/com.st.stm32cube.ide.mcu.externaltools.gnu-tools-for-stm32.13.3.rel1.win32_1.0.0.202411081344/tools/bin/../lib/gcc/arm-none-eabi/13.3.1/thumb/v7e-m+dp/hard\libgcc.a(_udivmoddi4.o)
                0x08000308                __udivmoddi4
 .text          0x08000600        0x4 C:/ST/STM32CubeIDE_1.18.1/STM32CubeIDE/plugins/com.st.stm32cube.ide.mcu.externaltools.gnu-tools-for-stm32.13.3.rel1.win32_1.0.0.202411081344/tools/bin/../lib/gcc/arm-none-eabi/13.3.1/thumb/v7e-m+dp/hard\libgcc.a(_dvmd_tls.o)
                0x08000600                __aeabi_idiv0
                0x08000600                __aeabi_ldiv0
 *(.text*)
 .text.main     0x08000604       0xa8 ./Core/Src/main.o
                0x08000604                main
 .text.SystemClock_Config
                0x080006ac       0xf4 ./Core/Src/main.o
                0x080006ac                SystemClock_Config
 .text.MX_QUADSPI_Init
                0x080007a0       0x58 ./Core/Src/main.o
 .text.MX_TIM7_Init
                0x080007f8       0x6c ./Core/Src/main.o
 .text.MX_USART1_UART_Init
                0x08000864       0x98 ./Core/Src/main.o
 .text.MX_GPIO_Init
                0x080008fc      0x120 ./Core/Src/main.o
 .text.MPU_Config
                0x08000a1c       0x58 ./Core/Src/main.o
 .text.Error_Handler
                0x08000a74        0xc ./Core/Src/main.o
                0x08000a74                Error_Handler
 .text.QSPI_AutoPollingMemReady
                0x08000a80       0x98 ./Core/Src/quadspi.o
                0x08000a80                QSPI_AutoPollingMemReady
 .text.QSPI_WriteEnable
                0x08000b18       0xc4 ./Core/Src/quadspi.o
 .text.CSP_QSPI_EraseSector
                0x08000bdc       0x90 ./Core/Src/quadspi.o
                0x08000bdc                CSP_QSPI_EraseSector
 .text.CSP_QSPI_WriteMemory
                0x08000c6c      0x118 ./Core/Src/quadspi.o
                0x08000c6c                CSP_QSPI_WriteMemory
 .text.CSP_QSPI_Read
                0x08000d84       0xac ./Core/Src/quadspi.o
                0x08000d84                CSP_QSPI_Read
 .text.HAL_MspInit
                0x08000e30       0x34 ./Core/Src/stm32h7xx_hal_msp.o
                0x08000e30                HAL_MspInit
 .text.HAL_QSPI_MspInit
                0x08000e64      0x194 ./Core/Src/stm32h7xx_hal_msp.o
                0x08000e64                HAL_QSPI_MspInit
 .text.HAL_TIM_Base_MspInit
                0x08000ff8       0x50 ./Core/Src/stm32h7xx_hal_msp.o
                0x08000ff8                HAL_TIM_Base_MspInit
 .text.HAL_UART_MspInit
                0x08001048       0xe4 ./Core/Src/stm32h7xx_hal_msp.o
                0x08001048                HAL_UART_MspInit
 .text.NMI_Handler
                0x0800112c        0x8 ./Core/Src/stm32h7xx_it.o
                0x0800112c                NMI_Handler
 .text.HardFault_Handler
                0x08001134        0x8 ./Core/Src/stm32h7xx_it.o
                0x08001134                HardFault_Handler
 .text.MemManage_Handler
                0x0800113c        0x8 ./Core/Src/stm32h7xx_it.o
                0x0800113c                MemManage_Handler
 .text.BusFault_Handler
                0x08001144        0x8 ./Core/Src/stm32h7xx_it.o
                0x08001144                BusFault_Handler
 .text.UsageFault_Handler
                0x0800114c        0x8 ./Core/Src/stm32h7xx_it.o
                0x0800114c                UsageFault_Handler
 .text.SVC_Handler
                0x08001154        0xe ./Core/Src/stm32h7xx_it.o
                0x08001154                SVC_Handler
 .text.DebugMon_Handler
                0x08001162        0xe ./Core/Src/stm32h7xx_it.o
                0x08001162                DebugMon_Handler
 .text.PendSV_Handler
                0x08001170        0xe ./Core/Src/stm32h7xx_it.o
                0x08001170                PendSV_Handler
 .text.SysTick_Handler
                0x0800117e        0xc ./Core/Src/stm32h7xx_it.o
                0x0800117e                SysTick_Handler
 *fill*         0x0800118a        0x2 
 .text.USART1_IRQHandler
                0x0800118c       0x14 ./Core/Src/stm32h7xx_it.o
                0x0800118c                USART1_IRQHandler
 .text.TIM7_IRQHandler
                0x080011a0       0x14 ./Core/Src/stm32h7xx_it.o
                0x080011a0                TIM7_IRQHandler
 .text.OTG_FS_IRQHandler
                0x080011b4       0x14 ./Core/Src/stm32h7xx_it.o
                0x080011b4                OTG_FS_IRQHandler
 .text.SystemInit
                0x080011c8      0x140 ./Core/Src/system_stm32h7xx.o
                0x080011c8                SystemInit
 .text.ExitRun0Mode
                0x08001308       0x30 ./Core/Src/system_stm32h7xx.o
                0x08001308                ExitRun0Mode
 .text.Reset_Handler
                0x08001338       0x54 ./Core/Startup/startup_stm32h743vitx.o
                0x08001338                Reset_Handler
 .text.Default_Handler
                0x0800138c        0x2 ./Core/Startup/startup_stm32h743vitx.o
                0x0800138c                RTC_Alarm_IRQHandler
                0x0800138c                EXTI2_IRQHandler
                0x0800138c                TIM8_CC_IRQHandler
                0x0800138c                HRTIM1_Master_IRQHandler
                0x0800138c                UART8_IRQHandler
                0x0800138c                SPI4_IRQHandler
                0x0800138c                TIM1_CC_IRQHandler
                0x0800138c                BDMA_Channel6_IRQHandler
                0x0800138c                DMA2_Stream5_IRQHandler
                0x0800138c                HRTIM1_FLT_IRQHandler
                0x0800138c                JPEG_IRQHandler
                0x0800138c                DMA1_Stream5_IRQHandler
                0x0800138c                BDMA_Channel1_IRQHandler
                0x0800138c                HRTIM1_TIMD_IRQHandler
                0x0800138c                TAMP_STAMP_IRQHandler
                0x0800138c                EXTI3_IRQHandler
                0x0800138c                LPTIM4_IRQHandler
                0x0800138c                TIM8_TRG_COM_TIM14_IRQHandler
                0x0800138c                LPTIM2_IRQHandler
                0x0800138c                DFSDM1_FLT1_IRQHandler
                0x0800138c                DMAMUX2_OVR_IRQHandler
                0x0800138c                TIM8_UP_TIM13_IRQHandler
                0x0800138c                I2C3_ER_IRQHandler
                0x0800138c                DFSDM1_FLT2_IRQHandler
                0x0800138c                MDMA_IRQHandler
                0x0800138c                LPTIM3_IRQHandler
                0x0800138c                HSEM1_IRQHandler
                0x0800138c                EXTI0_IRQHandler
                0x0800138c                I2C2_EV_IRQHandler
                0x0800138c                DMA1_Stream2_IRQHandler
                0x0800138c                FPU_IRQHandler
                0x0800138c                OTG_HS_WKUP_IRQHandler
                0x0800138c                FDCAN1_IT1_IRQHandler
                0x0800138c                LTDC_ER_IRQHandler
                0x0800138c                DMA2_Stream2_IRQHandler
                0x0800138c                HRTIM1_TIME_IRQHandler
                0x0800138c                SPI1_IRQHandler
                0x0800138c                TIM6_DAC_IRQHandler
                0x0800138c                DCMI_IRQHandler
                0x0800138c                HRTIM1_TIMC_IRQHandler
                0x0800138c                DMA2_Stream3_IRQHandler
                0x0800138c                SAI2_IRQHandler
                0x0800138c                DFSDM1_FLT3_IRQHandler
                0x0800138c                USART6_IRQHandler
                0x0800138c                TIM17_IRQHandler
                0x0800138c                USART3_IRQHandler
                0x0800138c                BDMA_Channel7_IRQHandler
                0x0800138c                LPTIM5_IRQHandler
                0x0800138c                UART5_IRQHandler
                0x0800138c                ADC3_IRQHandler
                0x0800138c                DMA2_Stream0_IRQHandler
                0x0800138c                TIM4_IRQHandler
                0x0800138c                BDMA_Channel2_IRQHandler
                0x0800138c                QUADSPI_IRQHandler
                0x0800138c                I2C1_EV_IRQHandler
                0x0800138c                DMA1_Stream6_IRQHandler
                0x0800138c                DMAMUX1_OVR_IRQHandler
                0x0800138c                DMA1_Stream1_IRQHandler
                0x0800138c                TIM16_IRQHandler
                0x0800138c                UART4_IRQHandler
                0x0800138c                BDMA_Channel5_IRQHandler
                0x0800138c                TIM3_IRQHandler
                0x0800138c                RCC_IRQHandler
                0x0800138c                TIM8_BRK_TIM12_IRQHandler
                0x0800138c                TIM1_TRG_COM_IRQHandler
                0x0800138c                Default_Handler
                0x0800138c                ECC_IRQHandler
                0x0800138c                CEC_IRQHandler
                0x0800138c                EXTI15_10_IRQHandler
                0x0800138c                BDMA_Channel0_IRQHandler
                0x0800138c                ADC_IRQHandler
                0x0800138c                DMA1_Stream7_IRQHandler
                0x0800138c                HRTIM1_TIMA_IRQHandler
                0x0800138c                SPI5_IRQHandler
                0x0800138c                SDMMC1_IRQHandler
                0x0800138c                TIM5_IRQHandler
                0x0800138c                DMA2_Stream7_IRQHandler
                0x0800138c                TIM15_IRQHandler
                0x0800138c                PVD_AVD_IRQHandler
                0x0800138c                I2C3_EV_IRQHandler
                0x0800138c                EXTI9_5_IRQHandler
                0x0800138c                RTC_WKUP_IRQHandler
                0x0800138c                LTDC_IRQHandler
                0x0800138c                SAI3_IRQHandler
                0x0800138c                ETH_WKUP_IRQHandler
                0x0800138c                SPDIF_RX_IRQHandler
                0x0800138c                SPI2_IRQHandler
                0x0800138c                OTG_HS_EP1_IN_IRQHandler
                0x0800138c                DMA1_Stream0_IRQHandler
                0x0800138c                CRS_IRQHandler
                0x0800138c                EXTI4_IRQHandler
                0x0800138c                RNG_IRQHandler
                0x0800138c                HRTIM1_TIMB_IRQHandler
                0x0800138c                FDCAN2_IT1_IRQHandler
                0x0800138c                ETH_IRQHandler
                0x0800138c                TIM1_UP_IRQHandler
                0x0800138c                BDMA_Channel4_IRQHandler
                0x0800138c                OTG_HS_EP1_OUT_IRQHandler
                0x0800138c                WWDG_IRQHandler
                0x0800138c                SPI6_IRQHandler
                0x0800138c                MDIOS_IRQHandler
                0x0800138c                I2C4_EV_IRQHandler
                0x0800138c                FDCAN2_IT0_IRQHandler
                0x0800138c                LPUART1_IRQHandler
                0x0800138c                FDCAN1_IT0_IRQHandler
                0x0800138c                TIM2_IRQHandler
                0x0800138c                OTG_FS_WKUP_IRQHandler
                0x0800138c                OTG_HS_IRQHandler
                0x0800138c                DMA2D_IRQHandler
                0x0800138c                TIM1_BRK_IRQHandler
                0x0800138c                EXTI1_IRQHandler
                0x0800138c                SDMMC2_IRQHandler
                0x0800138c                OTG_FS_EP1_OUT_IRQHandler
                0x0800138c                BDMA_Channel3_IRQHandler
                0x0800138c                UART7_IRQHandler
                0x0800138c                MDIOS_WKUP_IRQHandler
                0x0800138c                USART2_IRQHandler
                0x0800138c                DFSDM1_FLT0_IRQHandler
                0x0800138c                SAI4_IRQHandler
                0x0800138c                I2C2_ER_IRQHandler
                0x0800138c                DMA2_Stream1_IRQHandler
                0x0800138c                FLASH_IRQHandler
                0x0800138c                DMA2_Stream4_IRQHandler
                0x0800138c                SPI3_IRQHandler
                0x0800138c                WAKEUP_PIN_IRQHandler
                0x0800138c                DMA1_Stream4_IRQHandler
                0x0800138c                OTG_FS_EP1_IN_IRQHandler
                0x0800138c                I2C1_ER_IRQHandler
                0x0800138c                FMC_IRQHandler
                0x0800138c                FDCAN_CAL_IRQHandler
                0x0800138c                SWPMI1_IRQHandler
                0x0800138c                COMP1_IRQHandler
                0x0800138c                LPTIM1_IRQHandler
                0x0800138c                I2C4_ER_IRQHandler
                0x0800138c                DMA2_Stream6_IRQHandler
                0x0800138c                SAI1_IRQHandler
                0x0800138c                DMA1_Stream3_IRQHandler
 *fill*         0x0800138e        0x2 
 .text.HAL_Init
                0x08001390       0x78 ./Drivers/STM32H7xx_HAL_Driver/Src/stm32h7xx_hal.o
                0x08001390                HAL_Init
 .text.HAL_InitTick
                0x08001408       0x6c ./Drivers/STM32H7xx_HAL_Driver/Src/stm32h7xx_hal.o
                0x08001408                HAL_InitTick
 .text.HAL_IncTick
                0x08001474       0x28 ./Drivers/STM32H7xx_HAL_Driver/Src/stm32h7xx_hal.o
                0x08001474                HAL_IncTick
 .text.HAL_GetTick
                0x0800149c       0x18 ./Drivers/STM32H7xx_HAL_Driver/Src/stm32h7xx_hal.o
                0x0800149c                HAL_GetTick
 .text.HAL_Delay
                0x080014b4       0x48 ./Drivers/STM32H7xx_HAL_Driver/Src/stm32h7xx_hal.o
                0x080014b4                HAL_Delay
 .text.HAL_GetREVID
                0x080014fc       0x18 ./Drivers/STM32H7xx_HAL_Driver/Src/stm32h7xx_hal.o
                0x080014fc                HAL_GetREVID
 .text.__NVIC_SetPriorityGrouping
                0x08001514       0x48 ./Drivers/STM32H7xx_HAL_Driver/Src/stm32h7xx_hal_cortex.o
 .text.__NVIC_GetPriorityGrouping
                0x0800155c       0x1c ./Drivers/STM32H7xx_HAL_Driver/Src/stm32h7xx_hal_cortex.o
 .text.__NVIC_EnableIRQ
                0x08001578       0x3c ./Drivers/STM32H7xx_HAL_Driver/Src/stm32h7xx_hal_cortex.o
 .text.__NVIC_SetPriority
                0x080015b4       0x54 ./Drivers/STM32H7xx_HAL_Driver/Src/stm32h7xx_hal_cortex.o
 .text.NVIC_EncodePriority
                0x08001608       0x66 ./Drivers/STM32H7xx_HAL_Driver/Src/stm32h7xx_hal_cortex.o
 *fill*         0x0800166e        0x2 
 .text.SysTick_Config
                0x08001670       0x44 ./Drivers/STM32H7xx_HAL_Driver/Src/stm32h7xx_hal_cortex.o
 .text.HAL_NVIC_SetPriorityGrouping
                0x080016b4       0x16 ./Drivers/STM32H7xx_HAL_Driver/Src/stm32h7xx_hal_cortex.o
                0x080016b4                HAL_NVIC_SetPriorityGrouping
 .text.HAL_NVIC_SetPriority
                0x080016ca       0x34 ./Drivers/STM32H7xx_HAL_Driver/Src/stm32h7xx_hal_cortex.o
                0x080016ca                HAL_NVIC_SetPriority
 .text.HAL_NVIC_EnableIRQ
                0x080016fe       0x1c ./Drivers/STM32H7xx_HAL_Driver/Src/stm32h7xx_hal_cortex.o
                0x080016fe                HAL_NVIC_EnableIRQ
 .text.HAL_SYSTICK_Config
                0x0800171a       0x18 ./Drivers/STM32H7xx_HAL_Driver/Src/stm32h7xx_hal_cortex.o
                0x0800171a                HAL_SYSTICK_Config
 *fill*         0x08001732        0x2 
 .text.HAL_MPU_Disable
                0x08001734       0x30 ./Drivers/STM32H7xx_HAL_Driver/Src/stm32h7xx_hal_cortex.o
                0x08001734                HAL_MPU_Disable
 .text.HAL_MPU_Enable
                0x08001764       0x40 ./Drivers/STM32H7xx_HAL_Driver/Src/stm32h7xx_hal_cortex.o
                0x08001764                HAL_MPU_Enable
 .text.HAL_MPU_ConfigRegion
                0x080017a4       0x80 ./Drivers/STM32H7xx_HAL_Driver/Src/stm32h7xx_hal_cortex.o
                0x080017a4                HAL_MPU_ConfigRegion
 .text.HAL_DMA_Abort
                0x08001824      0x63c ./Drivers/STM32H7xx_HAL_Driver/Src/stm32h7xx_hal_dma.o
                0x08001824                HAL_DMA_Abort
 .text.HAL_DMA_Abort_IT
                0x08001e60      0x48c ./Drivers/STM32H7xx_HAL_Driver/Src/stm32h7xx_hal_dma.o
                0x08001e60                HAL_DMA_Abort_IT
 .text.HAL_GPIO_Init
                0x080022ec      0x360 ./Drivers/STM32H7xx_HAL_Driver/Src/stm32h7xx_hal_gpio.o
                0x080022ec                HAL_GPIO_Init
 .text.HAL_GPIO_WritePin
                0x0800264c       0x32 ./Drivers/STM32H7xx_HAL_Driver/Src/stm32h7xx_hal_gpio.o
                0x0800264c                HAL_GPIO_WritePin
 .text.HAL_PCD_Init
                0x0800267e      0x218 ./Drivers/STM32H7xx_HAL_Driver/Src/stm32h7xx_hal_pcd.o
                0x0800267e                HAL_PCD_Init
 .text.HAL_PCD_Start
                0x08002896       0x6a ./Drivers/STM32H7xx_HAL_Driver/Src/stm32h7xx_hal_pcd.o
                0x08002896                HAL_PCD_Start
 .text.HAL_PCD_IRQHandler
                0x08002900      0x99c ./Drivers/STM32H7xx_HAL_Driver/Src/stm32h7xx_hal_pcd.o
                0x08002900                HAL_PCD_IRQHandler
 .text.HAL_PCD_SetAddress
                0x0800329c       0x48 ./Drivers/STM32H7xx_HAL_Driver/Src/stm32h7xx_hal_pcd.o
                0x0800329c                HAL_PCD_SetAddress
 .text.HAL_PCD_EP_Open
                0x080032e4       0xd4 ./Drivers/STM32H7xx_HAL_Driver/Src/stm32h7xx_hal_pcd.o
                0x080032e4                HAL_PCD_EP_Open
 .text.HAL_PCD_EP_Close
                0x080033b8       0x94 ./Drivers/STM32H7xx_HAL_Driver/Src/stm32h7xx_hal_pcd.o
                0x080033b8                HAL_PCD_EP_Close
 .text.HAL_PCD_EP_Receive
                0x0800344c       0x76 ./Drivers/STM32H7xx_HAL_Driver/Src/stm32h7xx_hal_pcd.o
                0x0800344c                HAL_PCD_EP_Receive
 .text.HAL_PCD_EP_GetRxCount
                0x080034c2       0x30 ./Drivers/STM32H7xx_HAL_Driver/Src/stm32h7xx_hal_pcd.o
                0x080034c2                HAL_PCD_EP_GetRxCount
 .text.HAL_PCD_EP_Transmit
                0x080034f2       0x74 ./Drivers/STM32H7xx_HAL_Driver/Src/stm32h7xx_hal_pcd.o
                0x080034f2                HAL_PCD_EP_Transmit
 .text.HAL_PCD_EP_SetStall
                0x08003566       0xc6 ./Drivers/STM32H7xx_HAL_Driver/Src/stm32h7xx_hal_pcd.o
                0x08003566                HAL_PCD_EP_SetStall
 .text.HAL_PCD_EP_ClrStall
                0x0800362c       0xac ./Drivers/STM32H7xx_HAL_Driver/Src/stm32h7xx_hal_pcd.o
                0x0800362c                HAL_PCD_EP_ClrStall
 .text.HAL_PCD_EP_Abort
                0x080036d8       0x62 ./Drivers/STM32H7xx_HAL_Driver/Src/stm32h7xx_hal_pcd.o
                0x080036d8                HAL_PCD_EP_Abort
 .text.HAL_PCD_EP_Flush
                0x0800373a       0x5a ./Drivers/STM32H7xx_HAL_Driver/Src/stm32h7xx_hal_pcd.o
                0x0800373a                HAL_PCD_EP_Flush
 .text.PCD_WriteEmptyTxFifo
                0x08003794      0x118 ./Drivers/STM32H7xx_HAL_Driver/Src/stm32h7xx_hal_pcd.o
 .text.PCD_EP_OutXfrComplete_int
                0x080038ac      0x1d0 ./Drivers/STM32H7xx_HAL_Driver/Src/stm32h7xx_hal_pcd.o
 .text.PCD_EP_OutSetupPacket_int
                0x08003a7c       0x8c ./Drivers/STM32H7xx_HAL_Driver/Src/stm32h7xx_hal_pcd.o
 .text.HAL_PCDEx_SetTxFiFo
                0x08003b08       0x8e ./Drivers/STM32H7xx_HAL_Driver/Src/stm32h7xx_hal_pcd_ex.o
                0x08003b08                HAL_PCDEx_SetTxFiFo
 .text.HAL_PCDEx_SetRxFiFo
                0x08003b96       0x22 ./Drivers/STM32H7xx_HAL_Driver/Src/stm32h7xx_hal_pcd_ex.o
                0x08003b96                HAL_PCDEx_SetRxFiFo
 .text.HAL_PCDEx_ActivateLPM
                0x08003bb8       0x48 ./Drivers/STM32H7xx_HAL_Driver/Src/stm32h7xx_hal_pcd_ex.o
                0x08003bb8                HAL_PCDEx_ActivateLPM
 .text.HAL_PCDEx_LPM_Callback
                0x08003c00       0x18 ./Drivers/STM32H7xx_HAL_Driver/Src/stm32h7xx_hal_pcd_ex.o
                0x08003c00                HAL_PCDEx_LPM_Callback
 .text.HAL_PWREx_ConfigSupply
                0x08003c18       0x74 ./Drivers/STM32H7xx_HAL_Driver/Src/stm32h7xx_hal_pwr_ex.o
                0x08003c18                HAL_PWREx_ConfigSupply
 .text.HAL_PWREx_EnableUSBVoltageDetector
                0x08003c8c       0x20 ./Drivers/STM32H7xx_HAL_Driver/Src/stm32h7xx_hal_pwr_ex.o
                0x08003c8c                HAL_PWREx_EnableUSBVoltageDetector
 .text.HAL_QSPI_Init
                0x08003cac       0xe8 ./Drivers/STM32H7xx_HAL_Driver/Src/stm32h7xx_hal_qspi.o
                0x08003cac                HAL_QSPI_Init
 .text.HAL_QSPI_Command
                0x08003d94       0xbc ./Drivers/STM32H7xx_HAL_Driver/Src/stm32h7xx_hal_qspi.o
                0x08003d94                HAL_QSPI_Command
 .text.HAL_QSPI_Transmit
                0x08003e50      0x124 ./Drivers/STM32H7xx_HAL_Driver/Src/stm32h7xx_hal_qspi.o
                0x08003e50                HAL_QSPI_Transmit
 .text.HAL_QSPI_Receive
                0x08003f74      0x13a ./Drivers/STM32H7xx_HAL_Driver/Src/stm32h7xx_hal_qspi.o
                0x08003f74                HAL_QSPI_Receive
 .text.HAL_QSPI_AutoPolling
                0x080040ae       0xee ./Drivers/STM32H7xx_HAL_Driver/Src/stm32h7xx_hal_qspi.o
                0x080040ae                HAL_QSPI_AutoPolling
 .text.HAL_QSPI_SetTimeout
                0x0800419c       0x1c ./Drivers/STM32H7xx_HAL_Driver/Src/stm32h7xx_hal_qspi.o
                0x0800419c                HAL_QSPI_SetTimeout
 .text.QSPI_WaitFlagStateUntilTimeout
                0x080041b8       0x6e ./Drivers/STM32H7xx_HAL_Driver/Src/stm32h7xx_hal_qspi.o
 .text.QSPI_Config
                0x08004226      0x32e ./Drivers/STM32H7xx_HAL_Driver/Src/stm32h7xx_hal_qspi.o
 .text.HAL_RCC_OscConfig
                0x08004554      0x8b4 ./Drivers/STM32H7xx_HAL_Driver/Src/stm32h7xx_hal_rcc.o
                0x08004554                HAL_RCC_OscConfig
 .text.HAL_RCC_ClockConfig
                0x08004e08      0x36c ./Drivers/STM32H7xx_HAL_Driver/Src/stm32h7xx_hal_rcc.o
                0x08004e08                HAL_RCC_ClockConfig
 .text.HAL_RCC_GetSysClockFreq
                0x08005174      0x2f4 ./Drivers/STM32H7xx_HAL_Driver/Src/stm32h7xx_hal_rcc.o
                0x08005174                HAL_RCC_GetSysClockFreq
 .text.HAL_RCC_GetHCLKFreq
                0x08005468       0x60 ./Drivers/STM32H7xx_HAL_Driver/Src/stm32h7xx_hal_rcc.o
                0x08005468                HAL_RCC_GetHCLKFreq
 .text.HAL_RCC_GetPCLK1Freq
                0x080054c8       0x2c ./Drivers/STM32H7xx_HAL_Driver/Src/stm32h7xx_hal_rcc.o
                0x080054c8                HAL_RCC_GetPCLK1Freq
 .text.HAL_RCC_GetPCLK2Freq
                0x080054f4       0x2c ./Drivers/STM32H7xx_HAL_Driver/Src/stm32h7xx_hal_rcc.o
                0x080054f4                HAL_RCC_GetPCLK2Freq
 .text.HAL_RCCEx_PeriphCLKConfig
                0x08005520     0x1414 ./Drivers/STM32H7xx_HAL_Driver/Src/stm32h7xx_hal_rcc_ex.o
                0x08005520                HAL_RCCEx_PeriphCLKConfig
 .text.HAL_RCCEx_GetD3PCLK1Freq
                0x08006934       0x2c ./Drivers/STM32H7xx_HAL_Driver/Src/stm32h7xx_hal_rcc_ex.o
                0x08006934                HAL_RCCEx_GetD3PCLK1Freq
 .text.HAL_RCCEx_GetPLL2ClockFreq
                0x08006960      0x2a8 ./Drivers/STM32H7xx_HAL_Driver/Src/stm32h7xx_hal_rcc_ex.o
                0x08006960                HAL_RCCEx_GetPLL2ClockFreq
 .text.HAL_RCCEx_GetPLL3ClockFreq
                0x08006c08      0x2a8 ./Drivers/STM32H7xx_HAL_Driver/Src/stm32h7xx_hal_rcc_ex.o
                0x08006c08                HAL_RCCEx_GetPLL3ClockFreq
 .text.RCCEx_PLL2_Config
                0x08006eb0      0x164 ./Drivers/STM32H7xx_HAL_Driver/Src/stm32h7xx_hal_rcc_ex.o
 .text.RCCEx_PLL3_Config
                0x08007014      0x164 ./Drivers/STM32H7xx_HAL_Driver/Src/stm32h7xx_hal_rcc_ex.o
 .text.HAL_TIM_Base_Init
                0x08007178       0xae ./Drivers/STM32H7xx_HAL_Driver/Src/stm32h7xx_hal_tim.o
                0x08007178                HAL_TIM_Base_Init
 .text.HAL_TIM_IRQHandler
                0x08007226      0x20e ./Drivers/STM32H7xx_HAL_Driver/Src/stm32h7xx_hal_tim.o
                0x08007226                HAL_TIM_IRQHandler
 .text.HAL_TIM_PeriodElapsedCallback
                0x08007434       0x14 ./Drivers/STM32H7xx_HAL_Driver/Src/stm32h7xx_hal_tim.o
                0x08007434                HAL_TIM_PeriodElapsedCallback
 .text.HAL_TIM_OC_DelayElapsedCallback
                0x08007448       0x14 ./Drivers/STM32H7xx_HAL_Driver/Src/stm32h7xx_hal_tim.o
                0x08007448                HAL_TIM_OC_DelayElapsedCallback
 .text.HAL_TIM_IC_CaptureCallback
                0x0800745c       0x14 ./Drivers/STM32H7xx_HAL_Driver/Src/stm32h7xx_hal_tim.o
                0x0800745c                HAL_TIM_IC_CaptureCallback
 .text.HAL_TIM_PWM_PulseFinishedCallback
                0x08007470       0x14 ./Drivers/STM32H7xx_HAL_Driver/Src/stm32h7xx_hal_tim.o
                0x08007470                HAL_TIM_PWM_PulseFinishedCallback
 .text.HAL_TIM_TriggerCallback
                0x08007484       0x14 ./Drivers/STM32H7xx_HAL_Driver/Src/stm32h7xx_hal_tim.o
                0x08007484                HAL_TIM_TriggerCallback
 .text.TIM_Base_SetConfig
                0x08007498      0x140 ./Drivers/STM32H7xx_HAL_Driver/Src/stm32h7xx_hal_tim.o
                0x08007498                TIM_Base_SetConfig
 .text.HAL_TIMEx_MasterConfigSynchronization
                0x080075d8      0x11c ./Drivers/STM32H7xx_HAL_Driver/Src/stm32h7xx_hal_tim_ex.o
                0x080075d8                HAL_TIMEx_MasterConfigSynchronization
 .text.HAL_TIMEx_CommutCallback
                0x080076f4       0x14 ./Drivers/STM32H7xx_HAL_Driver/Src/stm32h7xx_hal_tim_ex.o
                0x080076f4                HAL_TIMEx_CommutCallback
 .text.HAL_TIMEx_BreakCallback
                0x08007708       0x14 ./Drivers/STM32H7xx_HAL_Driver/Src/stm32h7xx_hal_tim_ex.o
                0x08007708                HAL_TIMEx_BreakCallback
 .text.HAL_TIMEx_Break2Callback
                0x0800771c       0x14 ./Drivers/STM32H7xx_HAL_Driver/Src/stm32h7xx_hal_tim_ex.o
                0x0800771c                HAL_TIMEx_Break2Callback
 .text.HAL_UART_Init
                0x08007730       0xa0 ./Drivers/STM32H7xx_HAL_Driver/Src/stm32h7xx_hal_uart.o
                0x08007730                HAL_UART_Init
 .text.HAL_UART_IRQHandler
                0x080077d0      0x7ac ./Drivers/STM32H7xx_HAL_Driver/Src/stm32h7xx_hal_uart.o
                0x080077d0                HAL_UART_IRQHandler
 .text.HAL_UART_TxCpltCallback
                0x08007f7c       0x14 ./Drivers/STM32H7xx_HAL_Driver/Src/stm32h7xx_hal_uart.o
                0x08007f7c                HAL_UART_TxCpltCallback
 .text.HAL_UART_ErrorCallback
                0x08007f90       0x14 ./Drivers/STM32H7xx_HAL_Driver/Src/stm32h7xx_hal_uart.o
                0x08007f90                HAL_UART_ErrorCallback
 .text.HAL_UARTEx_RxEventCallback
                0x08007fa4       0x18 ./Drivers/STM32H7xx_HAL_Driver/Src/stm32h7xx_hal_uart.o
                0x08007fa4                HAL_UARTEx_RxEventCallback
 .text.UART_SetConfig
                0x08007fbc      0xad0 ./Drivers/STM32H7xx_HAL_Driver/Src/stm32h7xx_hal_uart.o
                0x08007fbc                UART_SetConfig
 .text.UART_AdvFeatureConfig
                0x08008a8c      0x144 ./Drivers/STM32H7xx_HAL_Driver/Src/stm32h7xx_hal_uart.o
                0x08008a8c                UART_AdvFeatureConfig
 .text.UART_CheckIdleState
                0x08008bd0      0x154 ./Drivers/STM32H7xx_HAL_Driver/Src/stm32h7xx_hal_uart.o
                0x08008bd0                UART_CheckIdleState
 .text.UART_WaitOnFlagUntilTimeout
                0x08008d24       0xda ./Drivers/STM32H7xx_HAL_Driver/Src/stm32h7xx_hal_uart.o
                0x08008d24                UART_WaitOnFlagUntilTimeout
 *fill*         0x08008dfe        0x2 
 .text.UART_EndRxTransfer
                0x08008e00       0xcc ./Drivers/STM32H7xx_HAL_Driver/Src/stm32h7xx_hal_uart.o
 .text.UART_DMAAbortOnError
                0x08008ecc       0x24 ./Drivers/STM32H7xx_HAL_Driver/Src/stm32h7xx_hal_uart.o
 .text.UART_EndTransmit_IT
                0x08008ef0       0x56 ./Drivers/STM32H7xx_HAL_Driver/Src/stm32h7xx_hal_uart.o
 .text.HAL_UARTEx_WakeupCallback
                0x08008f46       0x14 ./Drivers/STM32H7xx_HAL_Driver/Src/stm32h7xx_hal_uart_ex.o
                0x08008f46                HAL_UARTEx_WakeupCallback
 .text.HAL_UARTEx_RxFifoFullCallback
                0x08008f5a       0x14 ./Drivers/STM32H7xx_HAL_Driver/Src/stm32h7xx_hal_uart_ex.o
                0x08008f5a                HAL_UARTEx_RxFifoFullCallback
 .text.HAL_UARTEx_TxFifoEmptyCallback
                0x08008f6e       0x14 ./Drivers/STM32H7xx_HAL_Driver/Src/stm32h7xx_hal_uart_ex.o
                0x08008f6e                HAL_UARTEx_TxFifoEmptyCallback
 .text.HAL_UARTEx_DisableFifoMode
                0x08008f82       0x72 ./Drivers/STM32H7xx_HAL_Driver/Src/stm32h7xx_hal_uart_ex.o
                0x08008f82                HAL_UARTEx_DisableFifoMode
 .text.HAL_UARTEx_SetTxFifoThreshold
                0x08008ff4       0x7c ./Drivers/STM32H7xx_HAL_Driver/Src/stm32h7xx_hal_uart_ex.o
                0x08008ff4                HAL_UARTEx_SetTxFifoThreshold
 .text.HAL_UARTEx_SetRxFifoThreshold
                0x08009070       0x7c ./Drivers/STM32H7xx_HAL_Driver/Src/stm32h7xx_hal_uart_ex.o
                0x08009070                HAL_UARTEx_SetRxFifoThreshold
 .text.UARTEx_SetNbDataToProcess
                0x080090ec       0x9c ./Drivers/STM32H7xx_HAL_Driver/Src/stm32h7xx_hal_uart_ex.o
 .text.USB_CoreInit
                0x08009188       0xe4 ./Drivers/STM32H7xx_HAL_Driver/Src/stm32h7xx_ll_usb.o
                0x08009188                USB_CoreInit
 .text.USB_SetTurnaroundTime
                0x0800926c      0x144 ./Drivers/STM32H7xx_HAL_Driver/Src/stm32h7xx_ll_usb.o
                0x0800926c                USB_SetTurnaroundTime
 .text.USB_EnableGlobalInt
                0x080093b0       0x22 ./Drivers/STM32H7xx_HAL_Driver/Src/stm32h7xx_ll_usb.o
                0x080093b0                USB_EnableGlobalInt
 .text.USB_DisableGlobalInt
                0x080093d2       0x22 ./Drivers/STM32H7xx_HAL_Driver/Src/stm32h7xx_ll_usb.o
                0x080093d2                USB_DisableGlobalInt
 .text.USB_SetCurrentMode
                0x080093f4       0x98 ./Drivers/STM32H7xx_HAL_Driver/Src/stm32h7xx_ll_usb.o
                0x080093f4                USB_SetCurrentMode
 .text.USB_DevInit
                0x0800948c      0x2bc ./Drivers/STM32H7xx_HAL_Driver/Src/stm32h7xx_ll_usb.o
                0x0800948c                USB_DevInit
 .text.USB_FlushTxFifo
                0x08009748       0x64 ./Drivers/STM32H7xx_HAL_Driver/Src/stm32h7xx_ll_usb.o
                0x08009748                USB_FlushTxFifo
 .text.USB_FlushRxFifo
                0x080097ac       0x5c ./Drivers/STM32H7xx_HAL_Driver/Src/stm32h7xx_ll_usb.o
                0x080097ac                USB_FlushRxFifo
 .text.USB_SetDevSpeed
                0x08009808       0x32 ./Drivers/STM32H7xx_HAL_Driver/Src/stm32h7xx_ll_usb.o
                0x08009808                USB_SetDevSpeed
 .text.USB_GetDevSpeed
                0x0800983a       0x4a ./Drivers/STM32H7xx_HAL_Driver/Src/stm32h7xx_ll_usb.o
                0x0800983a                USB_GetDevSpeed
 .text.USB_ActivateEndpoint
                0x08009884      0x110 ./Drivers/STM32H7xx_HAL_Driver/Src/stm32h7xx_ll_usb.o
                0x08009884                USB_ActivateEndpoint
 .text.USB_DeactivateEndpoint
                0x08009994      0x1b8 ./Drivers/STM32H7xx_HAL_Driver/Src/stm32h7xx_ll_usb.o
                0x08009994                USB_DeactivateEndpoint
 .text.USB_EPStartXfer
                0x08009b4c      0x548 ./Drivers/STM32H7xx_HAL_Driver/Src/stm32h7xx_ll_usb.o
                0x08009b4c                USB_EPStartXfer
 .text.USB_EPStopXfer
                0x0800a094      0x154 ./Drivers/STM32H7xx_HAL_Driver/Src/stm32h7xx_ll_usb.o
                0x0800a094                USB_EPStopXfer
 .text.USB_WritePacket
                0x0800a1e8       0x7c ./Drivers/STM32H7xx_HAL_Driver/Src/stm32h7xx_ll_usb.o
                0x0800a1e8                USB_WritePacket
 .text.USB_ReadPacket
                0x0800a264       0xb0 ./Drivers/STM32H7xx_HAL_Driver/Src/stm32h7xx_ll_usb.o
                0x0800a264                USB_ReadPacket
 .text.USB_EPSetStall
                0x0800a314       0xdc ./Drivers/STM32H7xx_HAL_Driver/Src/stm32h7xx_ll_usb.o
                0x0800a314                USB_EPSetStall
 .text.USB_EPClearStall
                0x0800a3f0       0xcc ./Drivers/STM32H7xx_HAL_Driver/Src/stm32h7xx_ll_usb.o
                0x0800a3f0                USB_EPClearStall
 .text.USB_SetDevAddress
                0x0800a4bc       0x4c ./Drivers/STM32H7xx_HAL_Driver/Src/stm32h7xx_ll_usb.o
                0x0800a4bc                USB_SetDevAddress
 .text.USB_DevConnect
                0x0800a508       0x42 ./Drivers/STM32H7xx_HAL_Driver/Src/stm32h7xx_ll_usb.o
                0x0800a508                USB_DevConnect
 .text.USB_DevDisconnect
                0x0800a54a       0x42 ./Drivers/STM32H7xx_HAL_Driver/Src/stm32h7xx_ll_usb.o
                0x0800a54a                USB_DevDisconnect
 .text.USB_ReadInterrupts
                0x0800a58c       0x26 ./Drivers/STM32H7xx_HAL_Driver/Src/stm32h7xx_ll_usb.o
                0x0800a58c                USB_ReadInterrupts
 .text.USB_ReadDevAllOutEpInterrupt
                0x0800a5b2       0x34 ./Drivers/STM32H7xx_HAL_Driver/Src/stm32h7xx_ll_usb.o
                0x0800a5b2                USB_ReadDevAllOutEpInterrupt
 .text.USB_ReadDevAllInEpInterrupt
                0x0800a5e6       0x34 ./Drivers/STM32H7xx_HAL_Driver/Src/stm32h7xx_ll_usb.o
                0x0800a5e6                USB_ReadDevAllInEpInterrupt
 .text.USB_ReadDevOutEPInterrupt
                0x0800a61a       0x3c ./Drivers/STM32H7xx_HAL_Driver/Src/stm32h7xx_ll_usb.o
                0x0800a61a                USB_ReadDevOutEPInterrupt
 .text.USB_ReadDevInEPInterrupt
                0x0800a656       0x5c ./Drivers/STM32H7xx_HAL_Driver/Src/stm32h7xx_ll_usb.o
                0x0800a656                USB_ReadDevInEPInterrupt
 .text.USB_GetMode
                0x0800a6b2       0x1c ./Drivers/STM32H7xx_HAL_Driver/Src/stm32h7xx_ll_usb.o
                0x0800a6b2                USB_GetMode
 *fill*         0x0800a6ce        0x2 
 .text.USB_ActivateSetup
                0x0800a6d0       0x48 ./Drivers/STM32H7xx_HAL_Driver/Src/stm32h7xx_ll_usb.o
                0x0800a6d0                USB_ActivateSetup
 .text.USB_EP0_OutStart
                0x0800a718       0xbc ./Drivers/STM32H7xx_HAL_Driver/Src/stm32h7xx_ll_usb.o
                0x0800a718                USB_EP0_OutStart
 .text.USB_CoreReset
                0x0800a7d4       0x62 ./Drivers/STM32H7xx_HAL_Driver/Src/stm32h7xx_ll_usb.o
 *fill*         0x0800a836        0x2 
 .text.USBD_MSC_Init
                0x0800a838      0x120 ./Middlewares/ST/STM32_USB_Device_Library/Class/MSC/Src/usbd_msc.o
                0x0800a838                USBD_MSC_Init
 .text.USBD_MSC_DeInit
                0x0800a958       0xb0 ./Middlewares/ST/STM32_USB_Device_Library/Class/MSC/Src/usbd_msc.o
                0x0800a958                USBD_MSC_DeInit
 .text.USBD_MSC_Setup
                0x0800aa08      0x1f8 ./Middlewares/ST/STM32_USB_Device_Library/Class/MSC/Src/usbd_msc.o
                0x0800aa08                USBD_MSC_Setup
 .text.USBD_MSC_DataIn
                0x0800ac00       0x20 ./Middlewares/ST/STM32_USB_Device_Library/Class/MSC/Src/usbd_msc.o
                0x0800ac00                USBD_MSC_DataIn
 .text.USBD_MSC_DataOut
                0x0800ac20       0x20 ./Middlewares/ST/STM32_USB_Device_Library/Class/MSC/Src/usbd_msc.o
                0x0800ac20                USBD_MSC_DataOut
 .text.USBD_MSC_GetHSCfgDesc
                0x0800ac40       0x58 ./Middlewares/ST/STM32_USB_Device_Library/Class/MSC/Src/usbd_msc.o
                0x0800ac40                USBD_MSC_GetHSCfgDesc
 .text.USBD_MSC_GetFSCfgDesc
                0x0800ac98       0x58 ./Middlewares/ST/STM32_USB_Device_Library/Class/MSC/Src/usbd_msc.o
                0x0800ac98                USBD_MSC_GetFSCfgDesc
 .text.USBD_MSC_GetOtherSpeedCfgDesc
                0x0800acf0       0x58 ./Middlewares/ST/STM32_USB_Device_Library/Class/MSC/Src/usbd_msc.o
                0x0800acf0                USBD_MSC_GetOtherSpeedCfgDesc
 .text.USBD_MSC_GetDeviceQualifierDescriptor
                0x0800ad48       0x20 ./Middlewares/ST/STM32_USB_Device_Library/Class/MSC/Src/usbd_msc.o
                0x0800ad48                USBD_MSC_GetDeviceQualifierDescriptor
 .text.USBD_MSC_RegisterStorage
                0x0800ad68       0x34 ./Middlewares/ST/STM32_USB_Device_Library/Class/MSC/Src/usbd_msc.o
                0x0800ad68                USBD_MSC_RegisterStorage
 .text.MSC_BOT_Init
                0x0800ad9c       0xa4 ./Middlewares/ST/STM32_USB_Device_Library/Class/MSC/Src/usbd_msc_bot.o
                0x0800ad9c                MSC_BOT_Init
 .text.MSC_BOT_Reset
                0x0800ae40       0x68 ./Middlewares/ST/STM32_USB_Device_Library/Class/MSC/Src/usbd_msc_bot.o
                0x0800ae40                MSC_BOT_Reset
 .text.MSC_BOT_DeInit
                0x0800aea8       0x30 ./Middlewares/ST/STM32_USB_Device_Library/Class/MSC/Src/usbd_msc_bot.o
                0x0800aea8                MSC_BOT_DeInit
 .text.MSC_BOT_DataIn
                0x0800aed8       0x78 ./Middlewares/ST/STM32_USB_Device_Library/Class/MSC/Src/usbd_msc_bot.o
                0x0800aed8                MSC_BOT_DataIn
 .text.MSC_BOT_DataOut
                0x0800af50       0x6c ./Middlewares/ST/STM32_USB_Device_Library/Class/MSC/Src/usbd_msc_bot.o
                0x0800af50                MSC_BOT_DataOut
 .text.MSC_BOT_CBW_Decode
                0x0800afbc      0x140 ./Middlewares/ST/STM32_USB_Device_Library/Class/MSC/Src/usbd_msc_bot.o
 .text.MSC_BOT_SendData
                0x0800b0fc       0x78 ./Middlewares/ST/STM32_USB_Device_Library/Class/MSC/Src/usbd_msc_bot.o
 .text.MSC_BOT_SendCSW
                0x0800b174       0x80 ./Middlewares/ST/STM32_USB_Device_Library/Class/MSC/Src/usbd_msc_bot.o
                0x0800b174                MSC_BOT_SendCSW
 .text.MSC_BOT_Abort
                0x0800b1f4       0x88 ./Middlewares/ST/STM32_USB_Device_Library/Class/MSC/Src/usbd_msc_bot.o
 .text.MSC_BOT_CplClrFeature
                0x0800b27c       0x74 ./Middlewares/ST/STM32_USB_Device_Library/Class/MSC/Src/usbd_msc_bot.o
                0x0800b27c                MSC_BOT_CplClrFeature
 .text.SCSI_ProcessCmd
                0x0800b2f0      0x304 ./Middlewares/ST/STM32_USB_Device_Library/Class/MSC/Src/usbd_msc_scsi.o
                0x0800b2f0                SCSI_ProcessCmd
 .text.SCSI_TestUnitReady
                0x0800b5f4       0xba ./Middlewares/ST/STM32_USB_Device_Library/Class/MSC/Src/usbd_msc_scsi.o
 *fill*         0x0800b6ae        0x2 
 .text.SCSI_Inquiry
                0x0800b6b0      0x100 ./Middlewares/ST/STM32_USB_Device_Library/Class/MSC/Src/usbd_msc_scsi.o
 .text.SCSI_ReadCapacity10
                0x0800b7b0      0x11e ./Middlewares/ST/STM32_USB_Device_Library/Class/MSC/Src/usbd_msc_scsi.o
 .text.SCSI_ReadCapacity16
                0x0800b8ce      0x18a ./Middlewares/ST/STM32_USB_Device_Library/Class/MSC/Src/usbd_msc_scsi.o
 .text.SCSI_ReadFormatCapacity
                0x0800ba58       0xfa ./Middlewares/ST/STM32_USB_Device_Library/Class/MSC/Src/usbd_msc_scsi.o
 *fill*         0x0800bb52        0x2 
 .text.SCSI_ModeSense6
                0x0800bb54       0x8c ./Middlewares/ST/STM32_USB_Device_Library/Class/MSC/Src/usbd_msc_scsi.o
 .text.SCSI_ModeSense10
                0x0800bbe0       0x8c ./Middlewares/ST/STM32_USB_Device_Library/Class/MSC/Src/usbd_msc_scsi.o
 .text.SCSI_RequestSense
                0x0800bc6c      0x134 ./Middlewares/ST/STM32_USB_Device_Library/Class/MSC/Src/usbd_msc_scsi.o
 .text.SCSI_SenseCode
                0x0800bda0       0xb8 ./Middlewares/ST/STM32_USB_Device_Library/Class/MSC/Src/usbd_msc_scsi.o
                0x0800bda0                SCSI_SenseCode
 .text.SCSI_StartStopUnit
                0x0800be58       0xba ./Middlewares/ST/STM32_USB_Device_Library/Class/MSC/Src/usbd_msc_scsi.o
 .text.SCSI_AllowPreventRemovable
                0x0800bf12       0x62 ./Middlewares/ST/STM32_USB_Device_Library/Class/MSC/Src/usbd_msc_scsi.o
 .text.SCSI_Read10
                0x0800bf74      0x16e ./Middlewares/ST/STM32_USB_Device_Library/Class/MSC/Src/usbd_msc_scsi.o
 .text.SCSI_Read12
                0x0800c0e2      0x182 ./Middlewares/ST/STM32_USB_Device_Library/Class/MSC/Src/usbd_msc_scsi.o
 .text.SCSI_Write10
                0x0800c264      0x1c8 ./Middlewares/ST/STM32_USB_Device_Library/Class/MSC/Src/usbd_msc_scsi.o
 .text.SCSI_Write12
                0x0800c42c      0x1e8 ./Middlewares/ST/STM32_USB_Device_Library/Class/MSC/Src/usbd_msc_scsi.o
 .text.SCSI_Verify10
                0x0800c614       0x7e ./Middlewares/ST/STM32_USB_Device_Library/Class/MSC/Src/usbd_msc_scsi.o
 .text.SCSI_CheckAddressRange
                0x0800c692       0x5a ./Middlewares/ST/STM32_USB_Device_Library/Class/MSC/Src/usbd_msc_scsi.o
 .text.SCSI_ProcessRead
                0x0800c6ec      0x12c ./Middlewares/ST/STM32_USB_Device_Library/Class/MSC/Src/usbd_msc_scsi.o
 .text.SCSI_ProcessWrite
                0x0800c818      0x154 ./Middlewares/ST/STM32_USB_Device_Library/Class/MSC/Src/usbd_msc_scsi.o
 .text.SCSI_UpdateBotData
                0x0800c96c       0x52 ./Middlewares/ST/STM32_USB_Device_Library/Class/MSC/Src/usbd_msc_scsi.o
 .text.USBD_Init
                0x0800c9be       0x60 ./Middlewares/ST/STM32_USB_Device_Library/Core/Src/usbd_core.o
                0x0800c9be                USBD_Init
 .text.USBD_RegisterClass
                0x0800ca1e       0x6c ./Middlewares/ST/STM32_USB_Device_Library/Core/Src/usbd_core.o
                0x0800ca1e                USBD_RegisterClass
 .text.USBD_Start
                0x0800ca8a       0x18 ./Middlewares/ST/STM32_USB_Device_Library/Core/Src/usbd_core.o
                0x0800ca8a                USBD_Start
 .text.USBD_RunTestMode
                0x0800caa2       0x16 ./Middlewares/ST/STM32_USB_Device_Library/Core/Src/usbd_core.o
                0x0800caa2                USBD_RunTestMode
 .text.USBD_SetClassConfig
                0x0800cab8       0x38 ./Middlewares/ST/STM32_USB_Device_Library/Core/Src/usbd_core.o
                0x0800cab8                USBD_SetClassConfig
 .text.USBD_ClrClassConfig
                0x0800caf0       0x34 ./Middlewares/ST/STM32_USB_Device_Library/Core/Src/usbd_core.o
                0x0800caf0                USBD_ClrClassConfig
 .text.USBD_LL_SetupStage
                0x0800cb24       0xaa ./Middlewares/ST/STM32_USB_Device_Library/Core/Src/usbd_core.o
                0x0800cb24                USBD_LL_SetupStage
 .text.USBD_LL_DataOutStage
                0x0800cbce      0x166 ./Middlewares/ST/STM32_USB_Device_Library/Core/Src/usbd_core.o
                0x0800cbce                USBD_LL_DataOutStage
 .text.USBD_LL_DataInStage
                0x0800cd34      0x164 ./Middlewares/ST/STM32_USB_Device_Library/Core/Src/usbd_core.o
                0x0800cd34                USBD_LL_DataInStage
 .text.USBD_LL_Reset
                0x0800ce98       0xa4 ./Middlewares/ST/STM32_USB_Device_Library/Core/Src/usbd_core.o
                0x0800ce98                USBD_LL_Reset
 .text.USBD_LL_SetSpeed
                0x0800cf3c       0x20 ./Middlewares/ST/STM32_USB_Device_Library/Core/Src/usbd_core.o
                0x0800cf3c                USBD_LL_SetSpeed
 .text.USBD_LL_Suspend
                0x0800cf5c       0x38 ./Middlewares/ST/STM32_USB_Device_Library/Core/Src/usbd_core.o
                0x0800cf5c                USBD_LL_Suspend
 .text.USBD_LL_Resume
                0x0800cf94       0x30 ./Middlewares/ST/STM32_USB_Device_Library/Core/Src/usbd_core.o
                0x0800cf94                USBD_LL_Resume
 .text.USBD_LL_SOF
                0x0800cfc4       0x40 ./Middlewares/ST/STM32_USB_Device_Library/Core/Src/usbd_core.o
                0x0800cfc4                USBD_LL_SOF
 .text.USBD_LL_IsoINIncomplete
                0x0800d004       0x64 ./Middlewares/ST/STM32_USB_Device_Library/Core/Src/usbd_core.o
                0x0800d004                USBD_LL_IsoINIncomplete
 .text.USBD_LL_IsoOUTIncomplete
                0x0800d068       0x64 ./Middlewares/ST/STM32_USB_Device_Library/Core/Src/usbd_core.o
                0x0800d068                USBD_LL_IsoOUTIncomplete
 .text.USBD_LL_DevConnected
                0x0800d0cc       0x16 ./Middlewares/ST/STM32_USB_Device_Library/Core/Src/usbd_core.o
                0x0800d0cc                USBD_LL_DevConnected
 .text.USBD_LL_DevDisconnected
                0x0800d0e2       0x46 ./Middlewares/ST/STM32_USB_Device_Library/Core/Src/usbd_core.o
                0x0800d0e2                USBD_LL_DevDisconnected
 .text.USBD_CoreFindIF
                0x0800d128       0x1a ./Middlewares/ST/STM32_USB_Device_Library/Core/Src/usbd_core.o
                0x0800d128                USBD_CoreFindIF
 .text.USBD_CoreFindEP
                0x0800d142       0x1a ./Middlewares/ST/STM32_USB_Device_Library/Core/Src/usbd_core.o
                0x0800d142                USBD_CoreFindEP
 .text.USBD_GetEpDesc
                0x0800d15c       0x70 ./Middlewares/ST/STM32_USB_Device_Library/Core/Src/usbd_core.o
                0x0800d15c                USBD_GetEpDesc
 .text.USBD_GetNextDesc
                0x0800d1cc       0x38 ./Middlewares/ST/STM32_USB_Device_Library/Core/Src/usbd_core.o
                0x0800d1cc                USBD_GetNextDesc
 .text.SWAPBYTE
                0x0800d204       0x3e ./Middlewares/ST/STM32_USB_Device_Library/Core/Src/usbd_ctlreq.o
 *fill*         0x0800d242        0x2 
 .text.USBD_StdDevReq
                0x0800d244       0xe4 ./Middlewares/ST/STM32_USB_Device_Library/Core/Src/usbd_ctlreq.o
                0x0800d244                USBD_StdDevReq
 .text.USBD_StdItfReq
                0x0800d328       0xd8 ./Middlewares/ST/STM32_USB_Device_Library/Core/Src/usbd_ctlreq.o
                0x0800d328                USBD_StdItfReq
 .text.USBD_StdEPReq
                0x0800d400      0x33a ./Middlewares/ST/STM32_USB_Device_Library/Core/Src/usbd_ctlreq.o
                0x0800d400                USBD_StdEPReq
 *fill*         0x0800d73a        0x2 
 .text.USBD_GetDescriptor
                0x0800d73c      0x2d4 ./Middlewares/ST/STM32_USB_Device_Library/Core/Src/usbd_ctlreq.o
 .text.USBD_SetAddress
                0x0800da10       0x88 ./Middlewares/ST/STM32_USB_Device_Library/Core/Src/usbd_ctlreq.o
 .text.USBD_SetConfig
                0x0800da98      0x154 ./Middlewares/ST/STM32_USB_Device_Library/Core/Src/usbd_ctlreq.o
 .text.USBD_GetConfig
                0x0800dbec       0x6c ./Middlewares/ST/STM32_USB_Device_Library/Core/Src/usbd_ctlreq.o
 .text.USBD_GetStatus
                0x0800dc58       0x68 ./Middlewares/ST/STM32_USB_Device_Library/Core/Src/usbd_ctlreq.o
 .text.USBD_SetFeature
                0x0800dcc0       0x52 ./Middlewares/ST/STM32_USB_Device_Library/Core/Src/usbd_ctlreq.o
 .text.USBD_ClrFeature
                0x0800dd12       0x44 ./Middlewares/ST/STM32_USB_Device_Library/Core/Src/usbd_ctlreq.o
 .text.USBD_ParseSetupRequest
                0x0800dd56       0x74 ./Middlewares/ST/STM32_USB_Device_Library/Core/Src/usbd_ctlreq.o
                0x0800dd56                USBD_ParseSetupRequest
 .text.USBD_CtlError
                0x0800ddca       0x22 ./Middlewares/ST/STM32_USB_Device_Library/Core/Src/usbd_ctlreq.o
                0x0800ddca                USBD_CtlError
 .text.USBD_GetString
                0x0800ddec       0xa4 ./Middlewares/ST/STM32_USB_Device_Library/Core/Src/usbd_ctlreq.o
                0x0800ddec                USBD_GetString
 .text.USBD_GetLen
                0x0800de90       0x34 ./Middlewares/ST/STM32_USB_Device_Library/Core/Src/usbd_ctlreq.o
 .text.USBD_CtlSendData
                0x0800dec4       0x36 ./Middlewares/ST/STM32_USB_Device_Library/Core/Src/usbd_ioreq.o
                0x0800dec4                USBD_CtlSendData
 .text.USBD_CtlContinueSendData
                0x0800defa       0x22 ./Middlewares/ST/STM32_USB_Device_Library/Core/Src/usbd_ioreq.o
                0x0800defa                USBD_CtlContinueSendData
 .text.USBD_CtlContinueRx
                0x0800df1c       0x22 ./Middlewares/ST/STM32_USB_Device_Library/Core/Src/usbd_ioreq.o
                0x0800df1c                USBD_CtlContinueRx
 .text.USBD_CtlSendStatus
                0x0800df3e       0x26 ./Middlewares/ST/STM32_USB_Device_Library/Core/Src/usbd_ioreq.o
                0x0800df3e                USBD_CtlSendStatus
 .text.USBD_CtlReceiveStatus
                0x0800df64       0x26 ./Middlewares/ST/STM32_USB_Device_Library/Core/Src/usbd_ioreq.o
                0x0800df64                USBD_CtlReceiveStatus
 *fill*         0x0800df8a        0x2 
 .text.MX_USB_DEVICE_Init
                0x0800df8c       0x64 ./USB_DEVICE/App/usb_device.o
                0x0800df8c                MX_USB_DEVICE_Init
 .text.USBD_FS_DeviceDescriptor
                0x0800dff0       0x24 ./USB_DEVICE/App/usbd_desc.o
                0x0800dff0                USBD_FS_DeviceDescriptor
 .text.USBD_FS_LangIDStrDescriptor
                0x0800e014       0x24 ./USB_DEVICE/App/usbd_desc.o
                0x0800e014                USBD_FS_LangIDStrDescriptor
 .text.USBD_FS_ProductStrDescriptor
                0x0800e038       0x3c ./USB_DEVICE/App/usbd_desc.o
                0x0800e038                USBD_FS_ProductStrDescriptor
 .text.USBD_FS_ManufacturerStrDescriptor
                0x0800e074       0x28 ./USB_DEVICE/App/usbd_desc.o
                0x0800e074                USBD_FS_ManufacturerStrDescriptor
 .text.USBD_FS_SerialStrDescriptor
                0x0800e09c       0x24 ./USB_DEVICE/App/usbd_desc.o
                0x0800e09c                USBD_FS_SerialStrDescriptor
 .text.USBD_FS_ConfigStrDescriptor
                0x0800e0c0       0x3c ./USB_DEVICE/App/usbd_desc.o
                0x0800e0c0                USBD_FS_ConfigStrDescriptor
 .text.USBD_FS_InterfaceStrDescriptor
                0x0800e0fc       0x3c ./USB_DEVICE/App/usbd_desc.o
                0x0800e0fc                USBD_FS_InterfaceStrDescriptor
 .text.Get_SerialNum
                0x0800e138       0x58 ./USB_DEVICE/App/usbd_desc.o
 .text.IntToUnicode
                0x0800e190       0x7e ./USB_DEVICE/App/usbd_desc.o
 .text.STORAGE_Init_FS
                0x0800e20e       0x18 ./USB_DEVICE/App/usbd_storage_if.o
 .text.STORAGE_GetCapacity_FS
                0x0800e226       0x2c ./USB_DEVICE/App/usbd_storage_if.o
 .text.STORAGE_IsReady_FS
                0x0800e252       0x18 ./USB_DEVICE/App/usbd_storage_if.o
 .text.STORAGE_IsWriteProtected_FS
                0x0800e26a       0x18 ./USB_DEVICE/App/usbd_storage_if.o
 *fill*         0x0800e282        0x2 
 .text.STORAGE_Read_FS
                0x0800e284       0x70 ./USB_DEVICE/App/usbd_storage_if.o
 .text.STORAGE_Write_FS
                0x0800e2f4       0x5c ./USB_DEVICE/App/usbd_storage_if.o
 .text.STORAGE_GetMaxLun_FS
                0x0800e350       0x10 ./USB_DEVICE/App/usbd_storage_if.o
 .text.HAL_PCD_MspInit
                0x0800e360      0x104 ./USB_DEVICE/Target/usbd_conf.o
                0x0800e360                HAL_PCD_MspInit
 .text.HAL_PCD_SetupStageCallback
                0x0800e464       0x24 ./USB_DEVICE/Target/usbd_conf.o
                0x0800e464                HAL_PCD_SetupStageCallback
 .text.HAL_PCD_DataOutStageCallback
                0x0800e488       0x36 ./USB_DEVICE/Target/usbd_conf.o
                0x0800e488                HAL_PCD_DataOutStageCallback
 .text.HAL_PCD_DataInStageCallback
                0x0800e4be       0x34 ./USB_DEVICE/Target/usbd_conf.o
                0x0800e4be                HAL_PCD_DataInStageCallback
 .text.HAL_PCD_SOFCallback
                0x0800e4f2       0x1c ./USB_DEVICE/Target/usbd_conf.o
                0x0800e4f2                HAL_PCD_SOFCallback
 .text.HAL_PCD_ResetCallback
                0x0800e50e       0x50 ./USB_DEVICE/Target/usbd_conf.o
                0x0800e50e                HAL_PCD_ResetCallback
 *fill*         0x0800e55e        0x2 
 .text.HAL_PCD_SuspendCallback
                0x0800e560       0x4c ./USB_DEVICE/Target/usbd_conf.o
                0x0800e560                HAL_PCD_SuspendCallback
 .text.HAL_PCD_ResumeCallback
                0x0800e5ac       0x1c ./USB_DEVICE/Target/usbd_conf.o
                0x0800e5ac                HAL_PCD_ResumeCallback
 .text.HAL_PCD_ISOOUTIncompleteCallback
                0x0800e5c8       0x24 ./USB_DEVICE/Target/usbd_conf.o
                0x0800e5c8                HAL_PCD_ISOOUTIncompleteCallback
 .text.HAL_PCD_ISOINIncompleteCallback
                0x0800e5ec       0x24 ./USB_DEVICE/Target/usbd_conf.o
                0x0800e5ec                HAL_PCD_ISOINIncompleteCallback
 .text.HAL_PCD_ConnectCallback
                0x0800e610       0x1c ./USB_DEVICE/Target/usbd_conf.o
                0x0800e610                HAL_PCD_ConnectCallback
 .text.HAL_PCD_DisconnectCallback
                0x0800e62c       0x1c ./USB_DEVICE/Target/usbd_conf.o
                0x0800e62c                HAL_PCD_DisconnectCallback
 .text.USBD_LL_Init
                0x0800e648       0xa0 ./USB_DEVICE/Target/usbd_conf.o
                0x0800e648                USBD_LL_Init
 .text.USBD_LL_Start
                0x0800e6e8       0x36 ./USB_DEVICE/Target/usbd_conf.o
                0x0800e6e8                USBD_LL_Start
 .text.USBD_LL_OpenEP
                0x0800e71e       0x4c ./USB_DEVICE/Target/usbd_conf.o
                0x0800e71e                USBD_LL_OpenEP
 .text.USBD_LL_CloseEP
                0x0800e76a       0x3e ./USB_DEVICE/Target/usbd_conf.o
                0x0800e76a                USBD_LL_CloseEP
 .text.USBD_LL_FlushEP
                0x0800e7a8       0x3e ./USB_DEVICE/Target/usbd_conf.o
                0x0800e7a8                USBD_LL_FlushEP
 .text.USBD_LL_StallEP
                0x0800e7e6       0x3e ./USB_DEVICE/Target/usbd_conf.o
                0x0800e7e6                USBD_LL_StallEP
 .text.USBD_LL_ClearStallEP
                0x0800e824       0x3e ./USB_DEVICE/Target/usbd_conf.o
                0x0800e824                USBD_LL_ClearStallEP
 .text.USBD_LL_IsStallEP
                0x0800e862       0x58 ./USB_DEVICE/Target/usbd_conf.o
                0x0800e862                USBD_LL_IsStallEP
 .text.USBD_LL_SetUSBAddress
                0x0800e8ba       0x3e ./USB_DEVICE/Target/usbd_conf.o
                0x0800e8ba                USBD_LL_SetUSBAddress
 .text.USBD_LL_Transmit
                0x0800e8f8       0x42 ./USB_DEVICE/Target/usbd_conf.o
                0x0800e8f8                USBD_LL_Transmit
 .text.USBD_LL_PrepareReceive
                0x0800e93a       0x42 ./USB_DEVICE/Target/usbd_conf.o
                0x0800e93a                USBD_LL_PrepareReceive
 .text.USBD_LL_GetRxDataSize
                0x0800e97c       0x26 ./USB_DEVICE/Target/usbd_conf.o
                0x0800e97c                USBD_LL_GetRxDataSize
 *fill*         0x0800e9a2        0x2 
 .text.USBD_static_malloc
                0x0800e9a4       0x1c ./USB_DEVICE/Target/usbd_conf.o
                0x0800e9a4                USBD_static_malloc
 .text.USBD_static_free
                0x0800e9c0       0x14 ./USB_DEVICE/Target/usbd_conf.o
                0x0800e9c0                USBD_static_free
 .text.USBD_Get_USB_Status
                0x0800e9d4       0x58 ./USB_DEVICE/Target/usbd_conf.o
                0x0800e9d4                USBD_Get_USB_Status
 .text.memset   0x0800ea2c       0x10 C:/ST/STM32CubeIDE_1.18.1/STM32CubeIDE/plugins/com.st.stm32cube.ide.mcu.externaltools.gnu-tools-for-stm32.13.3.rel1.win32_1.0.0.202411081344/tools/bin/../lib/gcc/arm-none-eabi/13.3.1/../../../../arm-none-eabi/lib/thumb/v7e-m+dp/hard\libc_nano.a(libc_a-memset.o)
                0x0800ea2c                memset
 .text.__libc_init_array
                0x0800ea3c       0x48 C:/ST/STM32CubeIDE_1.18.1/STM32CubeIDE/plugins/com.st.stm32cube.ide.mcu.externaltools.gnu-tools-for-stm32.13.3.rel1.win32_1.0.0.202411081344/tools/bin/../lib/gcc/arm-none-eabi/13.3.1/../../../../arm-none-eabi/lib/thumb/v7e-m+dp/hard\libc_nano.a(libc_a-init.o)
                0x0800ea3c                __libc_init_array
 .text.memcpy   0x0800ea84       0x1c C:/ST/STM32CubeIDE_1.18.1/STM32CubeIDE/plugins/com.st.stm32cube.ide.mcu.externaltools.gnu-tools-for-stm32.13.3.rel1.win32_1.0.0.202411081344/tools/bin/../lib/gcc/arm-none-eabi/13.3.1/../../../../arm-none-eabi/lib/thumb/v7e-m+dp/hard\libc_nano.a(libc_a-memcpy-stub.o)
                0x0800ea84                memcpy
 *(.glue_7)
 .glue_7        0x0800eaa0        0x0 linker stubs
 *(.glue_7t)
 .glue_7t       0x0800eaa0        0x0 linker stubs
 *(.eh_frame)
 .eh_frame      0x0800eaa0        0x0 C:/ST/STM32CubeIDE_1.18.1/STM32CubeIDE/plugins/com.st.stm32cube.ide.mcu.externaltools.gnu-tools-for-stm32.13.3.rel1.win32_1.0.0.202411081344/tools/bin/../lib/gcc/arm-none-eabi/13.3.1/thumb/v7e-m+dp/hard/crtbegin.o
 *(.init)
 .init          0x0800eaa0        0x4 C:/ST/STM32CubeIDE_1.18.1/STM32CubeIDE/plugins/com.st.stm32cube.ide.mcu.externaltools.gnu-tools-for-stm32.13.3.rel1.win32_1.0.0.202411081344/tools/bin/../lib/gcc/arm-none-eabi/13.3.1/thumb/v7e-m+dp/hard/crti.o
                0x0800eaa0                _init
 .init          0x0800eaa4        0x8 C:/ST/STM32CubeIDE_1.18.1/STM32CubeIDE/plugins/com.st.stm32cube.ide.mcu.externaltools.gnu-tools-for-stm32.13.3.rel1.win32_1.0.0.202411081344/tools/bin/../lib/gcc/arm-none-eabi/13.3.1/thumb/v7e-m+dp/hard/crtn.o
 *(.fini)
 .fini          0x0800eaac        0x4 C:/ST/STM32CubeIDE_1.18.1/STM32CubeIDE/plugins/com.st.stm32cube.ide.mcu.externaltools.gnu-tools-for-stm32.13.3.rel1.win32_1.0.0.202411081344/tools/bin/../lib/gcc/arm-none-eabi/13.3.1/thumb/v7e-m+dp/hard/crti.o
                0x0800eaac                _fini
 .fini          0x0800eab0        0x8 C:/ST/STM32CubeIDE_1.18.1/STM32CubeIDE/plugins/com.st.stm32cube.ide.mcu.externaltools.gnu-tools-for-stm32.13.3.rel1.win32_1.0.0.202411081344/tools/bin/../lib/gcc/arm-none-eabi/13.3.1/thumb/v7e-m+dp/hard/crtn.o
                0x0800eab8                        . = ALIGN (0x4)
                0x0800eab8                        _etext = .

.vfp11_veneer   0x0800eab8        0x0
 .vfp11_veneer  0x0800eab8        0x0 linker stubs

.v4_bx          0x0800eab8        0x0
 .v4_bx         0x0800eab8        0x0 linker stubs

.iplt           0x0800eab8        0x0
 .iplt          0x0800eab8        0x0 C:/ST/STM32CubeIDE_1.18.1/STM32CubeIDE/plugins/com.st.stm32cube.ide.mcu.externaltools.gnu-tools-for-stm32.13.3.rel1.win32_1.0.0.202411081344/tools/bin/../lib/gcc/arm-none-eabi/13.3.1/thumb/v7e-m+dp/hard/crtbegin.o

.rodata         0x0800eab8       0xa0
                0x0800eab8                        . = ALIGN (0x4)
 *(.rodata)
 .rodata        0x0800eab8       0x42 ./USB_DEVICE/App/usbd_desc.o
 *(.rodata*)
 *fill*         0x0800eafa        0x2 
 .rodata.D1CorePrescTable
                0x0800eafc       0x10 ./Core/Src/system_stm32h7xx.o
                0x0800eafc                D1CorePrescTable
 .rodata.UARTPrescTable
                0x0800eb0c       0x18 ./Drivers/STM32H7xx_HAL_Driver/Src/stm32h7xx_hal_uart.o
                0x0800eb0c                UARTPrescTable
 .rodata.numerator.1
                0x0800eb24        0x8 ./Drivers/STM32H7xx_HAL_Driver/Src/stm32h7xx_hal_uart_ex.o
 .rodata.denominator.0
                0x0800eb2c        0x8 ./Drivers/STM32H7xx_HAL_Driver/Src/stm32h7xx_hal_uart_ex.o
 .rodata.STORAGE_Inquirydata_FS
                0x0800eb34       0x24 ./USB_DEVICE/App/usbd_storage_if.o
                0x0800eb34                STORAGE_Inquirydata_FS
                0x0800eb58                        . = ALIGN (0x4)

.ARM.extab
 *(.ARM.extab* .gnu.linkonce.armextab.*)

.ARM            0x0800eb58        0x8
                0x0800eb58                        __exidx_start = .
 *(.ARM.exidx*)
 .ARM.exidx     0x0800eb58        0x8 C:/ST/STM32CubeIDE_1.18.1/STM32CubeIDE/plugins/com.st.stm32cube.ide.mcu.externaltools.gnu-tools-for-stm32.13.3.rel1.win32_1.0.0.202411081344/tools/bin/../lib/gcc/arm-none-eabi/13.3.1/thumb/v7e-m+dp/hard\libgcc.a(_udivmoddi4.o)
                0x0800eb60                        __exidx_end = .

.preinit_array  0x0800eb60        0x0
                0x0800eb60                        PROVIDE (__preinit_array_start = .)
 *(.preinit_array*)
                0x0800eb60                        PROVIDE (__preinit_array_end = .)

.init_array     0x0800eb60        0x4
                0x0800eb60                        PROVIDE (__init_array_start = .)
 *(SORT_BY_NAME(.init_array.*))
 *(.init_array*)
 .init_array    0x0800eb60        0x4 C:/ST/STM32CubeIDE_1.18.1/STM32CubeIDE/plugins/com.st.stm32cube.ide.mcu.externaltools.gnu-tools-for-stm32.13.3.rel1.win32_1.0.0.202411081344/tools/bin/../lib/gcc/arm-none-eabi/13.3.1/thumb/v7e-m+dp/hard/crtbegin.o
                0x0800eb64                        PROVIDE (__init_array_end = .)

.fini_array     0x0800eb64        0x4
                [!provide]                        PROVIDE (__fini_array_start = .)
 *(SORT_BY_NAME(.fini_array.*))
 *(.fini_array*)
 .fini_array    0x0800eb64        0x4 C:/ST/STM32CubeIDE_1.18.1/STM32CubeIDE/plugins/com.st.stm32cube.ide.mcu.externaltools.gnu-tools-for-stm32.13.3.rel1.win32_1.0.0.202411081344/tools/bin/../lib/gcc/arm-none-eabi/13.3.1/thumb/v7e-m+dp/hard/crtbegin.o
                [!provide]                        PROVIDE (__fini_array_end = .)
                0x0800eb68                        _sidata = LOADADDR (.data)

.rel.dyn        0x0800eb68        0x0
 .rel.iplt      0x0800eb68        0x0 C:/ST/STM32CubeIDE_1.18.1/STM32CubeIDE/plugins/com.st.stm32cube.ide.mcu.externaltools.gnu-tools-for-stm32.13.3.rel1.win32_1.0.0.202411081344/tools/bin/../lib/gcc/arm-none-eabi/13.3.1/thumb/v7e-m+dp/hard/crtbegin.o

.data           0x24000000      0x100 load address 0x0800eb68
                0x24000000                        . = ALIGN (0x4)
                0x24000000                        _sdata = .
 *(.data)
 *(.data*)
 .data.SystemCoreClock
                0x24000000        0x4 ./Core/Src/system_stm32h7xx.o
                0x24000000                SystemCoreClock
 .data.SystemD2Clock
                0x24000004        0x4 ./Core/Src/system_stm32h7xx.o
                0x24000004                SystemD2Clock
 .data.uwTickPrio
                0x24000008        0x4 ./Drivers/STM32H7xx_HAL_Driver/Src/stm32h7xx_hal.o
                0x24000008                uwTickPrio
 .data.uwTickFreq
                0x2400000c        0x1 ./Drivers/STM32H7xx_HAL_Driver/Src/stm32h7xx_hal.o
                0x2400000c                uwTickFreq
 *fill*         0x2400000d        0x3 
 .data.USBD_MSC
                0x24000010       0x38 ./Middlewares/ST/STM32_USB_Device_Library/Class/MSC/Src/usbd_msc.o
                0x24000010                USBD_MSC
 .data.USBD_MSC_CfgDesc
                0x24000048       0x20 ./Middlewares/ST/STM32_USB_Device_Library/Class/MSC/Src/usbd_msc.o
 .data.USBD_MSC_DeviceQualifierDesc
                0x24000068        0xa ./Middlewares/ST/STM32_USB_Device_Library/Class/MSC/Src/usbd_msc.o
 .data.MSCInEpAdd
                0x24000072        0x1 ./Middlewares/ST/STM32_USB_Device_Library/Class/MSC/Src/usbd_msc.o
                0x24000072                MSCInEpAdd
 .data.MSCOutEpAdd
                0x24000073        0x1 ./Middlewares/ST/STM32_USB_Device_Library/Class/MSC/Src/usbd_msc.o
                0x24000073                MSCOutEpAdd
 .data.MSC_Page00_Inquiry_Data
                0x24000074        0x6 ./Middlewares/ST/STM32_USB_Device_Library/Class/MSC/Src/usbd_msc_data.o
                0x24000074                MSC_Page00_Inquiry_Data
 *fill*         0x2400007a        0x2 
 .data.MSC_Page80_Inquiry_Data
                0x2400007c        0x8 ./Middlewares/ST/STM32_USB_Device_Library/Class/MSC/Src/usbd_msc_data.o
                0x2400007c                MSC_Page80_Inquiry_Data
 .data.MSC_Mode_Sense6_data
                0x24000084        0x4 ./Middlewares/ST/STM32_USB_Device_Library/Class/MSC/Src/usbd_msc_data.o
                0x24000084                MSC_Mode_Sense6_data
 .data.MSC_Mode_Sense10_data
                0x24000088        0x8 ./Middlewares/ST/STM32_USB_Device_Library/Class/MSC/Src/usbd_msc_data.o
                0x24000088                MSC_Mode_Sense10_data
 .data.FS_Desc  0x24000090       0x1c ./USB_DEVICE/App/usbd_desc.o
                0x24000090                FS_Desc
 .data.USBD_FS_DeviceDesc
                0x240000ac       0x12 ./USB_DEVICE/App/usbd_desc.o
                0x240000ac                USBD_FS_DeviceDesc
 *fill*         0x240000be        0x2 
 .data.USBD_LangIDDesc
                0x240000c0        0x4 ./USB_DEVICE/App/usbd_desc.o
                0x240000c0                USBD_LangIDDesc
 .data.USBD_StringSerial
                0x240000c4       0x1a ./USB_DEVICE/App/usbd_desc.o
                0x240000c4                USBD_StringSerial
 *fill*         0x240000de        0x2 
 .data.USBD_Storage_Interface_fops_FS
                0x240000e0       0x20 ./USB_DEVICE/App/usbd_storage_if.o
                0x240000e0                USBD_Storage_Interface_fops_FS
 *(.RamFunc)
 *(.RamFunc*)
                0x24000100                        . = ALIGN (0x4)
                0x24000100                        _edata = .

.igot.plt       0x24000100        0x0 load address 0x0800ec68
 .igot.plt      0x24000100        0x0 C:/ST/STM32CubeIDE_1.18.1/STM32CubeIDE/plugins/com.st.stm32cube.ide.mcu.externaltools.gnu-tools-for-stm32.13.3.rel1.win32_1.0.0.202411081344/tools/bin/../lib/gcc/arm-none-eabi/13.3.1/thumb/v7e-m+dp/hard/crtbegin.o
                0x24000100                        . = ALIGN (0x4)

.bss            0x24000100    0x24b90 load address 0x0800ec68
                0x24000100                        _sbss = .
                0x24000100                        __bss_start__ = _sbss
 *(.bss)
 .bss           0x24000100       0x1c C:/ST/STM32CubeIDE_1.18.1/STM32CubeIDE/plugins/com.st.stm32cube.ide.mcu.externaltools.gnu-tools-for-stm32.13.3.rel1.win32_1.0.0.202411081344/tools/bin/../lib/gcc/arm-none-eabi/13.3.1/thumb/v7e-m+dp/hard/crtbegin.o
 *(.bss*)
 .bss._flags    0x2400011c        0x8 ./Core/Src/main.o
                0x2400011c                _flags
 .bss.hqspi     0x24000124       0x4c ./Core/Src/main.o
                0x24000124                hqspi
 .bss.htim7     0x24000170       0x4c ./Core/Src/main.o
                0x24000170                htim7
 .bss.huart1    0x240001bc       0x94 ./Core/Src/main.o
                0x240001bc                huart1
 .bss.uwTick    0x24000250        0x4 ./Drivers/STM32H7xx_HAL_Driver/Src/stm32h7xx_hal.o
                0x24000250                uwTick
 .bss.cfgidx.0  0x24000254        0x1 ./Middlewares/ST/STM32_USB_Device_Library/Core/Src/usbd_ctlreq.o
 *fill*         0x24000255        0x3 
 .bss.hUsbDeviceFS
                0x24000258      0x2dc ./USB_DEVICE/App/usb_device.o
                0x24000258                hUsbDeviceFS
 .bss.USBD_StrDesc
                0x24000534      0x200 ./USB_DEVICE/App/usbd_desc.o
                0x24000534                USBD_StrDesc
 .bss.check_    0x24000734     0x3000 ./USB_DEVICE/App/usbd_storage_if.o
                0x24000734                check_
 .bss.arr       0x24003734    0x20000 ./USB_DEVICE/App/usbd_storage_if.o
                0x24003734                arr
 .bss.hpcd_USB_OTG_FS
                0x24023734      0x4e4 ./USB_DEVICE/Target/usbd_conf.o
                0x24023734                hpcd_USB_OTG_FS
 .bss.mem.0     0x24023c18     0x1078 ./USB_DEVICE/Target/usbd_conf.o
 *(COMMON)
                0x24024c90                        . = ALIGN (0x4)
                0x24024c90                        _ebss = .
                0x24024c90                        __bss_end__ = _ebss

._user_heap_stack
                0x24024c90     0xc000 load address 0x0800ec68
                0x24024c90                        . = ALIGN (0x8)
                [!provide]                        PROVIDE (end = .)
                0x24024c90                        PROVIDE (_end = .)
                0x24028c90                        . = (. + _Min_Heap_Size)
 *fill*         0x24024c90     0x4000 
                0x24030c90                        . = (. + _Min_Stack_Size)
 *fill*         0x24028c90     0x8000 
                0x24030c90                        . = ALIGN (0x8)

/DISCARD/
 libc.a(*)
 libm.a(*)
 libgcc.a(*)

.ARM.attributes
                0x00000000       0x2e
 *(.ARM.attributes)
 .ARM.attributes
                0x00000000       0x20 C:/ST/STM32CubeIDE_1.18.1/STM32CubeIDE/plugins/com.st.stm32cube.ide.mcu.externaltools.gnu-tools-for-stm32.13.3.rel1.win32_1.0.0.202411081344/tools/bin/../lib/gcc/arm-none-eabi/13.3.1/thumb/v7e-m+dp/hard/crti.o
 .ARM.attributes
                0x00000020       0x32 C:/ST/STM32CubeIDE_1.18.1/STM32CubeIDE/plugins/com.st.stm32cube.ide.mcu.externaltools.gnu-tools-for-stm32.13.3.rel1.win32_1.0.0.202411081344/tools/bin/../lib/gcc/arm-none-eabi/13.3.1/thumb/v7e-m+dp/hard/crtbegin.o
 .ARM.attributes
                0x00000052       0x32 ./Core/Src/main.o
 .ARM.attributes
                0x00000084       0x32 ./Core/Src/quadspi.o
 .ARM.attributes
                0x000000b6       0x32 ./Core/Src/stm32h7xx_hal_msp.o
 .ARM.attributes
                0x000000e8       0x32 ./Core/Src/stm32h7xx_it.o
 .ARM.attributes
                0x0000011a       0x32 ./Core/Src/system_stm32h7xx.o
 .ARM.attributes
                0x0000014c       0x21 ./Core/Startup/startup_stm32h743vitx.o
 .ARM.attributes
                0x0000016d       0x32 ./Drivers/STM32H7xx_HAL_Driver/Src/stm32h7xx_hal.o
 .ARM.attributes
                0x0000019f       0x32 ./Drivers/STM32H7xx_HAL_Driver/Src/stm32h7xx_hal_cortex.o
 .ARM.attributes
                0x000001d1       0x32 ./Drivers/STM32H7xx_HAL_Driver/Src/stm32h7xx_hal_dma.o
 .ARM.attributes
                0x00000203       0x32 ./Drivers/STM32H7xx_HAL_Driver/Src/stm32h7xx_hal_gpio.o
 .ARM.attributes
                0x00000235       0x32 ./Drivers/STM32H7xx_HAL_Driver/Src/stm32h7xx_hal_pcd.o
 .ARM.attributes
                0x00000267       0x32 ./Drivers/STM32H7xx_HAL_Driver/Src/stm32h7xx_hal_pcd_ex.o
 .ARM.attributes
                0x00000299       0x32 ./Drivers/STM32H7xx_HAL_Driver/Src/stm32h7xx_hal_pwr_ex.o
 .ARM.attributes
                0x000002cb       0x32 ./Drivers/STM32H7xx_HAL_Driver/Src/stm32h7xx_hal_qspi.o
 .ARM.attributes
                0x000002fd       0x32 ./Drivers/STM32H7xx_HAL_Driver/Src/stm32h7xx_hal_rcc.o
 .ARM.attributes
                0x0000032f       0x32 ./Drivers/STM32H7xx_HAL_Driver/Src/stm32h7xx_hal_rcc_ex.o
 .ARM.attributes
                0x00000361       0x32 ./Drivers/STM32H7xx_HAL_Driver/Src/stm32h7xx_hal_tim.o
 .ARM.attributes
                0x00000393       0x32 ./Drivers/STM32H7xx_HAL_Driver/Src/stm32h7xx_hal_tim_ex.o
 .ARM.attributes
                0x000003c5       0x32 ./Drivers/STM32H7xx_HAL_Driver/Src/stm32h7xx_hal_uart.o
 .ARM.attributes
                0x000003f7       0x32 ./Drivers/STM32H7xx_HAL_Driver/Src/stm32h7xx_hal_uart_ex.o
 .ARM.attributes
                0x00000429       0x32 ./Drivers/STM32H7xx_HAL_Driver/Src/stm32h7xx_ll_usb.o
 .ARM.attributes
                0x0000045b       0x32 ./Middlewares/ST/STM32_USB_Device_Library/Class/MSC/Src/usbd_msc.o
 .ARM.attributes
                0x0000048d       0x32 ./Middlewares/ST/STM32_USB_Device_Library/Class/MSC/Src/usbd_msc_bot.o
 .ARM.attributes
                0x000004bf       0x32 ./Middlewares/ST/STM32_USB_Device_Library/Class/MSC/Src/usbd_msc_data.o
 .ARM.attributes
                0x000004f1       0x32 ./Middlewares/ST/STM32_USB_Device_Library/Class/MSC/Src/usbd_msc_scsi.o
 .ARM.attributes
                0x00000523       0x32 ./Middlewares/ST/STM32_USB_Device_Library/Core/Src/usbd_core.o
 .ARM.attributes
                0x00000555       0x32 ./Middlewares/ST/STM32_USB_Device_Library/Core/Src/usbd_ctlreq.o
 .ARM.attributes
                0x00000587       0x32 ./Middlewares/ST/STM32_USB_Device_Library/Core/Src/usbd_ioreq.o
 .ARM.attributes
                0x000005b9       0x32 ./USB_DEVICE/App/usb_device.o
 .ARM.attributes
                0x000005eb       0x32 ./USB_DEVICE/App/usbd_desc.o
 .ARM.attributes
                0x0000061d       0x32 ./USB_DEVICE/App/usbd_storage_if.o
 .ARM.attributes
                0x0000064f       0x32 ./USB_DEVICE/Target/usbd_conf.o
 .ARM.attributes
                0x00000681       0x32 C:/ST/STM32CubeIDE_1.18.1/STM32CubeIDE/plugins/com.st.stm32cube.ide.mcu.externaltools.gnu-tools-for-stm32.13.3.rel1.win32_1.0.0.202411081344/tools/bin/../lib/gcc/arm-none-eabi/13.3.1/../../../../arm-none-eabi/lib/thumb/v7e-m+dp/hard\libc_nano.a(libc_a-memset.o)
 .ARM.attributes
                0x000006b3       0x32 C:/ST/STM32CubeIDE_1.18.1/STM32CubeIDE/plugins/com.st.stm32cube.ide.mcu.externaltools.gnu-tools-for-stm32.13.3.rel1.win32_1.0.0.202411081344/tools/bin/../lib/gcc/arm-none-eabi/13.3.1/../../../../arm-none-eabi/lib/thumb/v7e-m+dp/hard\libc_nano.a(libc_a-init.o)
 .ARM.attributes
                0x000006e5       0x32 C:/ST/STM32CubeIDE_1.18.1/STM32CubeIDE/plugins/com.st.stm32cube.ide.mcu.externaltools.gnu-tools-for-stm32.13.3.rel1.win32_1.0.0.202411081344/tools/bin/../lib/gcc/arm-none-eabi/13.3.1/../../../../arm-none-eabi/lib/thumb/v7e-m+dp/hard\libc_nano.a(libc_a-memcpy-stub.o)
 .ARM.attributes
                0x00000717       0x20 C:/ST/STM32CubeIDE_1.18.1/STM32CubeIDE/plugins/com.st.stm32cube.ide.mcu.externaltools.gnu-tools-for-stm32.13.3.rel1.win32_1.0.0.202411081344/tools/bin/../lib/gcc/arm-none-eabi/13.3.1/thumb/v7e-m+dp/hard\libgcc.a(_aeabi_uldivmod.o)
 .ARM.attributes
                0x00000737       0x32 C:/ST/STM32CubeIDE_1.18.1/STM32CubeIDE/plugins/com.st.stm32cube.ide.mcu.externaltools.gnu-tools-for-stm32.13.3.rel1.win32_1.0.0.202411081344/tools/bin/../lib/gcc/arm-none-eabi/13.3.1/thumb/v7e-m+dp/hard\libgcc.a(_udivmoddi4.o)
 .ARM.attributes
                0x00000769       0x20 C:/ST/STM32CubeIDE_1.18.1/STM32CubeIDE/plugins/com.st.stm32cube.ide.mcu.externaltools.gnu-tools-for-stm32.13.3.rel1.win32_1.0.0.202411081344/tools/bin/../lib/gcc/arm-none-eabi/13.3.1/thumb/v7e-m+dp/hard\libgcc.a(_dvmd_tls.o)
 .ARM.attributes
                0x00000789       0x20 C:/ST/STM32CubeIDE_1.18.1/STM32CubeIDE/plugins/com.st.stm32cube.ide.mcu.externaltools.gnu-tools-for-stm32.13.3.rel1.win32_1.0.0.202411081344/tools/bin/../lib/gcc/arm-none-eabi/13.3.1/thumb/v7e-m+dp/hard/crtn.o
OUTPUT(QSPI_TEST.elf elf32-littlearm)
LOAD linker stubs
LOAD C:/ST/STM32CubeIDE_1.18.1/STM32CubeIDE/plugins/com.st.stm32cube.ide.mcu.externaltools.gnu-tools-for-stm32.13.3.rel1.win32_1.0.0.202411081344/tools/bin/../lib/gcc/arm-none-eabi/13.3.1/../../../../arm-none-eabi/lib/thumb/v7e-m+dp/hard\libc.a
LOAD C:/ST/STM32CubeIDE_1.18.1/STM32CubeIDE/plugins/com.st.stm32cube.ide.mcu.externaltools.gnu-tools-for-stm32.13.3.rel1.win32_1.0.0.202411081344/tools/bin/../lib/gcc/arm-none-eabi/13.3.1/../../../../arm-none-eabi/lib/thumb/v7e-m+dp/hard\libm.a
LOAD C:/ST/STM32CubeIDE_1.18.1/STM32CubeIDE/plugins/com.st.stm32cube.ide.mcu.externaltools.gnu-tools-for-stm32.13.3.rel1.win32_1.0.0.202411081344/tools/bin/../lib/gcc/arm-none-eabi/13.3.1/thumb/v7e-m+dp/hard\libgcc.a

.debug_info     0x00000000    0x24eef
 .debug_info    0x00000000     0x227e ./Core/Src/main.o
 .debug_info    0x0000227e     0x11ed ./Core/Src/quadspi.o
 .debug_info    0x0000346b     0x1f00 ./Core/Src/stm32h7xx_hal_msp.o
 .debug_info    0x0000536b     0x112b ./Core/Src/stm32h7xx_it.o
 .debug_info    0x00006496      0xdb2 ./Core/Src/system_stm32h7xx.o
 .debug_info    0x00007248       0x30 ./Core/Startup/startup_stm32h743vitx.o
 .debug_info    0x00007278     0x153b ./Drivers/STM32H7xx_HAL_Driver/Src/stm32h7xx_hal.o
 .debug_info    0x000087b3     0x10b1 ./Drivers/STM32H7xx_HAL_Driver/Src/stm32h7xx_hal_cortex.o
 .debug_info    0x00009864      0xc31 ./Drivers/STM32H7xx_HAL_Driver/Src/stm32h7xx_hal_dma.o
 .debug_info    0x0000a495      0xc5a ./Drivers/STM32H7xx_HAL_Driver/Src/stm32h7xx_hal_gpio.o
 .debug_info    0x0000b0ef     0x1561 ./Drivers/STM32H7xx_HAL_Driver/Src/stm32h7xx_hal_pcd.o
 .debug_info    0x0000c650      0x8b3 ./Drivers/STM32H7xx_HAL_Driver/Src/stm32h7xx_hal_pcd_ex.o
 .debug_info    0x0000cf03     0x1012 ./Drivers/STM32H7xx_HAL_Driver/Src/stm32h7xx_hal_pwr_ex.o
 .debug_info    0x0000df15     0x12b8 ./Drivers/STM32H7xx_HAL_Driver/Src/stm32h7xx_hal_qspi.o
 .debug_info    0x0000f1cd      0xe6a ./Drivers/STM32H7xx_HAL_Driver/Src/stm32h7xx_hal_rcc.o
 .debug_info    0x00010037     0x1225 ./Drivers/STM32H7xx_HAL_Driver/Src/stm32h7xx_hal_rcc_ex.o
 .debug_info    0x0001125c     0x2bae ./Drivers/STM32H7xx_HAL_Driver/Src/stm32h7xx_hal_tim.o
 .debug_info    0x00013e0a     0x17eb ./Drivers/STM32H7xx_HAL_Driver/Src/stm32h7xx_hal_tim_ex.o
 .debug_info    0x000155f5     0x4b1d ./Drivers/STM32H7xx_HAL_Driver/Src/stm32h7xx_hal_uart.o
 .debug_info    0x0001a112      0xfbf ./Drivers/STM32H7xx_HAL_Driver/Src/stm32h7xx_hal_uart_ex.o
 .debug_info    0x0001b0d1     0x1a1e ./Drivers/STM32H7xx_HAL_Driver/Src/stm32h7xx_ll_usb.o
 .debug_info    0x0001caef      0xdcc ./Middlewares/ST/STM32_USB_Device_Library/Class/MSC/Src/usbd_msc.o
 .debug_info    0x0001d8bb      0xc69 ./Middlewares/ST/STM32_USB_Device_Library/Class/MSC/Src/usbd_msc_bot.o
 .debug_info    0x0001e524      0x125 ./Middlewares/ST/STM32_USB_Device_Library/Class/MSC/Src/usbd_msc_data.o
 .debug_info    0x0001e649     0x11cc ./Middlewares/ST/STM32_USB_Device_Library/Class/MSC/Src/usbd_msc_scsi.o
 .debug_info    0x0001f815      0xe13 ./Middlewares/ST/STM32_USB_Device_Library/Core/Src/usbd_core.o
 .debug_info    0x00020628      0xaec ./Middlewares/ST/STM32_USB_Device_Library/Core/Src/usbd_ctlreq.o
 .debug_info    0x00021114      0x763 ./Middlewares/ST/STM32_USB_Device_Library/Core/Src/usbd_ioreq.o
 .debug_info    0x00021877      0x755 ./USB_DEVICE/App/usb_device.o
 .debug_info    0x00021fcc      0x463 ./USB_DEVICE/App/usbd_desc.o
 .debug_info    0x0002242f      0x545 ./USB_DEVICE/App/usbd_storage_if.o
 .debug_info    0x00022974     0x257b ./USB_DEVICE/Target/usbd_conf.o

.debug_abbrev   0x00000000     0x4cac
 .debug_abbrev  0x00000000      0x386 ./Core/Src/main.o
 .debug_abbrev  0x00000386      0x2f4 ./Core/Src/quadspi.o
 .debug_abbrev  0x0000067a      0x261 ./Core/Src/stm32h7xx_hal_msp.o
 .debug_abbrev  0x000008db      0x1ee ./Core/Src/stm32h7xx_it.o
 .debug_abbrev  0x00000ac9      0x165 ./Core/Src/system_stm32h7xx.o
 .debug_abbrev  0x00000c2e       0x24 ./Core/Startup/startup_stm32h743vitx.o
 .debug_abbrev  0x00000c52      0x295 ./Drivers/STM32H7xx_HAL_Driver/Src/stm32h7xx_hal.o
 .debug_abbrev  0x00000ee7      0x339 ./Drivers/STM32H7xx_HAL_Driver/Src/stm32h7xx_hal_cortex.o
 .debug_abbrev  0x00001220      0x248 ./Drivers/STM32H7xx_HAL_Driver/Src/stm32h7xx_hal_dma.o
 .debug_abbrev  0x00001468      0x205 ./Drivers/STM32H7xx_HAL_Driver/Src/stm32h7xx_hal_gpio.o
 .debug_abbrev  0x0000166d      0x2dc ./Drivers/STM32H7xx_HAL_Driver/Src/stm32h7xx_hal_pcd.o
 .debug_abbrev  0x00001949      0x256 ./Drivers/STM32H7xx_HAL_Driver/Src/stm32h7xx_hal_pcd_ex.o
 .debug_abbrev  0x00001b9f      0x2a7 ./Drivers/STM32H7xx_HAL_Driver/Src/stm32h7xx_hal_pwr_ex.o
 .debug_abbrev  0x00001e46      0x24d ./Drivers/STM32H7xx_HAL_Driver/Src/stm32h7xx_hal_qspi.o
 .debug_abbrev  0x00002093      0x2c8 ./Drivers/STM32H7xx_HAL_Driver/Src/stm32h7xx_hal_rcc.o
 .debug_abbrev  0x0000235b      0x269 ./Drivers/STM32H7xx_HAL_Driver/Src/stm32h7xx_hal_rcc_ex.o
 .debug_abbrev  0x000025c4      0x276 ./Drivers/STM32H7xx_HAL_Driver/Src/stm32h7xx_hal_tim.o
 .debug_abbrev  0x0000283a      0x281 ./Drivers/STM32H7xx_HAL_Driver/Src/stm32h7xx_hal_tim_ex.o
 .debug_abbrev  0x00002abb      0x33d ./Drivers/STM32H7xx_HAL_Driver/Src/stm32h7xx_hal_uart.o
 .debug_abbrev  0x00002df8      0x2d2 ./Drivers/STM32H7xx_HAL_Driver/Src/stm32h7xx_hal_uart_ex.o
 .debug_abbrev  0x000030ca      0x2b3 ./Drivers/STM32H7xx_HAL_Driver/Src/stm32h7xx_ll_usb.o
 .debug_abbrev  0x0000337d      0x317 ./Middlewares/ST/STM32_USB_Device_Library/Class/MSC/Src/usbd_msc.o
 .debug_abbrev  0x00003694      0x2dd ./Middlewares/ST/STM32_USB_Device_Library/Class/MSC/Src/usbd_msc_bot.o
 .debug_abbrev  0x00003971       0x6f ./Middlewares/ST/STM32_USB_Device_Library/Class/MSC/Src/usbd_msc_data.o
 .debug_abbrev  0x000039e0      0x316 ./Middlewares/ST/STM32_USB_Device_Library/Class/MSC/Src/usbd_msc_scsi.o
 .debug_abbrev  0x00003cf6      0x27c ./Middlewares/ST/STM32_USB_Device_Library/Core/Src/usbd_core.o
 .debug_abbrev  0x00003f72      0x26f ./Middlewares/ST/STM32_USB_Device_Library/Core/Src/usbd_ctlreq.o
 .debug_abbrev  0x000041e1      0x19a ./Middlewares/ST/STM32_USB_Device_Library/Core/Src/usbd_ioreq.o
 .debug_abbrev  0x0000437b      0x1a7 ./USB_DEVICE/App/usb_device.o
 .debug_abbrev  0x00004522      0x1f3 ./USB_DEVICE/App/usbd_desc.o
 .debug_abbrev  0x00004715      0x23f ./USB_DEVICE/App/usbd_storage_if.o
 .debug_abbrev  0x00004954      0x358 ./USB_DEVICE/Target/usbd_conf.o

.debug_aranges  0x00000000     0x1ad8
 .debug_aranges
                0x00000000       0x78 ./Core/Src/main.o
 .debug_aranges
                0x00000078       0x88 ./Core/Src/quadspi.o
 .debug_aranges
                0x00000100       0x50 ./Core/Src/stm32h7xx_hal_msp.o
 .debug_aranges
                0x00000150       0x78 ./Core/Src/stm32h7xx_it.o
 .debug_aranges
                0x000001c8       0x30 ./Core/Src/system_stm32h7xx.o
 .debug_aranges
                0x000001f8       0x28 ./Core/Startup/startup_stm32h743vitx.o
 .debug_aranges
                0x00000220      0x198 ./Drivers/STM32H7xx_HAL_Driver/Src/stm32h7xx_hal.o
 .debug_aranges
                0x000003b8      0x130 ./Drivers/STM32H7xx_HAL_Driver/Src/stm32h7xx_hal_cortex.o
 .debug_aranges
                0x000004e8       0xa0 ./Drivers/STM32H7xx_HAL_Driver/Src/stm32h7xx_hal_dma.o
 .debug_aranges
                0x00000588       0x58 ./Drivers/STM32H7xx_HAL_Driver/Src/stm32h7xx_hal_gpio.o
 .debug_aranges
                0x000005e0      0x140 ./Drivers/STM32H7xx_HAL_Driver/Src/stm32h7xx_hal_pcd.o
 .debug_aranges
                0x00000720       0x60 ./Drivers/STM32H7xx_HAL_Driver/Src/stm32h7xx_hal_pcd_ex.o
 .debug_aranges
                0x00000780      0x158 ./Drivers/STM32H7xx_HAL_Driver/Src/stm32h7xx_hal_pwr_ex.o
 .debug_aranges
                0x000008d8      0x148 ./Drivers/STM32H7xx_HAL_Driver/Src/stm32h7xx_hal_qspi.o
 .debug_aranges
                0x00000a20       0x88 ./Drivers/STM32H7xx_HAL_Driver/Src/stm32h7xx_hal_rcc.o
 .debug_aranges
                0x00000aa8       0xf8 ./Drivers/STM32H7xx_HAL_Driver/Src/stm32h7xx_hal_rcc_ex.o
 .debug_aranges
                0x00000ba0      0x3e0 ./Drivers/STM32H7xx_HAL_Driver/Src/stm32h7xx_hal_tim.o
 .debug_aranges
                0x00000f80      0x188 ./Drivers/STM32H7xx_HAL_Driver/Src/stm32h7xx_hal_tim_ex.o
 .debug_aranges
                0x00001108      0x248 ./Drivers/STM32H7xx_HAL_Driver/Src/stm32h7xx_hal_uart.o
 .debug_aranges
                0x00001350       0xa8 ./Drivers/STM32H7xx_HAL_Driver/Src/stm32h7xx_hal_uart_ex.o
 .debug_aranges
                0x000013f8      0x1a0 ./Drivers/STM32H7xx_HAL_Driver/Src/stm32h7xx_ll_usb.o
 .debug_aranges
                0x00001598       0x68 ./Middlewares/ST/STM32_USB_Device_Library/Class/MSC/Src/usbd_msc.o
 .debug_aranges
                0x00001600       0x68 ./Middlewares/ST/STM32_USB_Device_Library/Class/MSC/Src/usbd_msc_bot.o
 .debug_aranges
                0x00001668       0x18 ./Middlewares/ST/STM32_USB_Device_Library/Class/MSC/Src/usbd_msc_data.o
 .debug_aranges
                0x00001680       0xc0 ./Middlewares/ST/STM32_USB_Device_Library/Class/MSC/Src/usbd_msc_scsi.o
 .debug_aranges
                0x00001740       0xd8 ./Middlewares/ST/STM32_USB_Device_Library/Core/Src/usbd_core.o
 .debug_aranges
                0x00001818       0x90 ./Middlewares/ST/STM32_USB_Device_Library/Core/Src/usbd_ctlreq.o
 .debug_aranges
                0x000018a8       0x50 ./Middlewares/ST/STM32_USB_Device_Library/Core/Src/usbd_ioreq.o
 .debug_aranges
                0x000018f8       0x20 ./USB_DEVICE/App/usb_device.o
 .debug_aranges
                0x00001918       0x60 ./USB_DEVICE/App/usbd_desc.o
 .debug_aranges
                0x00001978       0x50 ./USB_DEVICE/App/usbd_storage_if.o
 .debug_aranges
                0x000019c8      0x110 ./USB_DEVICE/Target/usbd_conf.o

.debug_rnglists
                0x00000000     0x14ba
 .debug_rnglists
                0x00000000       0x59 ./Core/Src/main.o
 .debug_rnglists
                0x00000059       0x6a ./Core/Src/quadspi.o
 .debug_rnglists
                0x000000c3       0x39 ./Core/Src/stm32h7xx_hal_msp.o
 .debug_rnglists
                0x000000fc       0x55 ./Core/Src/stm32h7xx_it.o
 .debug_rnglists
                0x00000151       0x21 ./Core/Src/system_stm32h7xx.o
 .debug_rnglists
                0x00000172       0x19 ./Core/Startup/startup_stm32h743vitx.o
 .debug_rnglists
                0x0000018b      0x131 ./Drivers/STM32H7xx_HAL_Driver/Src/stm32h7xx_hal.o
 .debug_rnglists
                0x000002bc       0xe0 ./Drivers/STM32H7xx_HAL_Driver/Src/stm32h7xx_hal_cortex.o
 .debug_rnglists
                0x0000039c       0x82 ./Drivers/STM32H7xx_HAL_Driver/Src/stm32h7xx_hal_dma.o
 .debug_rnglists
                0x0000041e       0x3f ./Drivers/STM32H7xx_HAL_Driver/Src/stm32h7xx_hal_gpio.o
 .debug_rnglists
                0x0000045d       0xf4 ./Drivers/STM32H7xx_HAL_Driver/Src/stm32h7xx_hal_pcd.o
 .debug_rnglists
                0x00000551       0x45 ./Drivers/STM32H7xx_HAL_Driver/Src/stm32h7xx_hal_pcd_ex.o
 .debug_rnglists
                0x00000596      0x103 ./Drivers/STM32H7xx_HAL_Driver/Src/stm32h7xx_hal_pwr_ex.o
 .debug_rnglists
                0x00000699      0x101 ./Drivers/STM32H7xx_HAL_Driver/Src/stm32h7xx_hal_qspi.o
 .debug_rnglists
                0x0000079a       0x68 ./Drivers/STM32H7xx_HAL_Driver/Src/stm32h7xx_hal_rcc.o
 .debug_rnglists
                0x00000802       0xc0 ./Drivers/STM32H7xx_HAL_Driver/Src/stm32h7xx_hal_rcc_ex.o
 .debug_rnglists