Archive member included to satisfy reference by file (symbol)

C:/ST/STM32CubeIDE_1.18.1/STM32CubeIDE/plugins/com.st.stm32cube.ide.mcu.externaltools.gnu-tools-for-stm32.13.3.rel1.win32_1.0.0.202411081344/tools/bin/../lib/gcc/arm-none-eabi/13.3.1/../../../../arm-none-eabi/lib/thumb/v7e-m+dp/hard\libc_nano.a(libc_a-exit.o)
                              C:/ST/STM32CubeIDE_1.18.1/STM32CubeIDE/plugins/com.st.stm32cube.ide.mcu.externaltools.gnu-tools-for-stm32.13.3.rel1.win32_1.0.0.202411081344/tools/bin/../lib/gcc/arm-none-eabi/13.3.1/../../../../arm-none-eabi/lib/thumb/v7e-m+dp/hard/crt0.o (exit)
C:/ST/STM32CubeIDE_1.18.1/STM32CubeIDE/plugins/com.st.stm32cube.ide.mcu.externaltools.gnu-tools-for-stm32.13.3.rel1.win32_1.0.0.202411081344/tools/bin/../lib/gcc/arm-none-eabi/13.3.1/../../../../arm-none-eabi/lib/thumb/v7e-m+dp/hard\libc_nano.a(libc_a-findfp.o)
                              C:/ST/STM32CubeIDE_1.18.1/STM32CubeIDE/plugins/com.st.stm32cube.ide.mcu.externaltools.gnu-tools-for-stm32.13.3.rel1.win32_1.0.0.202411081344/tools/bin/../lib/gcc/arm-none-eabi/13.3.1/../../../../arm-none-eabi/lib/thumb/v7e-m+dp/hard\libc_nano.a(libc_a-exit.o) (__stdio_exit_handler)
C:/ST/STM32CubeIDE_1.18.1/STM32CubeIDE/plugins/com.st.stm32cube.ide.mcu.externaltools.gnu-tools-for-stm32.13.3.rel1.win32_1.0.0.202411081344/tools/bin/../lib/gcc/arm-none-eabi/13.3.1/../../../../arm-none-eabi/lib/thumb/v7e-m+dp/hard\libc_nano.a(libc_a-fwalk.o)
                              C:/ST/STM32CubeIDE_1.18.1/STM32CubeIDE/plugins/com.st.stm32cube.ide.mcu.externaltools.gnu-tools-for-stm32.13.3.rel1.win32_1.0.0.202411081344/tools/bin/../lib/gcc/arm-none-eabi/13.3.1/../../../../arm-none-eabi/lib/thumb/v7e-m+dp/hard\libc_nano.a(libc_a-findfp.o) (_fwalk_sglue)
C:/ST/STM32CubeIDE_1.18.1/STM32CubeIDE/plugins/com.st.stm32cube.ide.mcu.externaltools.gnu-tools-for-stm32.13.3.rel1.win32_1.0.0.202411081344/tools/bin/../lib/gcc/arm-none-eabi/13.3.1/../../../../arm-none-eabi/lib/thumb/v7e-m+dp/hard\libc_nano.a(libc_a-stdio.o)
                              C:/ST/STM32CubeIDE_1.18.1/STM32CubeIDE/plugins/com.st.stm32cube.ide.mcu.externaltools.gnu-tools-for-stm32.13.3.rel1.win32_1.0.0.202411081344/tools/bin/../lib/gcc/arm-none-eabi/13.3.1/../../../../arm-none-eabi/lib/thumb/v7e-m+dp/hard\libc_nano.a(libc_a-findfp.o) (__sread)
C:/ST/STM32CubeIDE_1.18.1/STM32CubeIDE/plugins/com.st.stm32cube.ide.mcu.externaltools.gnu-tools-for-stm32.13.3.rel1.win32_1.0.0.202411081344/tools/bin/../lib/gcc/arm-none-eabi/13.3.1/../../../../arm-none-eabi/lib/thumb/v7e-m+dp/hard\libc_nano.a(libc_a-memset.o)
                              C:/ST/STM32CubeIDE_1.18.1/STM32CubeIDE/plugins/com.st.stm32cube.ide.mcu.externaltools.gnu-tools-for-stm32.13.3.rel1.win32_1.0.0.202411081344/tools/bin/../lib/gcc/arm-none-eabi/13.3.1/../../../../arm-none-eabi/lib/thumb/v7e-m+dp/hard/crt0.o (memset)
C:/ST/STM32CubeIDE_1.18.1/STM32CubeIDE/plugins/com.st.stm32cube.ide.mcu.externaltools.gnu-tools-for-stm32.13.3.rel1.win32_1.0.0.202411081344/tools/bin/../lib/gcc/arm-none-eabi/13.3.1/../../../../arm-none-eabi/lib/thumb/v7e-m+dp/hard\libc_nano.a(libc_a-closer.o)
                              C:/ST/STM32CubeIDE_1.18.1/STM32CubeIDE/plugins/com.st.stm32cube.ide.mcu.externaltools.gnu-tools-for-stm32.13.3.rel1.win32_1.0.0.202411081344/tools/bin/../lib/gcc/arm-none-eabi/13.3.1/../../../../arm-none-eabi/lib/thumb/v7e-m+dp/hard\libc_nano.a(libc_a-stdio.o) (_close_r)
C:/ST/STM32CubeIDE_1.18.1/STM32CubeIDE/plugins/com.st.stm32cube.ide.mcu.externaltools.gnu-tools-for-stm32.13.3.rel1.win32_1.0.0.202411081344/tools/bin/../lib/gcc/arm-none-eabi/13.3.1/../../../../arm-none-eabi/lib/thumb/v7e-m+dp/hard\libc_nano.a(libc_a-reent.o)
                              C:/ST/STM32CubeIDE_1.18.1/STM32CubeIDE/plugins/com.st.stm32cube.ide.mcu.externaltools.gnu-tools-for-stm32.13.3.rel1.win32_1.0.0.202411081344/tools/bin/../lib/gcc/arm-none-eabi/13.3.1/../../../../arm-none-eabi/lib/thumb/v7e-m+dp/hard\libc_nano.a(libc_a-closer.o) (errno)
C:/ST/STM32CubeIDE_1.18.1/STM32CubeIDE/plugins/com.st.stm32cube.ide.mcu.externaltools.gnu-tools-for-stm32.13.3.rel1.win32_1.0.0.202411081344/tools/bin/../lib/gcc/arm-none-eabi/13.3.1/../../../../arm-none-eabi/lib/thumb/v7e-m+dp/hard\libc_nano.a(libc_a-impure.o)
                              C:/ST/STM32CubeIDE_1.18.1/STM32CubeIDE/plugins/com.st.stm32cube.ide.mcu.externaltools.gnu-tools-for-stm32.13.3.rel1.win32_1.0.0.202411081344/tools/bin/../lib/gcc/arm-none-eabi/13.3.1/../../../../arm-none-eabi/lib/thumb/v7e-m+dp/hard\libc_nano.a(libc_a-reent.o) (_impure_ptr)
C:/ST/STM32CubeIDE_1.18.1/STM32CubeIDE/plugins/com.st.stm32cube.ide.mcu.externaltools.gnu-tools-for-stm32.13.3.rel1.win32_1.0.0.202411081344/tools/bin/../lib/gcc/arm-none-eabi/13.3.1/../../../../arm-none-eabi/lib/thumb/v7e-m+dp/hard\libc_nano.a(libc_a-lseekr.o)
[...]
Memory Configuration

Name             Origin             Length             Attributes
FLASH            0x08000000         0x00200000         xr
DTCMRAM          0x20000000         0x00020000         xrw
RAM_D1           0x24000000         0x00080000         xrw
RAM_D2           0x30000000         0x00048000         xrw
RAM_D3           0x38000000         0x00010000         xrw
ITCMRAM          0x00000000         0x00010000         xrw
*default*        0x00000000         0xffffffff

Linker script and memory map

LOAD C:/ST/STM32CubeIDE_1.18.1/STM32CubeIDE/plugins/com.st.stm32cube.ide.mcu.externaltools.gnu-tools-for-stm32.13.3.rel1.win32_1.0.0.202411081344/tools/bin/../lib/gcc/arm-none-eabi/13.3.1/thumb/v7e-m+dp/hard/crti.o
LOAD C:/ST/STM32CubeIDE_1.18.1/STM32CubeIDE/plugins/com.st.stm32cube.ide.mcu.externaltools.gnu-tools-for-stm32.13.3.rel1.win32_1.0.0.202411081344/tools/bin/../lib/gcc/arm-none-eabi/13.3.1/thumb/v7e-m+dp/hard/crtbegin.o
LOAD C:/ST/STM32CubeIDE_1.18.1/STM32CubeIDE/plugins/com.st.stm32cube.ide.mcu.externaltools.gnu-tools-for-stm32.13.3.rel1.win32_1.0.0.202411081344/tools/bin/../lib/gcc/arm-none-eabi/13.3.1/../../../../arm-none-eabi/lib/thumb/v7e-m+dp/hard/crt0.o
LOAD ./Core/Src/main.o
LOAD ./Core/Src/stm32h7xx_hal_msp.o
LOAD ./Core/Src/stm32h7xx_it.o
LOAD ./Core/Src/syscalls.o
LOAD ./Core/Src/sysmem.o
LOAD ./Core/Src/system_stm32h7xx.o
LOAD ./Core/Startup/startup_stm32h743vitx.o
LOAD ./Drivers/STM32H7xx_HAL_Driver/Src/stm32h7xx_hal.o
LOAD ./Drivers/STM32H7xx_HAL_Driver/Src/stm32h7xx_hal_cortex.o
LOAD ./Drivers/STM32H7xx_HAL_Driver/Src/stm32h7xx_hal_dma.o
LOAD ./Drivers/STM32H7xx_HAL_Driver/Src/stm32h7xx_hal_dma_ex.o
LOAD ./Drivers/STM32H7xx_HAL_Driver/Src/stm32h7xx_hal_exti.o
LOAD ./Drivers/STM32H7xx_HAL_Driver/Src/stm32h7xx_hal_flash.o
LOAD ./Drivers/STM32H7xx_HAL_Driver/Src/stm32h7xx_hal_flash_ex.o
LOAD ./Drivers/STM32H7xx_HAL_Driver/Src/stm32h7xx_hal_gpio.o
LOAD ./Drivers/STM32H7xx_HAL_Driver/Src/stm32h7xx_hal_hsem.o
LOAD ./Drivers/STM32H7xx_HAL_Driver/Src/stm32h7xx_hal_i2c.o
LOAD ./Drivers/STM32H7xx_HAL_Driver/Src/stm32h7xx_hal_i2c_ex.o
LOAD ./Drivers/STM32H7xx_HAL_Driver/Src/stm32h7xx_hal_mdma.o
LOAD ./Drivers/STM32H7xx_HAL_Driver/Src/stm32h7xx_hal_pcd.o
LOAD ./Drivers/STM32H7xx_HAL_Driver/Src/stm32h7xx_hal_pcd_ex.o
LOAD ./Drivers/STM32H7xx_HAL_Driver/Src/stm32h7xx_hal_pwr.o
LOAD ./Drivers/STM32H7xx_HAL_Driver/Src/stm32h7xx_hal_pwr_ex.o
LOAD ./Drivers/STM32H7xx_HAL_Driver/Src/stm32h7xx_hal_qspi.o
LOAD ./Drivers/STM32H7xx_HAL_Driver/Src/stm32h7xx_hal_rcc.o
LOAD ./Drivers/STM32H7xx_HAL_Driver/Src/stm32h7xx_hal_rcc_ex.o
LOAD ./Drivers/STM32H7xx_HAL_Driver/Src/stm32h7xx_hal_tim.o
LOAD ./Drivers/STM32H7xx_HAL_Driver/Src/stm32h7xx_hal_tim_ex.o
LOAD ./Drivers/STM32H7xx_HAL_Driver/Src/stm32h7xx_hal_uart.o
LOAD ./Drivers/STM32H7xx_HAL_Driver/Src/stm32h7xx_hal_uart_ex.o
LOAD ./Drivers/STM32H7xx_HAL_Driver/Src/stm32h7xx_ll_delayblock.o
LOAD ./Drivers/STM32H7xx_HAL_Driver/Src/stm32h7xx_ll_usb.o
LOAD ./Middlewares/ST/STM32_USB_Device_Library/Class/MSC/Src/usbd_msc.o
LOAD ./Middlewares/ST/STM32_USB_Device_Library/Class/MSC/Src/usbd_msc_bot.o
LOAD ./Middlewares/ST/STM32_USB_Device_Library/Class/MSC/Src/usbd_msc_data.o
LOAD ./Middlewares/ST/STM32_USB_Device_Library/Class/MSC/Src/usbd_msc_scsi.o
LOAD ./Middlewares/ST/STM32_USB_Device_Library/Core/Src/usbd_core.o
LOAD ./Middlewares/ST/STM32_USB_Device_Library/Core/Src/usbd_ctlreq.o
LOAD ./Middlewares/ST/STM32_USB_Device_Library/Core/Src/usbd_ioreq.o
LOAD ./USB_DEVICE/App/usb_device.o
LOAD ./USB_DEVICE/App/usbd_desc.o
LOAD ./USB_DEVICE/App/usbd_storage_if.o
LOAD ./USB_DEVICE/Target/usbd_conf.o
START GROUP
LOAD C:/ST/STM32CubeIDE_1.18.1/STM32CubeIDE/plugins/com.st.stm32cube.ide.mcu.externaltools.gnu-tools-for-stm32.13.3.rel1.win32_1.0.0.202411081344/tools/bin/../lib/gcc/arm-none-eabi/13.3.1/../../../../arm-none-eabi/lib/thumb/v7e-m+dp/hard\libc_nano.a
LOAD C:/ST/STM32CubeIDE_1.18.1/STM32CubeIDE/plugins/com.st.stm32cube.ide.mcu.externaltools.gnu-tools-for-stm32.13.3.rel1.win32_1.0.0.202411081344/tools/bin/../lib/gcc/arm-none-eabi/13.3.1/../../../../arm-none-eabi/lib/thumb/v7e-m+dp/hard\libm.a
END GROUP
START GROUP
LOAD C:/ST/STM32CubeIDE_1.18.1/STM32CubeIDE/plugins/com.st.stm32cube.ide.mcu.externaltools.gnu-tools-for-stm32.13.3.rel1.win32_1.0.0.202411081344/tools/bin/../lib/gcc/arm-none-eabi/13.3.1/thumb/v7e-m+dp/hard\libgcc.a
LOAD C:/ST/STM32CubeIDE_1.18.1/STM32CubeIDE/plugins/com.st.stm32cube.ide.mcu.externaltools.gnu-tools-for-stm32.13.3.rel1.win32_1.0.0.202411081344/tools/bin/../lib/gcc/arm-none-eabi/13.3.1/../../../../arm-none-eabi/lib/thumb/v7e-m+dp/hard\libc_nano.a
END GROUP
START GROUP
LOAD C:/ST/STM32CubeIDE_1.18.1/STM32CubeIDE/plugins/com.st.stm32cube.ide.mcu.externaltools.gnu-tools-for-stm32.13.3.rel1.win32_1.0.0.202411081344/tools/bin/../lib/gcc/arm-none-eabi/13.3.1/thumb/v7e-m+dp/hard\libgcc.a
LOAD C:/ST/STM32CubeIDE_1.18.1/STM32CubeIDE/plugins/com.st.stm32cube.ide.mcu.externaltools.gnu-tools-for-stm32.13.3.rel1.win32_1.0.0.202411081344/tools/bin/../lib/gcc/arm-none-eabi/13.3.1/../../../../arm-none-eabi/lib/thumb/v7e-m+dp/hard\libc_nano.a
LOAD C:/ST/STM32CubeIDE_1.18.1/STM32CubeIDE/plugins/com.st.stm32cube.ide.mcu.externaltools.gnu-tools-for-stm32.13.3.rel1.win32_1.0.0.202411081344/tools/bin/../lib/gcc/arm-none-eabi/13.3.1/../../../../arm-none-eabi/lib/thumb/v7e-m+dp/hard\libnosys.a
END GROUP
START GROUP
LOAD C:/ST/STM32CubeIDE_1.18.1/STM32CubeIDE/plugins/com.st.stm32cube.ide.mcu.externaltools.gnu-tools-for-stm32.13.3.rel1.win32_1.0.0.202411081344/tools/bin/../lib/gcc/arm-none-eabi/13.3.1/thumb/v7e-m+dp/hard\libgcc.a
LOAD C:/ST/STM32CubeIDE_1.18.1/STM32CubeIDE/plugins/com.st.stm32cube.ide.mcu.externaltools.gnu-tools-for-stm32.13.3.rel1.win32_1.0.0.202411081344/tools/bin/../lib/gcc/arm-none-eabi/13.3.1/../../../../arm-none-eabi/lib/thumb/v7e-m+dp/hard\libc_nano.a
LOAD C:/ST/STM32CubeIDE_1.18.1/STM32CubeIDE/plugins/com.st.stm32cube.ide.mcu.externaltools.gnu-tools-for-stm32.13.3.rel1.win32_1.0.0.202411081344/tools/bin/../lib/gcc/arm-none-eabi/13.3.1/../../../../arm-none-eabi/lib/thumb/v7e-m+dp/hard\libnosys.a
END GROUP
LOAD C:/ST/STM32CubeIDE_1.18.1/STM32CubeIDE/plugins/com.st.stm32cube.ide.mcu.externaltools.gnu-tools-for-stm32.13.3.rel1.win32_1.0.0.202411081344/tools/bin/../lib/gcc/arm-none-eabi/13.3.1/thumb/v7e-m+dp/hard/crtend.o
LOAD C:/ST/STM32CubeIDE_1.18.1/STM32CubeIDE/plugins/com.st.stm32cube.ide.mcu.externaltools.gnu-tools-for-stm32.13.3.rel1.win32_1.0.0.202411081344/tools/bin/../lib/gcc/arm-none-eabi/13.3.1/thumb/v7e-m+dp/hard/crtn.o
                0x24080000                        _estack = (ORIGIN (RAM_D1) + LENGTH (RAM_D1))
                0x00004000                        _Min_Heap_Size = 0x4000
                0x00008000                        _Min_Stack_Size = 0x8000

.isr_vector     0x08000000      0x298
                0x08000000                        . = ALIGN (0x4)
 *(.isr_vector)
 .isr_vector    0x08000000      0x298 ./Core/Startup/startup_stm32h743vitx.o
                0x08000000                g_pfnVectors
                0x08000298                        . = ALIGN (0x4)

.text           0x08000298     0xbdf4
                0x08000298                        . = ALIGN (0x4)
 *(.text)
 .text          0x08000298       0x40 C:/ST/STM32CubeIDE_1.18.1/STM32CubeIDE/plugins/com.st.stm32cube.ide.mcu.externaltools.gnu-tools-for-stm32.13.3.rel1.win32_1.0.0.202411081344/tools/bin/../lib/gcc/arm-none-eabi/13.3.1/thumb/v7e-m+dp/hard/crtbegin.o
 .text          0x080002d8       0x10 C:/ST/STM32CubeIDE_1.18.1/STM32CubeIDE/plugins/com.st.stm32cube.ide.mcu.externaltools.gnu-tools-for-stm32.13.3.rel1.win32_1.0.0.202411081344/tools/bin/../lib/gcc/arm-none-eabi/13.3.1/../../../../arm-none-eabi/lib/thumb/v7e-m+dp/hard\libc_nano.a(libc_a-strlen.o)
                0x080002d8                strlen
 .text          0x080002e8       0x30 C:/ST/STM32CubeIDE_1.18.1/STM32CubeIDE/plugins/com.st.stm32cube.ide.mcu.externaltools.gnu-tools-for-stm32.13.3.rel1.win32_1.0.0.202411081344/tools/bin/../lib/gcc/arm-none-eabi/13.3.1/thumb/v7e-m+dp/hard\libgcc.a(_aeabi_uldivmod.o)
                0x080002e8                __aeabi_uldivmod
 .text          0x08000318      0x2f8 C:/ST/STM32CubeIDE_1.18.1/STM32CubeIDE/plugins/com.st.stm32cube.ide.mcu.externaltools.gnu-tools-for-stm32.13.3.rel1.win32_1.0.0.202411081344/tools/bin/../lib/gcc/arm-none-eabi/13.3.1/thumb/v7e-m+dp/hard\libgcc.a(_udivmoddi4.o)
                0x08000318                __udivmoddi4
 .text          0x08000610        0x4 C:/ST/STM32CubeIDE_1.18.1/STM32CubeIDE/plugins/com.st.stm32cube.ide.mcu.externaltools.gnu-tools-for-stm32.13.3.rel1.win32_1.0.0.202411081344/tools/bin/../lib/gcc/arm-none-eabi/13.3.1/thumb/v7e-m+dp/hard\libgcc.a(_dvmd_tls.o)
                0x08000610                __aeabi_idiv0
                0x08000610                __aeabi_ldiv0
 *(.text*)
 .text.main     0x08000614       0x78 ./Core/Src/main.o
                0x08000614                main
 .text.SystemClock_Config
                0x0800068c       0xf4 ./Core/Src/main.o
                0x0800068c                SystemClock_Config
 .text.MX_QUADSPI_Init
                0x08000780       0x58 ./Core/Src/main.o
 .text.MX_TIM7_Init
                0x080007d8       0x6c ./Core/Src/main.o
 .text.MX_USART1_UART_Init
                0x08000844       0x98 ./Core/Src/main.o
 .text.MX_GPIO_Init
                0x080008dc      0x120 ./Core/Src/main.o
 .text.HAL_QSPI_CmdCpltCallback
                0x080009fc       0x28 ./Core/Src/main.o
                0x080009fc                HAL_QSPI_CmdCpltCallback
 .text.HAL_QSPI_RxCpltCallback
                0x08000a24       0x28 ./Core/Src/main.o
                0x08000a24                HAL_QSPI_RxCpltCallback
 .text.HAL_QSPI_TxCpltCallback
                0x08000a4c       0x28 ./Core/Src/main.o
                0x08000a4c                HAL_QSPI_TxCpltCallback
 .text.HAL_QSPI_StatusMatchCallback
                0x08000a74       0x28 ./Core/Src/main.o
                0x08000a74                HAL_QSPI_StatusMatchCallback
 .text.QSPI_WriteEnable
                0x08000a9c       0x90 ./Core/Src/main.o
 .text.QSPI_AutoPollingMemReady
                0x08000b2c       0x6c ./Core/Src/main.o
 .text.QSPI_DummyCyclesCfg
                0x08000b98       0xec ./Core/Src/main.o
 .text.init_qspi_flash
                0x08000c84       0x88 ./Core/Src/main.o
                0x08000c84                init_qspi_flash
 .text.erase_sector_qspi
                0x08000d0c       0x54 ./Core/Src/main.o
                0x08000d0c                erase_sector_qspi
 .text.cmd_end_rdy_qspi
                0x08000d60       0x5c ./Core/Src/main.o
                0x08000d60                cmd_end_rdy_qspi
 .text.write_buf_qspi
                0x08000dbc       0x84 ./Core/Src/main.o
                0x08000dbc                write_buf_qspi
 .text.programm_end_rdy_qspi
                0x08000e40       0x5c ./Core/Src/main.o
                0x08000e40                programm_end_rdy_qspi
 .text.read_buf_qspi
                0x08000e9c       0x7c ./Core/Src/main.o
                0x08000e9c                read_buf_qspi
 .text.MPU_Config
                0x08000f18       0x58 ./Core/Src/main.o
 .text.Error_Handler
                0x08000f70        0xe ./Core/Src/main.o
                0x08000f70                Error_Handler
 *fill*         0x08000f7e        0x2 
 .text.HAL_MspInit
                0x08000f80       0x34 ./Core/Src/stm32h7xx_hal_msp.o
                0x08000f80                HAL_MspInit
 .text.HAL_QSPI_MspInit
                0x08000fb4      0x1a4 ./Core/Src/stm32h7xx_hal_msp.o
                0x08000fb4                HAL_QSPI_MspInit
 .text.HAL_QSPI_MspDeInit
                0x08001158       0x60 ./Core/Src/stm32h7xx_hal_msp.o
                0x08001158                HAL_QSPI_MspDeInit
 .text.HAL_TIM_Base_MspInit
                0x080011b8       0x50 ./Core/Src/stm32h7xx_hal_msp.o
                0x080011b8                HAL_TIM_Base_MspInit
 .text.HAL_UART_MspInit
                0x08001208       0xe4 ./Core/Src/stm32h7xx_hal_msp.o
                0x08001208                HAL_UART_MspInit
 .text.NMI_Handler
                0x080012ec        0x8 ./Core/Src/stm32h7xx_it.o
                0x080012ec                NMI_Handler
 .text.HardFault_Handler
                0x080012f4        0x8 ./Core/Src/stm32h7xx_it.o
                0x080012f4                HardFault_Handler
 .text.MemManage_Handler
                0x080012fc        0x8 ./Core/Src/stm32h7xx_it.o
                0x080012fc                MemManage_Handler
 .text.BusFault_Handler
                0x08001304        0x8 ./Core/Src/stm32h7xx_it.o
                0x08001304                BusFault_Handler
 .text.UsageFault_Handler
                0x0800130c        0x8 ./Core/Src/stm32h7xx_it.o
                0x0800130c                UsageFault_Handler
 .text.SVC_Handler
                0x08001314        0xe ./Core/Src/stm32h7xx_it.o
                0x08001314                SVC_Handler
 .text.DebugMon_Handler
                0x08001322        0xe ./Core/Src/stm32h7xx_it.o
                0x08001322                DebugMon_Handler
 .text.PendSV_Handler
                0x08001330        0xe ./Core/Src/stm32h7xx_it.o
                0x08001330                PendSV_Handler
 .text.SysTick_Handler
                0x0800133e        0xc ./Core/Src/stm32h7xx_it.o
                0x0800133e                SysTick_Handler
 *fill*         0x0800134a        0x2 
 .text.USART1_IRQHandler
                0x0800134c       0x14 ./Core/Src/stm32h7xx_it.o
                0x0800134c                USART1_IRQHandler
 .text.TIM7_IRQHandler
                0x08001360       0x14 ./Core/Src/stm32h7xx_it.o
                0x08001360                TIM7_IRQHandler
 .text.QUADSPI_IRQHandler
                0x08001374       0x14 ./Core/Src/stm32h7xx_it.o
                0x08001374                QUADSPI_IRQHandler
 .text.OTG_FS_IRQHandler
                0x08001388       0x14 ./Core/Src/stm32h7xx_it.o
                0x08001388                OTG_FS_IRQHandler
 .text.SystemInit
                0x0800139c      0x140 ./Core/Src/system_stm32h7xx.o
                0x0800139c                SystemInit
 .text.ExitRun0Mode
                0x080014dc       0x30 ./Core/Src/system_stm32h7xx.o
                0x080014dc                ExitRun0Mode
 .text.Reset_Handler
                0x0800150c       0x54 ./Core/Startup/startup_stm32h743vitx.o
                0x0800150c                Reset_Handler
 .text.Default_Handler
                0x08001560        0x2 ./Core/Startup/startup_stm32h743vitx.o
                0x08001560                RTC_Alarm_IRQHandler
                0x08001560                EXTI2_IRQHandler
                0x08001560                TIM8_CC_IRQHandler
                0x08001560                HRTIM1_Master_IRQHandler
                0x08001560                UART8_IRQHandler
                0x08001560                SPI4_IRQHandler
                0x08001560                TIM1_CC_IRQHandler
                0x08001560                BDMA_Channel6_IRQHandler
                0x08001560                DMA2_Stream5_IRQHandler
                0x08001560                HRTIM1_FLT_IRQHandler
                0x08001560                JPEG_IRQHandler
                0x08001560                DMA1_Stream5_IRQHandler
                0x08001560                BDMA_Channel1_IRQHandler
                0x08001560                HRTIM1_TIMD_IRQHandler
                0x08001560                TAMP_STAMP_IRQHandler
                0x08001560                EXTI3_IRQHandler
                0x08001560                LPTIM4_IRQHandler
                0x08001560                TIM8_TRG_COM_TIM14_IRQHandler
                0x08001560                LPTIM2_IRQHandler
                0x08001560                DFSDM1_FLT1_IRQHandler
                0x08001560                DMAMUX2_OVR_IRQHandler
                0x08001560                TIM8_UP_TIM13_IRQHandler
                0x08001560                I2C3_ER_IRQHandler
                0x08001560                DFSDM1_FLT2_IRQHandler
                0x08001560                MDMA_IRQHandler
                0x08001560                LPTIM3_IRQHandler
                0x08001560                HSEM1_IRQHandler
                0x08001560                EXTI0_IRQHandler
                0x08001560                I2C2_EV_IRQHandler
                0x08001560                DMA1_Stream2_IRQHandler
                0x08001560                FPU_IRQHandler
                0x08001560                OTG_HS_WKUP_IRQHandler
                0x08001560                FDCAN1_IT1_IRQHandler
                0x08001560                LTDC_ER_IRQHandler
                0x08001560                DMA2_Stream2_IRQHandler
                0x08001560                HRTIM1_TIME_IRQHandler
                0x08001560                SPI1_IRQHandler
                0x08001560                TIM6_DAC_IRQHandler
                0x08001560                DCMI_IRQHandler
                0x08001560                HRTIM1_TIMC_IRQHandler
                0x08001560                DMA2_Stream3_IRQHandler
                0x08001560                SAI2_IRQHandler
                0x08001560                DFSDM1_FLT3_IRQHandler
                0x08001560                USART6_IRQHandler
                0x08001560                TIM17_IRQHandler
                0x08001560                USART3_IRQHandler
                0x08001560                BDMA_Channel7_IRQHandler
                0x08001560                LPTIM5_IRQHandler
                0x08001560                UART5_IRQHandler
                0x08001560                ADC3_IRQHandler
                0x08001560                DMA2_Stream0_IRQHandler
                0x08001560                TIM4_IRQHandler
                0x08001560                BDMA_Channel2_IRQHandler
                0x08001560                I2C1_EV_IRQHandler
                0x08001560                DMA1_Stream6_IRQHandler
                0x08001560                DMAMUX1_OVR_IRQHandler
                0x08001560                DMA1_Stream1_IRQHandler
                0x08001560                TIM16_IRQHandler
                0x08001560                UART4_IRQHandler
                0x08001560                BDMA_Channel5_IRQHandler
                0x08001560                TIM3_IRQHandler
                0x08001560                RCC_IRQHandler
                0x08001560                TIM8_BRK_TIM12_IRQHandler
                0x08001560                TIM1_TRG_COM_IRQHandler
                0x08001560                Default_Handler
                0x08001560                ECC_IRQHandler
                0x08001560                CEC_IRQHandler
                0x08001560                EXTI15_10_IRQHandler
                0x08001560                BDMA_Channel0_IRQHandler
                0x08001560                ADC_IRQHandler
                0x08001560                DMA1_Stream7_IRQHandler
                0x08001560                HRTIM1_TIMA_IRQHandler
                0x08001560                SPI5_IRQHandler
                0x08001560                SDMMC1_IRQHandler
                0x08001560                TIM5_IRQHandler
                0x08001560                DMA2_Stream7_IRQHandler
                0x08001560                TIM15_IRQHandler
                0x08001560                PVD_AVD_IRQHandler
                0x08001560                I2C3_EV_IRQHandler
                0x08001560                EXTI9_5_IRQHandler
                0x08001560                RTC_WKUP_IRQHandler
                0x08001560                LTDC_IRQHandler
                0x08001560                SAI3_IRQHandler
                0x08001560                ETH_WKUP_IRQHandler
                0x08001560                SPDIF_RX_IRQHandler
                0x08001560                SPI2_IRQHandler
                0x08001560                OTG_HS_EP1_IN_IRQHandler
                0x08001560                DMA1_Stream0_IRQHandler
                0x08001560                CRS_IRQHandler
                0x08001560                EXTI4_IRQHandler
                0x08001560                RNG_IRQHandler
                0x08001560                HRTIM1_TIMB_IRQHandler
                0x08001560                FDCAN2_IT1_IRQHandler
                0x08001560                ETH_IRQHandler
                0x08001560                TIM1_UP_IRQHandler
                0x08001560                BDMA_Channel4_IRQHandler
                0x08001560                OTG_HS_EP1_OUT_IRQHandler
                0x08001560                WWDG_IRQHandler
                0x08001560                SPI6_IRQHandler
                0x08001560                MDIOS_IRQHandler
                0x08001560                I2C4_EV_IRQHandler
                0x08001560                FDCAN2_IT0_IRQHandler
                0x08001560                LPUART1_IRQHandler
                0x08001560                FDCAN1_IT0_IRQHandler
                0x08001560                TIM2_IRQHandler
                0x08001560                OTG_FS_WKUP_IRQHandler
                0x08001560                OTG_HS_IRQHandler
                0x08001560                DMA2D_IRQHandler
                0x08001560                TIM1_BRK_IRQHandler
                0x08001560                EXTI1_IRQHandler
                0x08001560                SDMMC2_IRQHandler
                0x08001560                OTG_FS_EP1_OUT_IRQHandler
                0x08001560                BDMA_Channel3_IRQHandler
                0x08001560                UART7_IRQHandler
                0x08001560                MDIOS_WKUP_IRQHandler
                0x08001560                USART2_IRQHandler
                0x08001560                DFSDM1_FLT0_IRQHandler
                0x08001560                SAI4_IRQHandler
                0x08001560                I2C2_ER_IRQHandler
                0x08001560                DMA2_Stream1_IRQHandler
                0x08001560                FLASH_IRQHandler
                0x08001560                DMA2_Stream4_IRQHandler
                0x08001560                SPI3_IRQHandler
                0x08001560                WAKEUP_PIN_IRQHandler
                0x08001560                DMA1_Stream4_IRQHandler
                0x08001560                OTG_FS_EP1_IN_IRQHandler
                0x08001560                I2C1_ER_IRQHandler
                0x08001560                FMC_IRQHandler
                0x08001560                FDCAN_CAL_IRQHandler
                0x08001560                SWPMI1_IRQHandler
                0x08001560                COMP1_IRQHandler
                0x08001560                LPTIM1_IRQHandler
                0x08001560                I2C4_ER_IRQHandler
                0x08001560                DMA2_Stream6_IRQHandler
                0x08001560                SAI1_IRQHandler
                0x08001560                DMA1_Stream3_IRQHandler
 *fill*         0x08001562        0x2 
 .text.HAL_Init
                0x08001564       0x78 ./Drivers/STM32H7xx_HAL_Driver/Src/stm32h7xx_hal.o
                0x08001564                HAL_Init
 .text.HAL_InitTick
                0x080015dc       0x6c ./Drivers/STM32H7xx_HAL_Driver/Src/stm32h7xx_hal.o
                0x080015dc                HAL_InitTick
 .text.HAL_IncTick
                0x08001648       0x28 ./Drivers/STM32H7xx_HAL_Driver/Src/stm32h7xx_hal.o
                0x08001648                HAL_IncTick
 .text.HAL_GetTick
                0x08001670       0x18 ./Drivers/STM32H7xx_HAL_Driver/Src/stm32h7xx_hal.o
                0x08001670                HAL_GetTick
 .text.HAL_Delay
                0x08001688       0x48 ./Drivers/STM32H7xx_HAL_Driver/Src/stm32h7xx_hal.o
                0x08001688                HAL_Delay
 .text.HAL_GetREVID
                0x080016d0       0x18 ./Drivers/STM32H7xx_HAL_Driver/Src/stm32h7xx_hal.o
                0x080016d0                HAL_GetREVID
 .text.__NVIC_SetPriorityGrouping
                0x080016e8       0x48 ./Drivers/STM32H7xx_HAL_Driver/Src/stm32h7xx_hal_cortex.o
 .text.__NVIC_GetPriorityGrouping
                0x08001730       0x1c ./Drivers/STM32H7xx_HAL_Driver/Src/stm32h7xx_hal_cortex.o
 .text.__NVIC_EnableIRQ
                0x0800174c       0x3c ./Drivers/STM32H7xx_HAL_Driver/Src/stm32h7xx_hal_cortex.o
 .text.__NVIC_DisableIRQ
                0x08001788       0x48 ./Drivers/STM32H7xx_HAL_Driver/Src/stm32h7xx_hal_cortex.o
 .text.__NVIC_SetPriority
                0x080017d0       0x54 ./Drivers/STM32H7xx_HAL_Driver/Src/stm32h7xx_hal_cortex.o
 .text.NVIC_EncodePriority
                0x08001824       0x66 ./Drivers/STM32H7xx_HAL_Driver/Src/stm32h7xx_hal_cortex.o
 *fill*         0x0800188a        0x2 
 .text.SysTick_Config
                0x0800188c       0x44 ./Drivers/STM32H7xx_HAL_Driver/Src/stm32h7xx_hal_cortex.o
 .text.HAL_NVIC_SetPriorityGrouping
                0x080018d0       0x16 ./Drivers/STM32H7xx_HAL_Driver/Src/stm32h7xx_hal_cortex.o
                0x080018d0                HAL_NVIC_SetPriorityGrouping
 .text.HAL_NVIC_SetPriority
                0x080018e6       0x34 ./Drivers/STM32H7xx_HAL_Driver/Src/stm32h7xx_hal_cortex.o
                0x080018e6                HAL_NVIC_SetPriority
 .text.HAL_NVIC_EnableIRQ
                0x0800191a       0x1c ./Drivers/STM32H7xx_HAL_Driver/Src/stm32h7xx_hal_cortex.o
                0x0800191a                HAL_NVIC_EnableIRQ
 .text.HAL_NVIC_DisableIRQ
                0x08001936       0x1c ./Drivers/STM32H7xx_HAL_Driver/Src/stm32h7xx_hal_cortex.o
                0x08001936                HAL_NVIC_DisableIRQ
 .text.HAL_SYSTICK_Config
                0x08001952       0x18 ./Drivers/STM32H7xx_HAL_Driver/Src/stm32h7xx_hal_cortex.o
                0x08001952                HAL_SYSTICK_Config
 *fill*         0x0800196a        0x2 
 .text.HAL_MPU_Disable
                0x0800196c       0x30 ./Drivers/STM32H7xx_HAL_Driver/Src/stm32h7xx_hal_cortex.o
                0x0800196c                HAL_MPU_Disable
 .text.HAL_MPU_Enable
                0x0800199c       0x40 ./Drivers/STM32H7xx_HAL_Driver/Src/stm32h7xx_hal_cortex.o
                0x0800199c                HAL_MPU_Enable
 .text.HAL_MPU_ConfigRegion
                0x080019dc       0x80 ./Drivers/STM32H7xx_HAL_Driver/Src/stm32h7xx_hal_cortex.o
                0x080019dc                HAL_MPU_ConfigRegion
 .text.HAL_DMA_Abort
                0x08001a5c      0x63c ./Drivers/STM32H7xx_HAL_Driver/Src/stm32h7xx_hal_dma.o
                0x08001a5c                HAL_DMA_Abort
 .text.HAL_DMA_Abort_IT
                0x08002098      0x48c ./Drivers/STM32H7xx_HAL_Driver/Src/stm32h7xx_hal_dma.o
                0x08002098                HAL_DMA_Abort_IT
 .text.HAL_GPIO_Init
                0x08002524      0x360 ./Drivers/STM32H7xx_HAL_Driver/Src/stm32h7xx_hal_gpio.o
                0x08002524                HAL_GPIO_Init
 .text.HAL_GPIO_DeInit
                0x08002884      0x214 ./Drivers/STM32H7xx_HAL_Driver/Src/stm32h7xx_hal_gpio.o
                0x08002884                HAL_GPIO_DeInit
 .text.HAL_GPIO_WritePin
                0x08002a98       0x32 ./Drivers/STM32H7xx_HAL_Driver/Src/stm32h7xx_hal_gpio.o
                0x08002a98                HAL_GPIO_WritePin
 .text.HAL_MDMA_Abort_IT
                0x08002aca       0x4e ./Drivers/STM32H7xx_HAL_Driver/Src/stm32h7xx_hal_mdma.o
                0x08002aca                HAL_MDMA_Abort_IT
 .text.HAL_PCD_IRQHandler
                0x08002b18      0x99c ./Drivers/STM32H7xx_HAL_Driver/Src/stm32h7xx_hal_pcd.o
                0x08002b18                HAL_PCD_IRQHandler
 .text.HAL_PCD_SetAddress
                0x080034b4       0x48 ./Drivers/STM32H7xx_HAL_Driver/Src/stm32h7xx_hal_pcd.o
                0x080034b4                HAL_PCD_SetAddress
 .text.HAL_PCD_EP_Open
                0x080034fc       0xd4 ./Drivers/STM32H7xx_HAL_Driver/Src/stm32h7xx_hal_pcd.o
                0x080034fc                HAL_PCD_EP_Open
 .text.HAL_PCD_EP_Receive
                0x080035d0       0x76 ./Drivers/STM32H7xx_HAL_Driver/Src/stm32h7xx_hal_pcd.o
                0x080035d0                HAL_PCD_EP_Receive
 .text.HAL_PCD_EP_Transmit
                0x08003646       0x74 ./Drivers/STM32H7xx_HAL_Driver/Src/stm32h7xx_hal_pcd.o
                0x08003646                HAL_PCD_EP_Transmit
 .text.HAL_PCD_EP_SetStall
                0x080036ba       0xc6 ./Drivers/STM32H7xx_HAL_Driver/Src/stm32h7xx_hal_pcd.o
                0x080036ba                HAL_PCD_EP_SetStall
 .text.HAL_PCD_EP_ClrStall
                0x08003780       0xac ./Drivers/STM32H7xx_HAL_Driver/Src/stm32h7xx_hal_pcd.o
                0x08003780                HAL_PCD_EP_ClrStall
 .text.HAL_PCD_EP_Abort
                0x0800382c       0x62 ./Drivers/STM32H7xx_HAL_Driver/Src/stm32h7xx_hal_pcd.o
                0x0800382c                HAL_PCD_EP_Abort
 .text.PCD_WriteEmptyTxFifo
                0x0800388e      0x118 ./Drivers/STM32H7xx_HAL_Driver/Src/stm32h7xx_hal_pcd.o
 *fill*         0x080039a6        0x2 
 .text.PCD_EP_OutXfrComplete_int
                0x080039a8      0x1d0 ./Drivers/STM32H7xx_HAL_Driver/Src/stm32h7xx_hal_pcd.o
 .text.PCD_EP_OutSetupPacket_int
                0x08003b78       0x8c ./Drivers/STM32H7xx_HAL_Driver/Src/stm32h7xx_hal_pcd.o
 .text.HAL_PCDEx_LPM_Callback
                0x08003c04       0x18 ./Drivers/STM32H7xx_HAL_Driver/Src/stm32h7xx_hal_pcd_ex.o
                0x08003c04                HAL_PCDEx_LPM_Callback
 .text.HAL_PWREx_ConfigSupply
                0x08003c1c       0x74 ./Drivers/STM32H7xx_HAL_Driver/Src/stm32h7xx_hal_pwr_ex.o
                0x08003c1c                HAL_PWREx_ConfigSupply
 .text.HAL_QSPI_Init
                0x08003c90       0xe8 ./Drivers/STM32H7xx_HAL_Driver/Src/stm32h7xx_hal_qspi.o
                0x08003c90                HAL_QSPI_Init
 .text.HAL_QSPI_DeInit
                0x08003d78       0x40 ./Drivers/STM32H7xx_HAL_Driver/Src/stm32h7xx_hal_qspi.o
                0x08003d78                HAL_QSPI_DeInit
 .text.HAL_QSPI_IRQHandler
                0x08003db8      0x374 ./Drivers/STM32H7xx_HAL_Driver/Src/stm32h7xx_hal_qspi.o
                0x08003db8                HAL_QSPI_IRQHandler
 .text.HAL_QSPI_Command
                0x0800412c       0xbc ./Drivers/STM32H7xx_HAL_Driver/Src/stm32h7xx_hal_qspi.o
                0x0800412c                HAL_QSPI_Command
 .text.HAL_QSPI_Command_IT
                0x080041e8       0xcc ./Drivers/STM32H7xx_HAL_Driver/Src/stm32h7xx_hal_qspi.o
                0x080041e8                HAL_QSPI_Command_IT
 .text.HAL_QSPI_Transmit
                0x080042b4      0x124 ./Drivers/STM32H7xx_HAL_Driver/Src/stm32h7xx_hal_qspi.o
                0x080042b4                HAL_QSPI_Transmit
 .text.HAL_QSPI_Receive
                0x080043d8      0x13a ./Drivers/STM32H7xx_HAL_Driver/Src/stm32h7xx_hal_qspi.o
                0x080043d8                HAL_QSPI_Receive
 .text.HAL_QSPI_Transmit_IT
                0x08004512       0xca ./Drivers/STM32H7xx_HAL_Driver/Src/stm32h7xx_hal_qspi.o
                0x08004512                HAL_QSPI_Transmit_IT
 .text.HAL_QSPI_Receive_IT
                0x080045dc       0xde ./Drivers/STM32H7xx_HAL_Driver/Src/stm32h7xx_hal_qspi.o
                0x080045dc                HAL_QSPI_Receive_IT
 .text.HAL_QSPI_AutoPolling
                0x080046ba       0xee ./Drivers/STM32H7xx_HAL_Driver/Src/stm32h7xx_hal_qspi.o
                0x080046ba                HAL_QSPI_AutoPolling
 .text.HAL_QSPI_AutoPolling_IT
                0x080047a8       0xf0 ./Drivers/STM32H7xx_HAL_Driver/Src/stm32h7xx_hal_qspi.o
                0x080047a8                HAL_QSPI_AutoPolling_IT
 .text.HAL_QSPI_ErrorCallback
                0x08004898       0x14 ./Drivers/STM32H7xx_HAL_Driver/Src/stm32h7xx_hal_qspi.o
                0x08004898                HAL_QSPI_ErrorCallback
 .text.HAL_QSPI_AbortCpltCallback
                0x080048ac       0x14 ./Drivers/STM32H7xx_HAL_Driver/Src/stm32h7xx_hal_qspi.o
                0x080048ac                HAL_QSPI_AbortCpltCallback
 .text.HAL_QSPI_FifoThresholdCallback
                0x080048c0       0x14 ./Drivers/STM32H7xx_HAL_Driver/Src/stm32h7xx_hal_qspi.o
                0x080048c0                HAL_QSPI_FifoThresholdCallback
 .text.HAL_QSPI_TimeOutCallback
                0x080048d4       0x14 ./Drivers/STM32H7xx_HAL_Driver/Src/stm32h7xx_hal_qspi.o
                0x080048d4                HAL_QSPI_TimeOutCallback
 .text.HAL_QSPI_SetTimeout
                0x080048e8       0x1c ./Drivers/STM32H7xx_HAL_Driver/Src/stm32h7xx_hal_qspi.o
                0x080048e8                HAL_QSPI_SetTimeout
 .text.QSPI_DMAAbortCplt
                0x08004904       0x66 ./Drivers/STM32H7xx_HAL_Driver/Src/stm32h7xx_hal_qspi.o
 .text.QSPI_WaitFlagStateUntilTimeout
                0x0800496a       0x6e ./Drivers/STM32H7xx_HAL_Driver/Src/stm32h7xx_hal_qspi.o
 .text.QSPI_Config
                0x080049d8      0x32e ./Drivers/STM32H7xx_HAL_Driver/Src/stm32h7xx_hal_qspi.o
 *fill*         0x08004d06        0x2 
 .text.HAL_RCC_OscConfig
                0x08004d08      0x8b4 ./Drivers/STM32H7xx_HAL_Driver/Src/stm32h7xx_hal_rcc.o
                0x08004d08                HAL_RCC_OscConfig
 .text.HAL_RCC_ClockConfig
                0x080055bc      0x36c ./Drivers/STM32H7xx_HAL_Driver/Src/stm32h7xx_hal_rcc.o
                0x080055bc                HAL_RCC_ClockConfig
 .text.HAL_RCC_GetSysClockFreq
                0x08005928      0x2f4 ./Drivers/STM32H7xx_HAL_Driver/Src/stm32h7xx_hal_rcc.o
                0x08005928                HAL_RCC_GetSysClockFreq
 .text.HAL_RCC_GetHCLKFreq
                0x08005c1c       0x60 ./Drivers/STM32H7xx_HAL_Driver/Src/stm32h7xx_hal_rcc.o
                0x08005c1c                HAL_RCC_GetHCLKFreq
 .text.HAL_RCC_GetPCLK1Freq
                0x08005c7c       0x2c ./Drivers/STM32H7xx_HAL_Driver/Src/stm32h7xx_hal_rcc.o
                0x08005c7c                HAL_RCC_GetPCLK1Freq
 .text.HAL_RCC_GetPCLK2Freq
                0x08005ca8       0x2c ./Drivers/STM32H7xx_HAL_Driver/Src/stm32h7xx_hal_rcc.o
                0x08005ca8                HAL_RCC_GetPCLK2Freq
 .text.HAL_RCCEx_PeriphCLKConfig
                0x08005cd4     0x1414 ./Drivers/STM32H7xx_HAL_Driver/Src/stm32h7xx_hal_rcc_ex.o
                0x08005cd4                HAL_RCCEx_PeriphCLKConfig
 .text.HAL_RCCEx_GetD3PCLK1Freq
                0x080070e8       0x2c ./Drivers/STM32H7xx_HAL_Driver/Src/stm32h7xx_hal_rcc_ex.o
                0x080070e8                HAL_RCCEx_GetD3PCLK1Freq
 .text.HAL_RCCEx_GetPLL2ClockFreq
                0x08007114      0x2a8 ./Drivers/STM32H7xx_HAL_Driver/Src/stm32h7xx_hal_rcc_ex.o
                0x08007114                HAL_RCCEx_GetPLL2ClockFreq
 .text.HAL_RCCEx_GetPLL3ClockFreq
                0x080073bc      0x2a8 ./Drivers/STM32H7xx_HAL_Driver/Src/stm32h7xx_hal_rcc_ex.o
                0x080073bc                HAL_RCCEx_GetPLL3ClockFreq
 .text.RCCEx_PLL2_Config
                0x08007664      0x164 ./Drivers/STM32H7xx_HAL_Driver/Src/stm32h7xx_hal_rcc_ex.o
 .text.RCCEx_PLL3_Config
                0x080077c8      0x164 ./Drivers/STM32H7xx_HAL_Driver/Src/stm32h7xx_hal_rcc_ex.o
 .text.HAL_TIM_Base_Init
                0x0800792c       0xae ./Drivers/STM32H7xx_HAL_Driver/Src/stm32h7xx_hal_tim.o
                0x0800792c                HAL_TIM_Base_Init
 .text.HAL_TIM_IRQHandler
                0x080079da      0x20e ./Drivers/STM32H7xx_HAL_Driver/Src/stm32h7xx_hal_tim.o
                0x080079da                HAL_TIM_IRQHandler
 .text.HAL_TIM_PeriodElapsedCallback
                0x08007be8       0x14 ./Drivers/STM32H7xx_HAL_Driver/Src/stm32h7xx_hal_tim.o
                0x08007be8                HAL_TIM_PeriodElapsedCallback
 .text.HAL_TIM_OC_DelayElapsedCallback
                0x08007bfc       0x14 ./Drivers/STM32H7xx_HAL_Driver/Src/stm32h7xx_hal_tim.o
                0x08007bfc                HAL_TIM_OC_DelayElapsedCallback
 .text.HAL_TIM_IC_CaptureCallback
                0x08007c10       0x14 ./Drivers/STM32H7xx_HAL_Driver/Src/stm32h7xx_hal_tim.o
                0x08007c10                HAL_TIM_IC_CaptureCallback
 .text.HAL_TIM_PWM_PulseFinishedCallback
                0x08007c24       0x14 ./Drivers/STM32H7xx_HAL_Driver/Src/stm32h7xx_hal_tim.o
                0x08007c24                HAL_TIM_PWM_PulseFinishedCallback
 .text.HAL_TIM_TriggerCallback
                0x08007c38       0x14 ./Drivers/STM32H7xx_HAL_Driver/Src/stm32h7xx_hal_tim.o
                0x08007c38                HAL_TIM_TriggerCallback
 .text.TIM_Base_SetConfig
                0x08007c4c      0x140 ./Drivers/STM32H7xx_HAL_Driver/Src/stm32h7xx_hal_tim.o
                0x08007c4c                TIM_Base_SetConfig
 .text.HAL_TIMEx_MasterConfigSynchronization
                0x08007d8c      0x11c ./Drivers/STM32H7xx_HAL_Driver/Src/stm32h7xx_hal_tim_ex.o
                0x08007d8c                HAL_TIMEx_MasterConfigSynchronization
 .text.HAL_TIMEx_CommutCallback
                0x08007ea8       0x14 ./Drivers/STM32H7xx_HAL_Driver/Src/stm32h7xx_hal_tim_ex.o
                0x08007ea8                HAL_TIMEx_CommutCallback
 .text.HAL_TIMEx_BreakCallback
                0x08007ebc       0x14 ./Drivers/STM32H7xx_HAL_Driver/Src/stm32h7xx_hal_tim_ex.o
                0x08007ebc                HAL_TIMEx_BreakCallback
 .text.HAL_TIMEx_Break2Callback
                0x08007ed0       0x14 ./Drivers/STM32H7xx_HAL_Driver/Src/stm32h7xx_hal_tim_ex.o
                0x08007ed0                HAL_TIMEx_Break2Callback
 .text.HAL_UART_Init
                0x08007ee4       0xa0 ./Drivers/STM32H7xx_HAL_Driver/Src/stm32h7xx_hal_uart.o
                0x08007ee4                HAL_UART_Init
 .text.HAL_UART_IRQHandler
                0x08007f84      0x7ac ./Drivers/STM32H7xx_HAL_Driver/Src/stm32h7xx_hal_uart.o
                0x08007f84                HAL_UART_IRQHandler
 .text.HAL_UART_TxCpltCallback
                0x08008730       0x14 ./Drivers/STM32H7xx_HAL_Driver/Src/stm32h7xx_hal_uart.o
                0x08008730                HAL_UART_TxCpltCallback
 .text.HAL_UART_ErrorCallback
                0x08008744       0x14 ./Drivers/STM32H7xx_HAL_Driver/Src/stm32h7xx_hal_uart.o
                0x08008744                HAL_UART_ErrorCallback
 .text.HAL_UARTEx_RxEventCallback
                0x08008758       0x18 ./Drivers/STM32H7xx_HAL_Driver/Src/stm32h7xx_hal_uart.o
                0x08008758                HAL_UARTEx_RxEventCallback
 .text.UART_SetConfig
                0x08008770      0xad0 ./Drivers/STM32H7xx_HAL_Driver/Src/stm32h7xx_hal_uart.o
                0x08008770                UART_SetConfig
 .text.UART_AdvFeatureConfig
                0x08009240      0x144 ./Drivers/STM32H7xx_HAL_Driver/Src/stm32h7xx_hal_uart.o
                0x08009240                UART_AdvFeatureConfig
 .text.UART_CheckIdleState
                0x08009384      0x154 ./Drivers/STM32H7xx_HAL_Driver/Src/stm32h7xx_hal_uart.o
                0x08009384                UART_CheckIdleState
 .text.UART_WaitOnFlagUntilTimeout
                0x080094d8       0xda ./Drivers/STM32H7xx_HAL_Driver/Src/stm32h7xx_hal_uart.o
                0x080094d8                UART_WaitOnFlagUntilTimeout
 *fill*         0x080095b2        0x2 
 .text.UART_EndRxTransfer
                0x080095b4       0xcc ./Drivers/STM32H7xx_HAL_Driver/Src/stm32h7xx_hal_uart.o
 .text.UART_DMAAbortOnError
                0x08009680       0x24 ./Drivers/STM32H7xx_HAL_Driver/Src/stm32h7xx_hal_uart.o
 .text.UART_EndTransmit_IT
                0x080096a4       0x56 ./Drivers/STM32H7xx_HAL_Driver/Src/stm32h7xx_hal_uart.o
 .text.HAL_UARTEx_WakeupCallback
                0x080096fa       0x14 ./Drivers/STM32H7xx_HAL_Driver/Src/stm32h7xx_hal_uart_ex.o
                0x080096fa                HAL_UARTEx_WakeupCallback
 .text.HAL_UARTEx_RxFifoFullCallback
                0x0800970e       0x14 ./Drivers/STM32H7xx_HAL_Driver/Src/stm32h7xx_hal_uart_ex.o
                0x0800970e                HAL_UARTEx_RxFifoFullCallback
 .text.HAL_UARTEx_TxFifoEmptyCallback
                0x08009722       0x14 ./Drivers/STM32H7xx_HAL_Driver/Src/stm32h7xx_hal_uart_ex.o
                0x08009722                HAL_UARTEx_TxFifoEmptyCallback
 .text.HAL_UARTEx_DisableFifoMode
                0x08009736       0x72 ./Drivers/STM32H7xx_HAL_Driver/Src/stm32h7xx_hal_uart_ex.o
                0x08009736                HAL_UARTEx_DisableFifoMode
 .text.HAL_UARTEx_SetTxFifoThreshold
                0x080097a8       0x7c ./Drivers/STM32H7xx_HAL_Driver/Src/stm32h7xx_hal_uart_ex.o
                0x080097a8                HAL_UARTEx_SetTxFifoThreshold
 .text.HAL_UARTEx_SetRxFifoThreshold
                0x08009824       0x7c ./Drivers/STM32H7xx_HAL_Driver/Src/stm32h7xx_hal_uart_ex.o
                0x08009824                HAL_UARTEx_SetRxFifoThreshold
 .text.UARTEx_SetNbDataToProcess
                0x080098a0       0x9c ./Drivers/STM32H7xx_HAL_Driver/Src/stm32h7xx_hal_uart_ex.o
 .text.USB_SetTurnaroundTime
                0x0800993c      0x144 ./Drivers/STM32H7xx_HAL_Driver/Src/stm32h7xx_ll_usb.o
                0x0800993c                USB_SetTurnaroundTime
 .text.USB_FlushTxFifo
                0x08009a80       0x64 ./Drivers/STM32H7xx_HAL_Driver/Src/stm32h7xx_ll_usb.o
                0x08009a80                USB_FlushTxFifo
 .text.USB_GetDevSpeed
                0x08009ae4       0x4a ./Drivers/STM32H7xx_HAL_Driver/Src/stm32h7xx_ll_usb.o
                0x08009ae4                USB_GetDevSpeed
 *fill*         0x08009b2e        0x2 
 .text.USB_ActivateEndpoint
                0x08009b30      0x110 ./Drivers/STM32H7xx_HAL_Driver/Src/stm32h7xx_ll_usb.o
                0x08009b30                USB_ActivateEndpoint
 .text.USB_EPStartXfer
                0x08009c40      0x548 ./Drivers/STM32H7xx_HAL_Driver/Src/stm32h7xx_ll_usb.o
                0x08009c40                USB_EPStartXfer
 .text.USB_EPStopXfer
                0x0800a188      0x154 ./Drivers/STM32H7xx_HAL_Driver/Src/stm32h7xx_ll_usb.o
                0x0800a188                USB_EPStopXfer
 .text.USB_WritePacket
                0x0800a2dc       0x7c ./Drivers/STM32H7xx_HAL_Driver/Src/stm32h7xx_ll_usb.o
                0x0800a2dc                USB_WritePacket
 .text.USB_ReadPacket
                0x0800a358       0xb0 ./Drivers/STM32H7xx_HAL_Driver/Src/stm32h7xx_ll_usb.o
                0x0800a358                USB_ReadPacket
 .text.USB_EPSetStall
                0x0800a408       0xdc ./Drivers/STM32H7xx_HAL_Driver/Src/stm32h7xx_ll_usb.o
                0x0800a408                USB_EPSetStall
 .text.USB_EPClearStall
                0x0800a4e4       0xcc ./Drivers/STM32H7xx_HAL_Driver/Src/stm32h7xx_ll_usb.o
                0x0800a4e4                USB_EPClearStall
 .text.USB_SetDevAddress
                0x0800a5b0       0x4c ./Drivers/STM32H7xx_HAL_Driver/Src/stm32h7xx_ll_usb.o
                0x0800a5b0                USB_SetDevAddress
 .text.USB_ReadInterrupts
                0x0800a5fc       0x26 ./Drivers/STM32H7xx_HAL_Driver/Src/stm32h7xx_ll_usb.o
                0x0800a5fc                USB_ReadInterrupts
 .text.USB_ReadDevAllOutEpInterrupt
                0x0800a622       0x34 ./Drivers/STM32H7xx_HAL_Driver/Src/stm32h7xx_ll_usb.o
                0x0800a622                USB_ReadDevAllOutEpInterrupt
 .text.USB_ReadDevAllInEpInterrupt
                0x0800a656       0x34 ./Drivers/STM32H7xx_HAL_Driver/Src/stm32h7xx_ll_usb.o
                0x0800a656                USB_ReadDevAllInEpInterrupt
 .text.USB_ReadDevOutEPInterrupt
                0x0800a68a       0x3c ./Drivers/STM32H7xx_HAL_Driver/Src/stm32h7xx_ll_usb.o
                0x0800a68a                USB_ReadDevOutEPInterrupt
 .text.USB_ReadDevInEPInterrupt
                0x0800a6c6       0x5c ./Drivers/STM32H7xx_HAL_Driver/Src/stm32h7xx_ll_usb.o
                0x0800a6c6                USB_ReadDevInEPInterrupt
 .text.USB_GetMode
                0x0800a722       0x1c ./Drivers/STM32H7xx_HAL_Driver/Src/stm32h7xx_ll_usb.o
                0x0800a722                USB_GetMode
 *fill*         0x0800a73e        0x2 
 .text.USB_ActivateSetup
                0x0800a740       0x48 ./Drivers/STM32H7xx_HAL_Driver/Src/stm32h7xx_ll_usb.o
                0x0800a740                USB_ActivateSetup
 .text.USB_EP0_OutStart
                0x0800a788       0xbc ./Drivers/STM32H7xx_HAL_Driver/Src/stm32h7xx_ll_usb.o
                0x0800a788                USB_EP0_OutStart
 .text.USBD_RunTestMode
                0x0800a844       0x16 ./Middlewares/ST/STM32_USB_Device_Library/Core/Src/usbd_core.o
                0x0800a844                USBD_RunTestMode
 .text.USBD_SetClassConfig
                0x0800a85a       0x38 ./Middlewares/ST/STM32_USB_Device_Library/Core/Src/usbd_core.o
                0x0800a85a                USBD_SetClassConfig
 .text.USBD_ClrClassConfig
                0x0800a892       0x34 ./Middlewares/ST/STM32_USB_Device_Library/Core/Src/usbd_core.o
                0x0800a892                USBD_ClrClassConfig
 .text.USBD_LL_SetupStage
                0x0800a8c6       0xaa ./Middlewares/ST/STM32_USB_Device_Library/Core/Src/usbd_core.o
                0x0800a8c6                USBD_LL_SetupStage
 .text.USBD_LL_DataOutStage
                0x0800a970      0x166 ./Middlewares/ST/STM32_USB_Device_Library/Core/Src/usbd_core.o
                0x0800a970                USBD_LL_DataOutStage
 .text.USBD_LL_DataInStage
                0x0800aad6      0x164 ./Middlewares/ST/STM32_USB_Device_Library/Core/Src/usbd_core.o
                0x0800aad6                USBD_LL_DataInStage
 .text.USBD_LL_Reset
                0x0800ac3a       0xa4 ./Middlewares/ST/STM32_USB_Device_Library/Core/Src/usbd_core.o
                0x0800ac3a                USBD_LL_Reset
 .text.USBD_LL_SetSpeed
                0x0800acde       0x20 ./Middlewares/ST/STM32_USB_Device_Library/Core/Src/usbd_core.o
                0x0800acde                USBD_LL_SetSpeed
 .text.USBD_LL_Suspend
                0x0800acfe       0x38 ./Middlewares/ST/STM32_USB_Device_Library/Core/Src/usbd_core.o
                0x0800acfe                USBD_LL_Suspend
 .text.USBD_LL_Resume
                0x0800ad36       0x30 ./Middlewares/ST/STM32_USB_Device_Library/Core/Src/usbd_core.o
                0x0800ad36                USBD_LL_Resume
 .text.USBD_LL_SOF
                0x0800ad66       0x40 ./Middlewares/ST/STM32_USB_Device_Library/Core/Src/usbd_core.o
                0x0800ad66                USBD_LL_SOF
 .text.USBD_LL_IsoINIncomplete
                0x0800ada6       0x64 ./Middlewares/ST/STM32_USB_Device_Library/Core/Src/usbd_core.o
                0x0800ada6                USBD_LL_IsoINIncomplete
 .text.USBD_LL_IsoOUTIncomplete
                0x0800ae0a       0x64 ./Middlewares/ST/STM32_USB_Device_Library/Core/Src/usbd_core.o
                0x0800ae0a                USBD_LL_IsoOUTIncomplete
 .text.USBD_LL_DevConnected
                0x0800ae6e       0x16 ./Middlewares/ST/STM32_USB_Device_Library/Core/Src/usbd_core.o
                0x0800ae6e                USBD_LL_DevConnected
 .text.USBD_LL_DevDisconnected
                0x0800ae84       0x46 ./Middlewares/ST/STM32_USB_Device_Library/Core/Src/usbd_core.o
                0x0800ae84                USBD_LL_DevDisconnected
 .text.USBD_CoreFindIF
                0x0800aeca       0x1a ./Middlewares/ST/STM32_USB_Device_Library/Core/Src/usbd_core.o
                0x0800aeca                USBD_CoreFindIF
 .text.USBD_CoreFindEP
                0x0800aee4       0x1a ./Middlewares/ST/STM32_USB_Device_Library/Core/Src/usbd_core.o
                0x0800aee4                USBD_CoreFindEP
 .text.SWAPBYTE
                0x0800aefe       0x3e ./Middlewares/ST/STM32_USB_Device_Library/Core/Src/usbd_ctlreq.o
 .text.USBD_StdDevReq
                0x0800af3c       0xe4 ./Middlewares/ST/STM32_USB_Device_Library/Core/Src/usbd_ctlreq.o
                0x0800af3c                USBD_StdDevReq
 .text.USBD_StdItfReq
                0x0800b020       0xd8 ./Middlewares/ST/STM32_USB_Device_Library/Core/Src/usbd_ctlreq.o
                0x0800b020                USBD_StdItfReq
 .text.USBD_StdEPReq
                0x0800b0f8      0x33a ./Middlewares/ST/STM32_USB_Device_Library/Core/Src/usbd_ctlreq.o
                0x0800b0f8                USBD_StdEPReq
 *fill*         0x0800b432        0x2 
 .text.USBD_GetDescriptor
                0x0800b434      0x328 ./Middlewares/ST/STM32_USB_Device_Library/Core/Src/usbd_ctlreq.o
 .text.USBD_SetAddress
                0x0800b75c       0x88 ./Middlewares/ST/STM32_USB_Device_Library/Core/Src/usbd_ctlreq.o
 .text.USBD_SetConfig
                0x0800b7e4      0x154 ./Middlewares/ST/STM32_USB_Device_Library/Core/Src/usbd_ctlreq.o
 .text.USBD_GetConfig
                0x0800b938       0x6c ./Middlewares/ST/STM32_USB_Device_Library/Core/Src/usbd_ctlreq.o
 .text.USBD_GetStatus
                0x0800b9a4       0x68 ./Middlewares/ST/STM32_USB_Device_Library/Core/Src/usbd_ctlreq.o
 .text.USBD_SetFeature
                0x0800ba0c       0x52 ./Middlewares/ST/STM32_USB_Device_Library/Core/Src/usbd_ctlreq.o
 .text.USBD_ClrFeature
                0x0800ba5e       0x44 ./Middlewares/ST/STM32_USB_Device_Library/Core/Src/usbd_ctlreq.o
 .text.USBD_ParseSetupRequest
                0x0800baa2       0x74 ./Middlewares/ST/STM32_USB_Device_Library/Core/Src/usbd_ctlreq.o
                0x0800baa2                USBD_ParseSetupRequest
 .text.USBD_CtlError
                0x0800bb16       0x22 ./Middlewares/ST/STM32_USB_Device_Library/Core/Src/usbd_ctlreq.o
                0x0800bb16                USBD_CtlError
 .text.USBD_CtlSendData
                0x0800bb38       0x36 ./Middlewares/ST/STM32_USB_Device_Library/Core/Src/usbd_ioreq.o
                0x0800bb38                USBD_CtlSendData
 .text.USBD_CtlContinueSendData
                0x0800bb6e       0x22 ./Middlewares/ST/STM32_USB_Device_Library/Core/Src/usbd_ioreq.o
                0x0800bb6e                USBD_CtlContinueSendData
 .text.USBD_CtlContinueRx
                0x0800bb90       0x22 ./Middlewares/ST/STM32_USB_Device_Library/Core/Src/usbd_ioreq.o
                0x0800bb90                USBD_CtlContinueRx
 .text.USBD_CtlSendStatus
                0x0800bbb2       0x26 ./Middlewares/ST/STM32_USB_Device_Library/Core/Src/usbd_ioreq.o
                0x0800bbb2                USBD_CtlSendStatus
 .text.USBD_CtlReceiveStatus
                0x0800bbd8       0x26 ./Middlewares/ST/STM32_USB_Device_Library/Core/Src/usbd_ioreq.o
                0x0800bbd8                USBD_CtlReceiveStatus
 .text.HAL_PCD_SetupStageCallback
                0x0800bbfe       0x24 ./USB_DEVICE/Target/usbd_conf.o
                0x0800bbfe                HAL_PCD_SetupStageCallback
 .text.HAL_PCD_DataOutStageCallback
                0x0800bc22       0x36 ./USB_DEVICE/Target/usbd_conf.o
                0x0800bc22                HAL_PCD_DataOutStageCallback
 .text.HAL_PCD_DataInStageCallback
                0x0800bc58       0x34 ./USB_DEVICE/Target/usbd_conf.o
                0x0800bc58                HAL_PCD_DataInStageCallback
 .text.HAL_PCD_SOFCallback
                0x0800bc8c       0x1c ./USB_DEVICE/Target/usbd_conf.o
                0x0800bc8c                HAL_PCD_SOFCallback
 .text.HAL_PCD_ResetCallback
                0x0800bca8       0x50 ./USB_DEVICE/Target/usbd_conf.o
                0x0800bca8                HAL_PCD_ResetCallback
 .text.HAL_PCD_SuspendCallback
                0x0800bcf8       0x4c ./USB_DEVICE/Target/usbd_conf.o
                0x0800bcf8                HAL_PCD_SuspendCallback
 .text.HAL_PCD_ResumeCallback
                0x0800bd44       0x1c ./USB_DEVICE/Target/usbd_conf.o
                0x0800bd44                HAL_PCD_ResumeCallback
 .text.HAL_PCD_ISOOUTIncompleteCallback
                0x0800bd60       0x24 ./USB_DEVICE/Target/usbd_conf.o
                0x0800bd60                HAL_PCD_ISOOUTIncompleteCallback
 .text.HAL_PCD_ISOINIncompleteCallback
                0x0800bd84       0x24 ./USB_DEVICE/Target/usbd_conf.o
                0x0800bd84                HAL_PCD_ISOINIncompleteCallback
 .text.HAL_PCD_ConnectCallback
                0x0800bda8       0x1c ./USB_DEVICE/Target/usbd_conf.o
                0x0800bda8                HAL_PCD_ConnectCallback
 .text.HAL_PCD_DisconnectCallback
                0x0800bdc4       0x1c ./USB_DEVICE/Target/usbd_conf.o
                0x0800bdc4                HAL_PCD_DisconnectCallback
 .text.USBD_LL_OpenEP
                0x0800bde0       0x4c ./USB_DEVICE/Target/usbd_conf.o
                0x0800bde0                USBD_LL_OpenEP
 .text.USBD_LL_StallEP
                0x0800be2c       0x3e ./USB_DEVICE/Target/usbd_conf.o
                0x0800be2c                USBD_LL_StallEP
 .text.USBD_LL_ClearStallEP
                0x0800be6a       0x3e ./USB_DEVICE/Target/usbd_conf.o
                0x0800be6a                USBD_LL_ClearStallEP
 .text.USBD_LL_IsStallEP
                0x0800bea8       0x58 ./USB_DEVICE/Target/usbd_conf.o
                0x0800bea8                USBD_LL_IsStallEP
 .text.USBD_LL_SetUSBAddress
                0x0800bf00       0x3e ./USB_DEVICE/Target/usbd_conf.o
                0x0800bf00                USBD_LL_SetUSBAddress
 .text.USBD_LL_Transmit
                0x0800bf3e       0x42 ./USB_DEVICE/Target/usbd_conf.o
                0x0800bf3e                USBD_LL_Transmit
 .text.USBD_LL_PrepareReceive
                0x0800bf80       0x42 ./USB_DEVICE/Target/usbd_conf.o
                0x0800bf80                USBD_LL_PrepareReceive
 *fill*         0x0800bfc2        0x2 
 .text.USBD_Get_USB_Status
                0x0800bfc4       0x58 ./USB_DEVICE/Target/usbd_conf.o
                0x0800bfc4                USBD_Get_USB_Status
 .text.memset   0x0800c01c       0x10 C:/ST/STM32CubeIDE_1.18.1/STM32CubeIDE/plugins/com.st.stm32cube.ide.mcu.externaltools.gnu-tools-for-stm32.13.3.rel1.win32_1.0.0.202411081344/tools/bin/../lib/gcc/arm-none-eabi/13.3.1/../../../../arm-none-eabi/lib/thumb/v7e-m+dp/hard\libc_nano.a(libc_a-memset.o)
                0x0800c01c                memset
 .text.__libc_init_array
                0x0800c02c       0x48 C:/ST/STM32CubeIDE_1.18.1/STM32CubeIDE/plugins/com.st.stm32cube.ide.mcu.externaltools.gnu-tools-for-stm32.13.3.rel1.win32_1.0.0.202411081344/tools/bin/../lib/gcc/arm-none-eabi/13.3.1/../../../../arm-none-eabi/lib/thumb/v7e-m+dp/hard\libc_nano.a(libc_a-init.o)
                0x0800c02c                __libc_init_array
 *(.glue_7)
 .glue_7        0x0800c074        0x0 linker stubs
 *(.glue_7t)
 .glue_7t       0x0800c074        0x0 linker stubs
 *(.eh_frame)
 .eh_frame      0x0800c074        0x0 C:/ST/STM32CubeIDE_1.18.1/STM32CubeIDE/plugins/com.st.stm32cube.ide.mcu.externaltools.gnu-tools-for-stm32.13.3.rel1.win32_1.0.0.202411081344/tools/bin/../lib/gcc/arm-none-eabi/13.3.1/thumb/v7e-m+dp/hard/crtbegin.o
 *(.init)
 .init          0x0800c074        0x4 C:/ST/STM32CubeIDE_1.18.1/STM32CubeIDE/plugins/com.st.stm32cube.ide.mcu.externaltools.gnu-tools-for-stm32.13.3.rel1.win32_1.0.0.202411081344/tools/bin/../lib/gcc/arm-none-eabi/13.3.1/thumb/v7e-m+dp/hard/crti.o
                0x0800c074                _init
 .init          0x0800c078        0x8 C:/ST/STM32CubeIDE_1.18.1/STM32CubeIDE/plugins/com.st.stm32cube.ide.mcu.externaltools.gnu-tools-for-stm32.13.3.rel1.win32_1.0.0.202411081344/tools/bin/../lib/gcc/arm-none-eabi/13.3.1/thumb/v7e-m+dp/hard/crtn.o
 *(.fini)
 .fini          0x0800c080        0x4 C:/ST/STM32CubeIDE_1.18.1/STM32CubeIDE/plugins/com.st.stm32cube.ide.mcu.externaltools.gnu-tools-for-stm32.13.3.rel1.win32_1.0.0.202411081344/tools/bin/../lib/gcc/arm-none-eabi/13.3.1/thumb/v7e-m+dp/hard/crti.o
                0x0800c080                _fini
 .fini          0x0800c084        0x8 C:/ST/STM32CubeIDE_1.18.1/STM32CubeIDE/plugins/com.st.stm32cube.ide.mcu.externaltools.gnu-tools-for-stm32.13.3.rel1.win32_1.0.0.202411081344/tools/bin/../lib/gcc/arm-none-eabi/13.3.1/thumb/v7e-m+dp/hard/crtn.o
                0x0800c08c                        . = ALIGN (0x4)
                0x0800c08c                        _etext = .

.vfp11_veneer   0x0800c08c        0x0
 .vfp11_veneer  0x0800c08c        0x0 linker stubs

.v4_bx          0x0800c08c        0x0
 .v4_bx         0x0800c08c        0x0 linker stubs

.iplt           0x0800c08c        0x0
 .iplt          0x0800c08c        0x0 C:/ST/STM32CubeIDE_1.18.1/STM32CubeIDE/plugins/com.st.stm32cube.ide.mcu.externaltools.gnu-tools-for-stm32.13.3.rel1.win32_1.0.0.202411081344/tools/bin/../lib/gcc/arm-none-eabi/13.3.1/thumb/v7e-m+dp/hard/crtbegin.o

.rodata         0x0800c08c       0x38
                0x0800c08c                        . = ALIGN (0x4)
 *(.rodata)
 *(.rodata*)
 .rodata.D1CorePrescTable
                0x0800c08c       0x10 ./Core/Src/system_stm32h7xx.o
                0x0800c08c                D1CorePrescTable
 .rodata.UARTPrescTable
                0x0800c09c       0x18 ./Drivers/STM32H7xx_HAL_Driver/Src/stm32h7xx_hal_uart.o
                0x0800c09c                UARTPrescTable
 .rodata.numerator.1
                0x0800c0b4        0x8 ./Drivers/STM32H7xx_HAL_Driver/Src/stm32h7xx_hal_uart_ex.o
 .rodata.denominator.0
                0x0800c0bc        0x8 ./Drivers/STM32H7xx_HAL_Driver/Src/stm32h7xx_hal_uart_ex.o
                0x0800c0c4                        . = ALIGN (0x4)

.ARM.extab
 *(.ARM.extab* .gnu.linkonce.armextab.*)

.ARM            0x0800c0c4        0x8
                0x0800c0c4                        __exidx_start = .
 *(.ARM.exidx*)
 .ARM.exidx     0x0800c0c4        0x8 C:/ST/STM32CubeIDE_1.18.1/STM32CubeIDE/plugins/com.st.stm32cube.ide.mcu.externaltools.gnu-tools-for-stm32.13.3.rel1.win32_1.0.0.202411081344/tools/bin/../lib/gcc/arm-none-eabi/13.3.1/../../../../arm-none-eabi/lib/thumb/v7e-m+dp/hard\libc_nano.a(libc_a-strlen.o)
 .ARM.exidx     0x0800c0cc        0x0 C:/ST/STM32CubeIDE_1.18.1/STM32CubeIDE/plugins/com.st.stm32cube.ide.mcu.externaltools.gnu-tools-for-stm32.13.3.rel1.win32_1.0.0.202411081344/tools/bin/../lib/gcc/arm-none-eabi/13.3.1/thumb/v7e-m+dp/hard\libgcc.a(_udivmoddi4.o)
                                  0x8 (size before relaxing)
                0x0800c0cc                        __exidx_end = .

.preinit_array  0x0800c0cc        0x0
                0x0800c0cc                        PROVIDE (__preinit_array_start = .)
 *(.preinit_array*)
                0x0800c0cc                        PROVIDE (__preinit_array_end = .)

.init_array     0x0800c0cc        0x4
                0x0800c0cc                        PROVIDE (__init_array_start = .)
 *(SORT_BY_NAME(.init_array.*))
 *(.init_array*)
 .init_array    0x0800c0cc        0x4 C:/ST/STM32CubeIDE_1.18.1/STM32CubeIDE/plugins/com.st.stm32cube.ide.mcu.externaltools.gnu-tools-for-stm32.13.3.rel1.win32_1.0.0.202411081344/tools/bin/../lib/gcc/arm-none-eabi/13.3.1/thumb/v7e-m+dp/hard/crtbegin.o
                0x0800c0d0                        PROVIDE (__init_array_end = .)

.fini_array     0x0800c0d0        0x4
                [!provide]                        PROVIDE (__fini_array_start = .)
 *(SORT_BY_NAME(.fini_array.*))
 *(.fini_array*)
 .fini_array    0x0800c0d0        0x4 C:/ST/STM32CubeIDE_1.18.1/STM32CubeIDE/plugins/com.st.stm32cube.ide.mcu.externaltools.gnu-tools-for-stm32.13.3.rel1.win32_1.0.0.202411081344/tools/bin/../lib/gcc/arm-none-eabi/13.3.1/thumb/v7e-m+dp/hard/crtbegin.o
                [!provide]                        PROVIDE (__fini_array_end = .)
                0x0800c0d4                        _sidata = LOADADDR (.data)

.rel.dyn        0x0800c0d4        0x0
 .rel.iplt      0x0800c0d4        0x0 C:/ST/STM32CubeIDE_1.18.1/STM32CubeIDE/plugins/com.st.stm32cube.ide.mcu.externaltools.gnu-tools-for-stm32.13.3.rel1.win32_1.0.0.202411081344/tools/bin/../lib/gcc/arm-none-eabi/13.3.1/thumb/v7e-m+dp/hard/crtbegin.o

.data           0x24000000      0x104 load address 0x0800c0d4
                0x24000000                        . = ALIGN (0x4)
                0x24000000                        _sdata = .
 *(.data)
 *(.data*)
 .data.aTxBuffer
                0x24000000       0xf1 ./Core/Src/main.o
                0x24000000                aTxBuffer
 *fill*         0x240000f1        0x3 
 .data.SystemCoreClock
                0x240000f4        0x4 ./Core/Src/system_stm32h7xx.o
                0x240000f4                SystemCoreClock
 .data.SystemD2Clock
                0x240000f8        0x4 ./Core/Src/system_stm32h7xx.o
                0x240000f8                SystemD2Clock
 .data.uwTickPrio
                0x240000fc        0x4 ./Drivers/STM32H7xx_HAL_Driver/Src/stm32h7xx_hal.o
                0x240000fc                uwTickPrio
 .data.uwTickFreq
                0x24000100        0x1 ./Drivers/STM32H7xx_HAL_Driver/Src/stm32h7xx_hal.o
                0x24000100                uwTickFreq
 *(.RamFunc)
 *(.RamFunc*)
                0x24000104                        . = ALIGN (0x4)
 *fill*         0x24000101        0x3 
                0x24000104                        _edata = .

.igot.plt       0x24000104        0x0 load address 0x0800c1d8
 .igot.plt      0x24000104        0x0 C:/ST/STM32CubeIDE_1.18.1/STM32CubeIDE/plugins/com.st.stm32cube.ide.mcu.externaltools.gnu-tools-for-stm32.13.3.rel1.win32_1.0.0.202411081344/tools/bin/../lib/gcc/arm-none-eabi/13.3.1/thumb/v7e-m+dp/hard/crtbegin.o
                0x24000104                        . = ALIGN (0x4)

.bss            0x24000104      0x760 load address 0x0800c1d8
                0x24000104                        _sbss = .
                0x24000104                        __bss_start__ = _sbss
 *(.bss)
 .bss           0x24000104       0x1c C:/ST/STM32CubeIDE_1.18.1/STM32CubeIDE/plugins/com.st.stm32cube.ide.mcu.externaltools.gnu-tools-for-stm32.13.3.rel1.win32_1.0.0.202411081344/tools/bin/../lib/gcc/arm-none-eabi/13.3.1/thumb/v7e-m+dp/hard/crtbegin.o
 *(.bss*)
 .bss.hqspi     0x24000120       0x4c ./Core/Src/main.o
                0x24000120                hqspi
 .bss.htim7     0x2400016c       0x4c ./Core/Src/main.o
                0x2400016c                htim7
 .bss.huart1    0x240001b8       0x94 ./Core/Src/main.o
                0x240001b8                huart1
 .bss.sCommand  0x2400024c       0x38 ./Core/Src/main.o
                0x2400024c                sCommand
 .bss.CmdCplt   0x24000284        0x1 ./Core/Src/main.o
                0x24000284                CmdCplt
 .bss.RxCplt    0x24000285        0x1 ./Core/Src/main.o
                0x24000285                RxCplt
 .bss.TxCplt    0x24000286        0x1 ./Core/Src/main.o
                0x24000286                TxCplt
 .bss.StatusMatch
                0x24000287        0x1 ./Core/Src/main.o
                0x24000287                StatusMatch
 .bss.aRxBuffer
                0x24000288       0xf0 ./Core/Src/main.o
                0x24000288                aRxBuffer
 .bss.uwTick    0x24000378        0x4 ./Drivers/STM32H7xx_HAL_Driver/Src/stm32h7xx_hal.o
                0x24000378                uwTick
 .bss.cfgidx.0  0x2400037c        0x1 ./Middlewares/ST/STM32_USB_Device_Library/Core/Src/usbd_ctlreq.o
 *fill*         0x2400037d        0x3 
 .bss.hpcd_USB_OTG_FS
                0x24000380      0x4e4 ./USB_DEVICE/Target/usbd_conf.o
                0x24000380                hpcd_USB_OTG_FS
 *(COMMON)
                0x24000864                        . = ALIGN (0x4)
                0x24000864                        _ebss = .
                0x24000864                        __bss_end__ = _ebss

._user_heap_stack
                0x24000864     0xc004 load address 0x0800c1d8
                0x24000868                        . = ALIGN (0x8)
 *fill*         0x24000864        0x4 
                [!provide]                        PROVIDE (end = .)
                0x24000868                        PROVIDE (_end = .)
                0x24004868                        . = (. + _Min_Heap_Size)
 *fill*         0x24000868     0x4000 
                0x2400c868                        . = (. + _Min_Stack_Size)
 *fill*         0x24004868     0x8000 
                0x2400c868                        . = ALIGN (0x8)

/DISCARD/
 libc.a(*)
 libm.a(*)
 libgcc.a(*)

.ARM.attributes
                0x00000000       0x2e
 *(.ARM.attributes)
 .ARM.attributes
                0x00000000       0x20 C:/ST/STM32CubeIDE_1.18.1/STM32CubeIDE/plugins/com.st.stm32cube.ide.mcu.externaltools.gnu-tools-for-stm32.13.3.rel1.win32_1.0.0.202411081344/tools/bin/../lib/gcc/arm-none-eabi/13.3.1/thumb/v7e-m+dp/hard/crti.o
 .ARM.attributes
                0x00000020       0x32 C:/ST/STM32CubeIDE_1.18.1/STM32CubeIDE/plugins/com.st.stm32cube.ide.mcu.externaltools.gnu-tools-for-stm32.13.3.rel1.win32_1.0.0.202411081344/tools/bin/../lib/gcc/arm-none-eabi/13.3.1/thumb/v7e-m+dp/hard/crtbegin.o
 .ARM.attributes
                0x00000052       0x32 ./Core/Src/main.o
 .ARM.attributes
                0x00000084       0x32 ./Core/Src/stm32h7xx_hal_msp.o
 .ARM.attributes
                0x000000b6       0x32 ./Core/Src/stm32h7xx_it.o
 .ARM.attributes
                0x000000e8       0x32 ./Core/Src/system_stm32h7xx.o
 .ARM.attributes
                0x0000011a       0x21 ./Core/Startup/startup_stm32h743vitx.o
 .ARM.attributes
                0x0000013b       0x32 ./Drivers/STM32H7xx_HAL_Driver/Src/stm32h7xx_hal.o
 .ARM.attributes
                0x0000016d       0x32 ./Drivers/STM32H7xx_HAL_Driver/Src/stm32h7xx_hal_cortex.o
 .ARM.attributes
                0x0000019f       0x32 ./Drivers/STM32H7xx_HAL_Driver/Src/stm32h7xx_hal_dma.o
 .ARM.attributes
                0x000001d1       0x32 ./Drivers/STM32H7xx_HAL_Driver/Src/stm32h7xx_hal_gpio.o
 .ARM.attributes
                0x00000203       0x32 ./Drivers/STM32H7xx_HAL_Driver/Src/stm32h7xx_hal_mdma.o
 .ARM.attributes
                0x00000235       0x32 ./Drivers/STM32H7xx_HAL_Driver/Src/stm32h7xx_hal_pcd.o
 .ARM.attributes
                0x00000267       0x32 ./Drivers/STM32H7xx_HAL_Driver/Src/stm32h7xx_hal_pcd_ex.o
 .ARM.attributes
                0x00000299       0x32 ./Drivers/STM32H7xx_HAL_Driver/Src/stm32h7xx_hal_pwr_ex.o
 .ARM.attributes
                0x000002cb       0x32 ./Drivers/STM32H7xx_HAL_Driver/Src/stm32h7xx_hal_qspi.o
 .ARM.attributes
                0x000002fd       0x32 ./Drivers/STM32H7xx_HAL_Driver/Src/stm32h7xx_hal_rcc.o
 .ARM.attributes
                0x0000032f       0x32 ./Drivers/STM32H7xx_HAL_Driver/Src/stm32h7xx_hal_rcc_ex.o
 .ARM.attributes
                0x00000361       0x32 ./Drivers/STM32H7xx_HAL_Driver/Src/stm32h7xx_hal_tim.o
 .ARM.attributes
                0x00000393       0x32 ./Drivers/STM32H7xx_HAL_Driver/Src/stm32h7xx_hal_tim_ex.o
 .ARM.attributes
                0x000003c5       0x32 ./Drivers/STM32H7xx_HAL_Driver/Src/stm32h7xx_hal_uart.o
 .ARM.attributes
                0x000003f7       0x32 ./Drivers/STM32H7xx_HAL_Driver/Src/stm32h7xx_hal_uart_ex.o
 .ARM.attributes
                0x00000429       0x32 ./Drivers/STM32H7xx_HAL_Driver/Src/stm32h7xx_ll_usb.o
 .ARM.attributes
                0x0000045b       0x32 ./Middlewares/ST/STM32_USB_Device_Library/Core/Src/usbd_core.o
 .ARM.attributes
                0x0000048d       0x32 ./Middlewares/ST/STM32_USB_Device_Library/Core/Src/usbd_ctlreq.o
 .ARM.attributes
                0x000004bf       0x32 ./Middlewares/ST/STM32_USB_Device_Library/Core/Src/usbd_ioreq.o
 .ARM.attributes
                0x000004f1       0x32 ./USB_DEVICE/Target/usbd_conf.o
 .ARM.attributes
                0x00000523       0x32 C:/ST/STM32CubeIDE_1.18.1/STM32CubeIDE/plugins/com.st.stm32cube.ide.mcu.externaltools.gnu-tools-for-stm32.13.3.rel1.win32_1.0.0.202411081344/tools/bin/../lib/gcc/arm-none-eabi/13.3.1/../../../../arm-none-eabi/lib/thumb/v7e-m+dp/hard\libc_nano.a(libc_a-memset.o)
 .ARM.attributes
                0x00000555       0x32 C:/ST/STM32CubeIDE_1.18.1/STM32CubeIDE/plugins/com.st.stm32cube.ide.mcu.externaltools.gnu-tools-for-stm32.13.3.rel1.win32_1.0.0.202411081344/tools/bin/../lib/gcc/arm-none-eabi/13.3.1/../../../../arm-none-eabi/lib/thumb/v7e-m+dp/hard\libc_nano.a(libc_a-init.o)
 .ARM.attributes
                0x00000587       0x17 C:/ST/STM32CubeIDE_1.18.1/STM32CubeIDE/plugins/com.st.stm32cube.ide.mcu.externaltools.gnu-tools-for-stm32.13.3.rel1.win32_1.0.0.202411081344/tools/bin/../lib/gcc/arm-none-eabi/13.3.1/../../../../arm-none-eabi/lib/thumb/v7e-m+dp/hard\libc_nano.a(libc_a-strlen.o)
 .ARM.attributes
                0x0000059e       0x20 C:/ST/STM32CubeIDE_1.18.1/STM32CubeIDE/plugins/com.st.stm32cube.ide.mcu.externaltools.gnu-tools-for-stm32.13.3.rel1.win32_1.0.0.202411081344/tools/bin/../lib/gcc/arm-none-eabi/13.3.1/thumb/v7e-m+dp/hard\libgcc.a(_aeabi_uldivmod.o)
 .ARM.attributes
                0x000005be       0x32 C:/ST/STM32CubeIDE_1.18.1/STM32CubeIDE/plugins/com.st.stm32cube.ide.mcu.externaltools.gnu-tools-for-stm32.13.3.rel1.win32_1.0.0.202411081344/tools/bin/../lib/gcc/arm-none-eabi/13.3.1/thumb/v7e-m+dp/hard\libgcc.a(_udivmoddi4.o)
 .ARM.attributes
                0x000005f0       0x20 C:/ST/STM32CubeIDE_1.18.1/STM32CubeIDE/plugins/com.st.stm32cube.ide.mcu.externaltools.gnu-tools-for-stm32.13.3.rel1.win32_1.0.0.202411081344/tools/bin/../lib/gcc/arm-none-eabi/13.3.1/thumb/v7e-m+dp/hard\libgcc.a(_dvmd_tls.o)
 .ARM.attributes
                0x00000610       0x20 C:/ST/STM32CubeIDE_1.18.1/STM32CubeIDE/plugins/com.st.stm32cube.ide.mcu.externaltools.gnu-tools-for-stm32.13.3.rel1.win32_1.0.0.202411081344/tools/bin/../lib/gcc/arm-none-eabi/13.3.1/thumb/v7e-m+dp/hard/crtn.o
OUTPUT(QSPI_TEST.elf elf32-littlearm)
LOAD linker stubs
LOAD C:/ST/STM32CubeIDE_1.18.1/STM32CubeIDE/plugins/com.st.stm32cube.ide.mcu.externaltools.gnu-tools-for-stm32.13.3.rel1.win32_1.0.0.202411081344/tools/bin/../lib/gcc/arm-none-eabi/13.3.1/../../../../arm-none-eabi/lib/thumb/v7e-m+dp/hard\libc.a
LOAD C:/ST/STM32CubeIDE_1.18.1/STM32CubeIDE/plugins/com.st.stm32cube.ide.mcu.externaltools.gnu-tools-for-stm32.13.3.rel1.win32_1.0.0.202411081344/tools/bin/../lib/gcc/arm-none-eabi/13.3.1/../../../../arm-none-eabi/lib/thumb/v7e-m+dp/hard\libm.a
LOAD C:/ST/STM32CubeIDE_1.18.1/STM32CubeIDE/plugins/com.st.stm32cube.ide.mcu.externaltools.gnu-tools-for-stm32.13.3.rel1.win32_1.0.0.202411081344/tools/bin/../lib/gcc/arm-none-eabi/13.3.1/thumb/v7e-m+dp/hard\libgcc.a

.debug_info     0x00000000    0x213d7
 .debug_info    0x00000000     0x2550 ./Core/Src/main.o
 .debug_info    0x00002550     0x1f03 ./Core/Src/stm32h7xx_hal_msp.o
 .debug_info    0x00004453     0x1747 ./Core/Src/stm32h7xx_it.o
 .debug_info    0x00005b9a      0xdb2 ./Core/Src/system_stm32h7xx.o
 .debug_info    0x0000694c       0x30 ./Core/Startup/startup_stm32h743vitx.o
 .debug_info    0x0000697c     0x153b ./Drivers/STM32H7xx_HAL_Driver/Src/stm32h7xx_hal.o
 .debug_info    0x00007eb7     0x10b1 ./Drivers/STM32H7xx_HAL_Driver/Src/stm32h7xx_hal_cortex.o
 .debug_info    0x00008f68      0xc31 ./Drivers/STM32H7xx_HAL_Driver/Src/stm32h7xx_hal_dma.o
 .debug_info    0x00009b99      0xc5a ./Drivers/STM32H7xx_HAL_Driver/Src/stm32h7xx_hal_gpio.o
 .debug_info    0x0000a7f3      0xbd2 ./Drivers/STM32H7xx_HAL_Driver/Src/stm32h7xx_hal_mdma.o
 .debug_info    0x0000b3c5     0x1561 ./Drivers/STM32H7xx_HAL_Driver/Src/stm32h7xx_hal_pcd.o
 .debug_info    0x0000c926      0x8b3 ./Drivers/STM32H7xx_HAL_Driver/Src/stm32h7xx_hal_pcd_ex.o
 .debug_info    0x0000d1d9     0x1012 ./Drivers/STM32H7xx_HAL_Driver/Src/stm32h7xx_hal_pwr_ex.o
 .debug_info    0x0000e1eb     0x12b8 ./Drivers/STM32H7xx_HAL_Driver/Src/stm32h7xx_hal_qspi.o
 .debug_info    0x0000f4a3      0xe6a ./Drivers/STM32H7xx_HAL_Driver/Src/stm32h7xx_hal_rcc.o
 .debug_info    0x0001030d     0x1225 ./Drivers/STM32H7xx_HAL_Driver/Src/stm32h7xx_hal_rcc_ex.o
 .debug_info    0x00011532     0x2bae ./Drivers/STM32H7xx_HAL_Driver/Src/stm32h7xx_hal_tim.o
 .debug_info    0x000140e0     0x17eb ./Drivers/STM32H7xx_HAL_Driver/Src/stm32h7xx_hal_tim_ex.o
 .debug_info    0x000158cb     0x4b1d ./Drivers/STM32H7xx_HAL_Driver/Src/stm32h7xx_hal_uart.o
 .debug_info    0x0001a3e8      0xfbf ./Drivers/STM32H7xx_HAL_Driver/Src/stm32h7xx_hal_uart_ex.o
 .debug_info    0x0001b3a7     0x1a1e ./Drivers/STM32H7xx_HAL_Driver/Src/stm32h7xx_ll_usb.o
 .debug_info    0x0001cdc5      0xe20 ./Middlewares/ST/STM32_USB_Device_Library/Core/Src/usbd_core.o
 .debug_info    0x0001dbe5      0xaf9 ./Middlewares/ST/STM32_USB_Device_Library/Core/Src/usbd_ctlreq.o
 .debug_info    0x0001e6de      0x770 ./Middlewares/ST/STM32_USB_Device_Library/Core/Src/usbd_ioreq.o
 .debug_info    0x0001ee4e     0x2589 ./USB_DEVICE/Target/usbd_conf.o

.debug_abbrev   0x00000000     0x3ce2
 .debug_abbrev  0x00000000      0x405 ./Core/Src/main.o
 .debug_abbrev  0x00000405      0x260 ./Core/Src/stm32h7xx_hal_msp.o
 .debug_abbrev  0x00000665      0x1ed ./Core/Src/stm32h7xx_it.o
 .debug_abbrev  0x00000852      0x165 ./Core/Src/system_stm32h7xx.o
 .debug_abbrev  0x000009b7       0x24 ./Core/Startup/startup_stm32h743vitx.o
 .debug_abbrev  0x000009db      0x295 ./Drivers/STM32H7xx_HAL_Driver/Src/stm32h7xx_hal.o
 .debug_abbrev  0x00000c70      0x339 ./Drivers/STM32H7xx_HAL_Driver/Src/stm32h7xx_hal_cortex.o
 .debug_abbrev  0x00000fa9      0x248 ./Drivers/STM32H7xx_HAL_Driver/Src/stm32h7xx_hal_dma.o
 .debug_abbrev  0x000011f1      0x205 ./Drivers/STM32H7xx_HAL_Driver/Src/stm32h7xx_hal_gpio.o
 .debug_abbrev  0x000013f6      0x1ff ./Drivers/STM32H7xx_HAL_Driver/Src/stm32h7xx_hal_mdma.o
 .debug_abbrev  0x000015f5      0x2dc ./Drivers/STM32H7xx_HAL_Driver/Src/stm32h7xx_hal_pcd.o
 .debug_abbrev  0x000018d1      0x256 ./Drivers/STM32H7xx_HAL_Driver/Src/stm32h7xx_hal_pcd_ex.o
 .debug_abbrev  0x00001b27      0x2a7 ./Drivers/STM32H7xx_HAL_Driver/Src/stm32h7xx_hal_pwr_ex.o
 .debug_abbrev  0x00001dce      0x24d ./Drivers/STM32H7xx_HAL_Driver/Src/stm32h7xx_hal_qspi.o
 .debug_abbrev  0x0000201b      0x2c8 ./Drivers/STM32H7xx_HAL_Driver/Src/stm32h7xx_hal_rcc.o
 .debug_abbrev  0x000022e3      0x269 ./Drivers/STM32H7xx_HAL_Driver/Src/stm32h7xx_hal_rcc_ex.o
 .debug_abbrev  0x0000254c      0x276 ./Drivers/STM32H7xx_HAL_Driver/Src/stm32h7xx_hal_tim.o
 .debug_abbrev  0x000027c2      0x281 ./Drivers/STM32H7xx_HAL_Driver/Src/stm32h7xx_hal_tim_ex.o
 .debug_abbrev  0x00002a43      0x33d ./Drivers/STM32H7xx_HAL_Driver/Src/stm32h7xx_hal_uart.o
 .debug_abbrev  0x00002d80      0x2d2 ./Drivers/STM32H7xx_HAL_Driver/Src/stm32h7xx_hal_uart_ex.o
 .debug_abbrev  0x00003052      0x2b3 ./Drivers/STM32H7xx_HAL_Driver/Src/stm32h7xx_ll_usb.o
 .debug_abbrev  0x00003305      0x27c ./Middlewares/ST/STM32_USB_Device_Library/Core/Src/usbd_core.o
 .debug_abbrev  0x00003581      0x26f ./Middlewares/ST/STM32_USB_Device_Library/Core/Src/usbd_ctlreq.o
 .debug_abbrev  0x000037f0      0x19a ./Middlewares/ST/STM32_USB_Device_Library/Core/Src/usbd_ioreq.o
 .debug_abbrev  0x0000398a      0x358 ./USB_DEVICE/Target/usbd_conf.o

.debug_aranges  0x00000000     0x18e8
 .debug_aranges
                0x00000000       0xc0 ./Core/Src/main.o
 .debug_aranges
                0x000000c0       0x50 ./Core/Src/stm32h7xx_hal_msp.o
 .debug_aranges
                0x00000110       0x80 ./Core/Src/stm32h7xx_it.o
 .debug_aranges
                0x00000190       0x30 ./Core/Src/system_stm32h7xx.o
 .debug_aranges
                0x000001c0       0x28 ./Core/Startup/startup_stm32h743vitx.o
 .debug_aranges
                0x000001e8      0x198 ./Drivers/STM32H7xx_HAL_Driver/Src/stm32h7xx_hal.o
 .debug_aranges
                0x00000380      0x130 ./Drivers/STM32H7xx_HAL_Driver/Src/stm32h7xx_hal_cortex.o
 .debug_aranges
                0x000004b0       0xa0 ./Drivers/STM32H7xx_HAL_Driver/Src/stm32h7xx_hal_dma.o
 .debug_aranges
                0x00000550       0x58 ./Drivers/STM32H7xx_HAL_Driver/Src/stm32h7xx_hal_gpio.o
 .debug_aranges
                0x000005a8       0xc0 ./Drivers/STM32H7xx_HAL_Driver/Src/stm32h7xx_hal_mdma.o
 .debug_aranges
                0x00000668      0x140 ./Drivers/STM32H7xx_HAL_Driver/Src/stm32h7xx_hal_pcd.o
 .debug_aranges
                0x000007a8       0x60 ./Drivers/STM32H7xx_HAL_Driver/Src/stm32h7xx_hal_pcd_ex.o
 .debug_aranges
                0x00000808      0x158 ./Drivers/STM32H7xx_HAL_Driver/Src/stm32h7xx_hal_pwr_ex.o
 .debug_aranges
                0x00000960      0x148 ./Drivers/STM32H7xx_HAL_Driver/Src/stm32h7xx_hal_qspi.o
 .debug_aranges
                0x00000aa8       0x88 ./Drivers/STM32H7xx_HAL_Driver/Src/stm32h7xx_hal_rcc.o
 .debug_aranges
                0x00000b30       0xf8 ./Drivers/STM32H7xx_HAL_Driver/Src/stm32h7xx_hal_rcc_ex.o
 .debug_aranges
                0x00000c28      0x3e0 ./Drivers/STM32H7xx_HAL_Driver/Src/stm32h7xx_hal_tim.o
 .debug_aranges
                0x00001008      0x188 ./Drivers/STM32H7xx_HAL_Driver/Src/stm32h7xx_hal_tim_ex.o
 .debug_aranges
                0x00001190      0x248 ./Drivers/STM32H7xx_HAL_Driver/Src/stm32h7xx_hal_uart.o
 .debug_aranges
                0x000013d8       0xa8 ./Drivers/STM32H7xx_HAL_Driver/Src/stm32h7xx_hal_uart_ex.o
 .debug_aranges
                0x00001480      0x1a0 ./Drivers/STM32H7xx_HAL_Driver/Src/stm32h7xx_ll_usb.o
 .debug_aranges
                0x00001620       0xd8 ./Middlewares/ST/STM32_USB_Device_Library/Core/Src/usbd_core.o
 .debug_aranges
                0x000016f8       0x90 ./Middlewares/ST/STM32_USB_Device_Library/Core/Src/usbd_ctlreq.o
 .debug_aranges
                0x00001788       0x50 ./Middlewares/ST/STM32_USB_Device_Library/Core/Src/usbd_ioreq.o
 .debug_aranges
                0x000017d8      0x110 ./USB_DEVICE/Target/usbd_conf.o

.debug_rnglists
                0x00000000     0x1369
 .debug_rnglists
                0x00000000       0x92 ./Core/Src/main.o
 .debug_rnglists
                0x00000092       0x39 ./Core/Src/stm32h7xx_hal_msp.o
 .debug_rnglists
                0x000000cb       0x5b ./Core/Src/stm32h7xx_it.o
 .debug_rnglists
                0x00000126       0x21 ./Core/Src/system_stm32h7xx.o
 .debug_rnglists
                0x00000147       0x19 ./Core/Startup/startup_stm32h743vitx.o
 .debug_rnglists
                0x00000160      0x131 ./Drivers/STM32H7xx_HAL_Driver/Src/stm32h7xx_hal.o
 .debug_rnglists
                0x00000291       0xe0 ./Drivers/STM32H7xx_HAL_Driver/Src/stm32h7xx_hal_cortex.o
 .debug_rnglists
                0x00000371       0x82 ./Drivers/STM32H7xx_HAL_Driver/Src/stm32h7xx_hal_dma.o
 .debug_rnglists
                0x000003f3       0x3f ./Drivers/STM32H7xx_HAL_Driver/Src/stm32h7xx_hal_gpio.o
 .debug_rnglists
                0x00000432       0x9c ./Drivers/STM32H7xx_HAL_Driver/Src/stm32h7xx_hal_mdma.o
 .debug_rnglists
                0x000004ce       0xf4 ./Drivers/STM32H7xx_HAL_Driver/Src/stm32h7xx_hal_pcd.o
 .debug_rnglists
                0x000005c2       0x45 ./Drivers/STM32H7xx_HAL_Driver/Src/stm32h7xx_hal_pcd_ex.o
 .debug_rnglists
                0x00000607      0x103 ./Drivers/STM32H7xx_HAL_Driver/Src/stm32h7xx_hal_pwr_ex.o
 .debug_rnglists
                0x0000070a      0x101 ./Drivers/STM32H7xx_HAL_Driver/Src/stm32h7xx_hal_qspi.o
 .debug_rnglists
                0x0000080b       0x68 ./Drivers/STM32H7xx_HAL_Driver/Src/stm32h7xx_hal_rcc.o
 .debug_rnglists
                0x00000873       0xc0 ./Drivers/STM32H7xx_HAL_Driver/Src/stm32h7xx_hal_rcc_ex.o
 .debug_rnglists
                0x00000933      0x328 ./Drivers/STM32H7xx_HAL_Driver/Src/stm32h7xx_hal_tim.o
 .debug_rnglists
                0x00000c5b      0x13f ./Drivers/STM32H7xx_HAL_Driver/Src/stm32h7xx_hal_tim_ex.o
 .debug_rnglists
                0x00000d9a      0x1fa ./Drivers/STM32H7xx_HAL_Driver/Src/stm32h7xx_hal_uart.o
 .debug_rnglists
                0x00000f94       0x7f ./Drivers/STM32H7xx_HAL_Driver/Src/stm32h7xx_hal_uart_ex.o
 .debug_rnglists
                0x00001013      0x147 ./Drivers/STM32H7xx_HAL_Driver/Src/stm32h7xx_ll_usb.o
 .debug_rnglists
                0x0000115a       0xa1 ./Middlewares/ST/STM32_USB_Device_Library/Core/Src/usbd_core.o
 .debug_rnglists
                0x000011fb       0x6e ./Middlewares/ST/STM32_USB_Device_Library/Core/Src/usbd_ctlreq.o
 .debug_rnglists
                0x00001269       0x37 ./Middlewares/ST/STM32_USB_Device_Library/Core/Src/usbd_ioreq.o
 .debug_rnglists
                0x000012a0       0xc9 ./USB_DEVICE/Target/usbd_conf.o

.debug_macro    0x00000000    0x39d4c
 .debug_macro   0x00000000      0x3b3 ./Core/Src/main.o
 .debug_macro   0x000003b3      0xaf6 ./Core/Src/main.o
 .debug_macro   0x00000ea9      0x244 ./Core/Src/main.o
 .debug_macro   0x000010ed       0x2e ./Core/Src/main.o
 .debug_macro   0x0000111b       0x3b ./Core/Src/main.o
 .debug_macro   0x00001156       0x22 ./Core/Src/main.o
 .debug_macro   0x00001178       0x8e ./Core/Src/main.o
 .debug_macro   0x00001206       0x51 ./Core/Src/main.o
 .debug_macro   0x00001257      0x103 ./Core/Src/main.o
 .debug_macro   0x0000135a       0x6a ./Core/Src/main.o
 .debug_macro   0x000013c4      0x1df ./Core/Src/main.o
 .debug_macro   0x000015a3       0x1c ./Core/Src/main.o
 .debug_macro   0x000015bf       0x22 ./Core/Src/main.o
 .debug_macro   0x000015e1       0xfb ./Core/Src/main.o
 .debug_macro   0x000016dc     0x1305 ./Core/Src/main.o
 .debug_macro   0x000029e1      0x11f ./Core/Src/main.o
 .debug_macro   0x00002b00       0x27 ./Core/Src/main.o
 .debug_macro   0x00002b27    0x25b9b ./Core/Src/main.o
 .debug_macro   0x000286c2       0x6d ./Core/Src/main.o
 .debug_macro   0x0002872f     0x3d79 ./Core/Src/main.o
 .debug_macro   0x0002c4a8      0x190 ./Core/Src/main.o
 .debug_macro   0x0002c638       0x61 ./Core/Src/main.o
 .debug_macro   0x0002c699       0x29 ./Core/Src/main.o
 .debug_macro   0x0002c6c2       0x43 ./Core/Src/main.o
 .debug_macro   0x0002c705       0x34 ./Core/Src/main.o
 .debug_macro   0x0002c739      0x370 ./Core/Src/main.o
 .debug_macro   0x0002caa9       0x16 ./Core/Src/main.o
 .debug_macro   0x0002cabf       0x4a ./Core/Src/main.o
 .debug_macro   0x0002cb09       0x34 ./Core/Src/main.o
 .debug_macro   0x0002cb3d       0x10 ./Core/Src/main.o
 .debug_macro   0x0002cb4d       0x58 ./Core/Src/main.o
 .debug_macro   0x0002cba5       0x8e ./Core/Src/main.o
 .debug_macro   0x0002cc33       0x1c ./Core/Src/main.o
 .debug_macro   0x0002cc4f      0x185 ./Core/Src/main.o
 .debug_macro   0x0002cdd4      0x19b ./Core/Src/main.o
 .debug_macro   0x0002cf6f       0x5d ./Core/Src/main.o
 .debug_macro   0x0002cfcc     0x2382 ./Core/Src/main.o
 .debug_macro   0x0002f34e     0x102c ./Core/Src/main.o
 .debug_macro   0x0003037a      0x154 ./Core/Src/main.o
 .debug_macro   0x000304ce      0x114 ./Core/Src/main.o
 .debug_macro   0x000305e2      0x3b6 ./Core/Src/main.o
 .debug_macro   0x00030998       0xac ./Core/Src/main.o
 .debug_macro   0x00030a44      0x72d ./Core/Src/main.o
 .debug_macro   0x00031171      0x228 ./Core/Src/main.o
 .debug_macro   0x00031399       0x66 ./Core/Src/main.o
 .debug_macro   0x000313ff      0x3bb ./Core/Src/main.o
 .debug_macro   0x000317ba      0x3e4 ./Core/Src/main.o
 .debug_macro   0x00031b9e      0x275 ./Core/Src/main.o
 .debug_macro   0x00031e13      0x3ca ./Core/Src/main.o
 .debug_macro   0x000321dd      0x408 ./Core/Src/main.o
 .debug_macro   0x000325e5       0x51 ./Core/Src/main.o
 .debug_macro   0x00032636       0x4a ./Core/Src/main.o
 .debug_macro   0x00032680      0x22c ./Core/Src/main.o
 .debug_macro   0x000328ac       0x67 ./Core/Src/main.o
 .debug_macro   0x00032913       0xa5 ./Core/Src/main.o
 .debug_macro   0x000329b8      0x1c4 ./Core/Src/main.o
 .debug_macro   0x00032b7c      0x25e ./Core/Src/main.o
 .debug_macro   0x00032dda       0x35 ./Core/Src/main.o
 .debug_macro   0x00032e0f       0x16 ./Core/Src/main.o
 .debug_macro   0x00032e25      0x2ce ./Core/Src/main.o
 .debug_macro   0x000330f3      0xafa ./Core/Src/main.o
 .debug_macro   0x00033bed      0x29f ./Core/Src/main.o
 .debug_macro   0x00033e8c      0x693 ./Core/Src/main.o
 .debug_macro   0x0003451f       0xa6 ./Core/Src/main.o
 .debug_macro   0x000345c5      0x293 ./Core/Src/main.o
 .debug_macro   0x00034858       0x90 ./Core/Src/main.o
 .debug_macro   0x000348e8      0x5ac ./Core/Src/main.o
 .debug_macro   0x00034e94      0x1d1 ./Core/Src/main.o
 .debug_macro   0x00035065       0x1c ./Core/Src/main.o
 .debug_macro   0x00035081       0x3c ./Core/Src/main.o
 .debug_macro   0x000350bd       0x10 ./Core/Src/main.o
 .debug_macro   0x000350cd       0x1c ./Core/Src/main.o
 .debug_macro   0x000350e9       0x16 ./Core/Src/main.o
 .debug_macro   0x000350ff      0x146 ./Core/Src/main.o
 .debug_macro   0x00035245       0x16 ./Core/Src/main.o
 .debug_macro   0x0003525b       0x16 ./Core/Src/main.o
 .debug_macro   0x00035271       0x29 ./Core/Src/main.o
 .debug_macro   0x0003529a       0x16 ./Core/Src/main.o
 .debug_macro   0x000352b0       0x20 ./Core/Src/main.o
 .debug_macro   0x000352d0       0x6b ./Core/Src/main.o
 .debug_macro   0x0003533b      0x20f ./Core/Src/main.o
 .debug_macro   0x0003554a      0x2f3 ./Core/Src/stm32h7xx_hal_msp.o
 .debug_macro   0x0003583d      0x2fd ./Core/Src/stm32h7xx_it.o
 .debug_macro   0x00035b3a      0x2e4 ./Core/Src/system_stm32h7xx.o
 .debug_macro   0x00035e1e      0x30e ./Drivers/STM32H7xx_HAL_Driver/Src/stm32h7xx_hal.o
 .debug_macro   0x0003612c      0x2e4 ./Drivers/STM32H7xx_HAL_Driver/Src/stm32h7xx_hal_cortex.o
 .debug_macro   0x00036410      0x338 ./Drivers/STM32H7xx_HAL_Driver/Src/stm32h7xx_hal_dma.o
 .debug_macro   0x00036748      0x2eb ./Drivers/STM32H7xx_HAL_Driver/Src/stm32h7xx_hal_gpio.o
 .debug_macro   0x00036a33      0x2f3 ./Drivers/STM32H7xx_HAL_Driver/Src/stm32h7xx_hal_mdma.o
 .debug_macro   0x00036d26      0x2f0 ./Drivers/STM32H7xx_HAL_Driver/Src/stm32h7xx_hal_pcd.o
 .debug_macro   0x00037016      0x2e4 ./Drivers/STM32H7xx_HAL_Driver/Src/stm32h7xx_hal_pcd_ex.o
 .debug_macro   0x000372fa      0x31d ./Drivers/STM32H7xx_HAL_Driver/Src/stm32h7xx_hal_pwr_ex.o
 .debug_macro   0x00037617      0x308 ./Drivers/STM32H7xx_HAL_Driver/Src/stm32h7xx_hal_qspi.o
 .debug_macro   0x0003791f      0x308 ./Drivers/STM32H7xx_HAL_Driver/Src/stm32h7xx_hal_rcc.o
 .debug_macro   0x00037c27      0x302 ./Drivers/STM32H7xx_HAL_Driver/Src/stm32h7xx_hal_rcc_ex.o
 .debug_macro   0x00037f29      0x2e5 ./Drivers/STM32H7xx_HAL_Driver/Src/stm32h7xx_hal_tim.o
 .debug_macro   0x0003820e      0x2e4 ./Drivers/STM32H7xx_HAL_Driver/Src/stm32h7xx_hal_tim_ex.o
 .debug_macro   0x000384f2      0x30f ./Drivers/STM32H7xx_HAL_Driver/Src/stm32h7xx_hal_uart.o
 .debug_macro   0x00038801      0x2f0 ./Drivers/STM32H7xx_HAL_Driver/Src/stm32h7xx_hal_uart_ex.o
 .debug_macro   0x00038af1      0x2e4 ./Drivers/STM32H7xx_HAL_Driver/Src/stm32h7xx_ll_usb.o
 .debug_macro   0x00038dd5      0x3d1 ./Middlewares/ST/STM32_USB_Device_Library/Core/Src/usbd_core.o
 .debug_macro   0x000391a6      0x3db ./Middlewares/ST/STM32_USB_Device_Library/Core/Src/usbd_ctlreq.o
 .debug_macro   0x00039581      0x3d7 ./Middlewares/ST/STM32_USB_Device_Library/Core/Src/usbd_ioreq.o
 .debug_macro   0x00039958      0x3f4 ./USB_DEVICE/Target/usbd_conf.o

.debug_line     0x00000000    0x21a00
 .debug_line    0x00000000      0xf2d ./Core/Src/main.o
 .debug_line    0x00000f2d      0xa98 ./Core/Src/stm32h7xx_hal_msp.o
 .debug_line    0x000019c5      0xa65 ./Core/Src/stm32h7xx_it.o
 .debug_line    0x0000242a      0xb55 ./Core/Src/system_stm32h7xx.o
 .debug_line    0x00002f7f       0x7b ./Core/Startup/startup_stm32h743vitx.o
 .debug_line    0x00002ffa      0xf2e ./Drivers/STM32H7xx_HAL_Driver/Src/stm32h7xx_hal.o
 .debug_line    0x00003f28      0xf18 ./Drivers/STM32H7xx_HAL_Driver/Src/stm32h7xx_hal_cortex.o
 .debug_line    0x00004e40     0x28af ./Drivers/STM32H7xx_HAL_Driver/Src/stm32h7xx_hal_dma.o
 .debug_line    0x000076ef      0xdb7 ./Drivers/STM32H7xx_HAL_Driver/Src/stm32h7xx_hal_gpio.o
 .debug_line    0x000084a6     0x158e ./Drivers/STM32H7xx_HAL_Driver/Src/stm32h7xx_hal_mdma.o
 .debug_line    0x00009a34     0x1696 ./Drivers/STM32H7xx_HAL_Driver/Src/stm32h7xx_hal_pcd.o
 .debug_line    0x0000b0ca      0xb5c ./Drivers/STM32H7xx_HAL_Driver/Src/stm32h7xx_hal_pcd_ex.o
 .debug_line    0x0000bc26     0x10b2 ./Drivers/STM32H7xx_HAL_Driver/Src/stm32h7xx_hal_pwr_ex.o
 .debug_line    0x0000ccd8     0x1579 ./Drivers/STM32H7xx_HAL_Driver/Src/stm32h7xx_hal_qspi.o
 .debug_line    0x0000e251     0x15d5 ./Drivers/STM32H7xx_HAL_Driver/Src/stm32h7xx_hal_rcc.o
 .debug_line    0x0000f826     0x1ee1 ./Drivers/STM32H7xx_HAL_Driver/Src/stm32h7xx_hal_rcc_ex.o
 .debug_line    0x00011707     0x4082 ./Drivers/STM32H7xx_HAL_Driver/Src/stm32h7xx_hal_tim.o
 .debug_line    0x00015789     0x1df4 ./Drivers/STM32H7xx_HAL_Driver/Src/stm32h7xx_hal_tim_ex.o
 .debug_line    0x0001757d     0x39b5 ./Drivers/STM32H7xx_HAL_Driver/Src/stm32h7xx_hal_uart.o
 .debug_line    0x0001af32      0xec4 ./Drivers/STM32H7xx_HAL_Driver/Src/stm32h7xx_hal_uart_ex.o
 .debug_line    0x0001bdf6     0x1f4a ./Drivers/STM32H7xx_HAL_Driver/Src/stm32h7xx_ll_usb.o
 .debug_line    0x0001dd40     0x1029 ./Middlewares/ST/STM32_USB_Device_Library/Core/Src/usbd_core.o
 .debug_line    0x0001ed69     0x1223 ./Middlewares/ST/STM32_USB_Device_Library/Core/Src/usbd_ctlreq.o
 .debug_line    0x0001ff8c      0xb3f ./Middlewares/ST/STM32_USB_Device_Library/Core/Src/usbd_ioreq.o
 .debug_line    0x00020acb      0xf35 ./USB_DEVICE/Target/usbd_conf.o

.debug_str      0x00000000   0x16a9a9
 .debug_str     0x00000000   0x16a9a9 ./Core/Src/main.o
                             0x162f60 (size before relaxing)
 .debug_str     0x0016a9a9   0x1621a4 ./Core/Src/stm32h7xx_hal_msp.o
 .debug_str     0x0016a9a9   0x161771 ./Core/Src/stm32h7xx_it.o
 .debug_str     0x0016a9a9   0x1602d8 ./Core/Src/system_stm32h7xx.o
 .debug_str     0x0016a9a9       0x7a ./Core/Startup/startup_stm32h743vitx.o
 .debug_str     0x0016a9a9   0x1611af ./Drivers/STM32H7xx_HAL_Driver/Src/stm32h7xx_hal.o
 .debug_str     0x0016a9a9   0x160bea ./Drivers/STM32H7xx_HAL_Driver/Src/stm32h7xx_hal_cortex.o
 .debug_str     0x0016a9a9   0x1609d3 ./Drivers/STM32H7xx_HAL_Driver/Src/stm32h7xx_hal_dma.o
 .debug_str     0x0016a9a9   0x160250 ./Drivers/STM32H7xx_HAL_Driver/Src/stm32h7xx_hal_gpio.o
 .debug_str     0x0016a9a9   0x1605cd ./Drivers/STM32H7xx_HAL_Driver/Src/stm32h7xx_hal_mdma.o
 .debug_str     0x0016a9a9   0x160a04 ./Drivers/STM32H7xx_HAL_Driver/Src/stm32h7xx_hal_pcd.o
 .debug_str     0x0016a9a9   0x1603a2 ./Drivers/STM32H7xx_HAL_Driver/Src/stm32h7xx_hal_pcd_ex.o
 .debug_str     0x0016a9a9   0x160711 ./Drivers/STM32H7xx_HAL_Driver/Src/stm32h7xx_hal_pwr_ex.o
 .debug_str     0x0016a9a9   0x1609aa ./Drivers/STM32H7xx_HAL_Driver/Src/stm32h7xx_hal_qspi.o
 .debug_str     0x0016a9a9   0x160634 ./Drivers/STM32H7xx_HAL_Driver/Src/stm32h7xx_hal_rcc.o
 .debug_str     0x0016a9a9   0x160b15 ./Drivers/STM32H7xx_HAL_Driver/Src/stm32h7xx_hal_rcc_ex.o
 .debug_str     0x0016a9a9   0x1613d3 ./Drivers/STM32H7xx_HAL_Driver/Src/stm32h7xx_hal_tim.o
 .debug_str     0x0016a9a9   0x160cfb ./Drivers/STM32H7xx_HAL_Driver/Src/stm32h7xx_hal_tim_ex.o
 .debug_str     0x0016a9a9   0x161175 ./Drivers/STM32H7xx_HAL_Driver/Src/stm32h7xx_hal_uart.o
 .debug_str     0x0016a9a9   0x160735 ./Drivers/STM32H7xx_HAL_Driver/Src/stm32h7xx_hal_uart_ex.o
 .debug_str     0x0016a9a9   0x1608fe ./Drivers/STM32H7xx_HAL_Driver/Src/stm32h7xx_ll_usb.o
 .debug_str     0x0016a9a9   0x161f80 ./Middlewares/ST/STM32_USB_Device_Library/Core/Src/usbd_core.o
 .debug_str     0x0016a9a9   0x161dab ./Middlewares/ST/STM32_USB_Device_Library/Core/Src/usbd_ctlreq.o
 .debug_str     0x0016a9a9   0x161c80 ./Middlewares/ST/STM32_USB_Device_Library/Core/Src/usbd_ioreq.o
 .debug_str     0x0016a9a9   0x163c62 ./USB_DEVICE/Target/usbd_conf.o

.comment        0x00000000       0x43
 .comment       0x00000000       0x43 ./Core/Src/main.o
                                 0x44 (size before relaxing)
 .comment       0x00000043       0x44 ./Core/Src/stm32h7xx_hal_msp.o
 .comment       0x00000043       0x44 ./Core/Src/stm32h7xx_it.o
 .comment       0x00000043       0x44 ./Core/Src/system_stm32h7xx.o
 .comment       0x00000043       0x44 ./Drivers/STM32H7xx_HAL_Driver/Src/stm32h7xx_hal.o
 .comment       0x00000043       0x44 ./Drivers/STM32H7xx_HAL_Driver/Src/stm32h7xx_hal_cortex.o
 .comment       0x00000043       0x44 ./Drivers/STM32H7xx_HAL_Driver/Src/stm32h7xx_hal_dma.o
 .comment       0x00000043       0x44 ./Drivers/STM32H7xx_HAL_Driver/Src/stm32h7xx_hal_gpio.o
 .comment       0x00000043       0x44 ./Drivers/STM32H7xx_HAL_Driver/Src/stm32h7xx_hal_mdma.o
 .comment       0x00000043       0x44 ./Drivers/STM32H7xx_HAL_Driver/Src/stm32h7xx_hal_pcd.o
 .comment       0x00000043       0x44 ./Drivers/STM32H7xx_HAL_Driver/Src/stm32h7xx_hal_pcd_ex.o
 .comment       0x00000043       0x44 ./Drivers/STM32H7xx_HAL_Driver/Src/stm32h7xx_hal_pwr_ex.o
 .comment       0x00000043       0x44 ./Drivers/STM32H7xx_HAL_Driver/Src/stm32h7xx_hal_qspi.o
 .comment       0x00000043       0x44 ./Drivers/STM32H7xx_HAL_Driver/Src/stm32h7xx_hal_rcc.o
 .comment       0x00000043       0x44 ./Drivers/STM32H7xx_HAL_Driver/Src/stm32h7xx_hal_rcc_ex.o
 .comment       0x00000043       0x44 ./Drivers/STM32H7xx_HAL_Driver/Src/stm32h7xx_hal_tim.o
 .comment       0x00000043       0x44 ./Drivers/STM32H7xx_HAL_Driver/Src/stm32h7xx_hal_tim_ex.o
 .comment       0x00000043       0x44 ./Drivers/STM32H7xx_HAL_Driver/Src/stm32h7xx_hal_uart.o
 .comment       0x00000043       0x44 ./Drivers/STM32H7xx_HAL_Driver/Src/stm32h7xx_hal_uart_ex.o
 .comment       0x00000043       0x44 ./Drivers/STM32H7xx_HAL_Driver/Src/stm32h7xx_ll_usb.o
 .comment       0x00000043       0x44 ./Middlewares/ST/STM32_USB_Device_Library/Core/Src/usbd_core.o
 .comment       0x00000043       0x44 ./Middlewares/ST/STM32_USB_Device_Library/Core/Src/usbd_ctlreq.o
 .comment       0x00000043       0x44 ./Middlewares/ST/STM32_USB_Device_Library/Core/Src/usbd_ioreq.o
 .comment       0x00000043       0x44 ./USB_DEVICE/Target/usbd_conf.o

.debug_frame    0x00000000     0x6b64
 .debug_frame   0x00000000      0x2f4 ./Core/Src/main.o
 .debug_frame   0x000002f4      0x118 ./Core/Src/stm32h7xx_hal_msp.o
 .debug_frame   0x0000040c      0x174 ./Core/Src/stm32h7xx_it.o
 .debug_frame   0x00000580       0x78 ./Core/Src/system_stm32h7xx.o
 .debug_frame   0x000005f8      0x690 ./Drivers/STM32H7xx_HAL_Driver/Src/stm32h7xx_hal.o
 .debug_frame   0x00000c88      0x508 ./Drivers/STM32H7xx_HAL_Driver/Src/stm32h7xx_hal_cortex.o
 .debug_frame   0x00001190      0x2b4 ./Drivers/STM32H7xx_HAL_Driver/Src/stm32h7xx_hal_dma.o
 .debug_frame   0x00001444      0x14c ./Drivers/STM32H7xx_HAL_Driver/Src/stm32h7xx_hal_gpio.o
 .debug_frame   0x00001590      0x34c ./Drivers/STM32H7xx_HAL_Driver/Src/stm32h7xx_hal_mdma.o
 .debug_frame   0x000018dc      0x590 ./Drivers/STM32H7xx_HAL_Driver/Src/stm32h7xx_hal_pcd.o
 .debug_frame   0x00001e6c      0x174 ./Drivers/STM32H7xx_HAL_Driver/Src/stm32h7xx_hal_pcd_ex.o
 .debug_frame   0x00001fe0      0x580 ./Drivers/STM32H7xx_HAL_Driver/Src/stm32h7xx_hal_pwr_ex.o
 .debug_frame   0x00002560      0x5ec ./Drivers/STM32H7xx_HAL_Driver/Src/stm32h7xx_hal_qspi.o
 .debug_frame   0x00002b4c      0x1f8 ./Drivers/STM32H7xx_HAL_Driver/Src/stm32h7xx_hal_rcc.o
 .debug_frame   0x00002d44      0x414 ./Drivers/STM32H7xx_HAL_Driver/Src/stm32h7xx_hal_rcc_ex.o
 .debug_frame   0x00003158     0x121c ./Drivers/STM32H7xx_HAL_Driver/Src/stm32h7xx_hal_tim.o