../Core/Src/main.c:86:5:main	24	static,ignoring_inline_asm
../Core/Src/main.c:145:6:SystemClock_Config	120	static
../Core/Src/main.c:204:13:MX_QUADSPI_Init	8	static
../Core/Src/main.c:239:13:MX_TIM7_Init	24	static
../Core/Src/main.c:277:13:MX_USART1_UART_Init	8	static
../Core/Src/main.c:325:13:MX_GPIO_Init	56	static
../Core/Src/main.c:367:6:HAL_QSPI_CmdCpltCallback	16	static
../Core/Src/main.c:377:6:HAL_QSPI_RxCpltCallback	16	static
../Core/Src/main.c:387:6:HAL_QSPI_TxCpltCallback	16	static
../Core/Src/main.c:397:6:HAL_QSPI_StatusMatchCallback	16	static
../Core/Src/main.c:405:6:init_qspi_flash	8	static
../Core/Src/main.c:433:9:erase_sector_qspi	16	static
../Core/Src/main.c:453:9:cmd_end_rdy_qspi	16	static
../Core/Src/main.c:475:9:write_buf_qspi	24	static
../Core/Src/main.c:506:9:programm_end_rdy_qspi	16	static
../Core/Src/main.c:528:9:read_buf_qspi	24	static
../Core/Src/main.c:561:6:MPU_Config	24	static
../Core/Src/main.c:592:6:Error_Handler	4	static,ignoring_inline_asm
