../Core/Src/main.c:90:5:main	16	static
../Core/Src/main.c:148:6:SystemClock_Config	120	static
../Core/Src/main.c:207:13:MX_QUADSPI_Init	8	static
../Core/Src/main.c:242:13:MX_TIM7_Init	24	static
../Core/Src/main.c:280:13:MX_USART1_UART_Init	8	static
../Core/Src/main.c:328:13:MX_GPIO_Init	56	static
../Core/Src/main.c:370:6:HAL_QSPI_CmdCpltCallback	16	static
../Core/Src/main.c:380:6:HAL_QSPI_RxCpltCallback	16	static
../Core/Src/main.c:390:6:HAL_QSPI_TxCpltCallback	16	static
../Core/Src/main.c:400:6:HAL_QSPI_StatusMatchCallback	16	static
../Core/Src/main.c:409:6:MPU_Config	24	static
../Core/Src/main.c:440:6:Error_Handler	4	static
