../Core/Src/main.c:94:5:main	16	static
../Core/Src/main.c:168:6:SystemClock_Config	120	static
../Core/Src/main.c:227:13:MX_QUADSPI_Init	8	static
../Core/Src/main.c:262:13:MX_TIM7_Init	24	static
../Core/Src/main.c:300:13:MX_USART1_UART_Init	8	static
../Core/Src/main.c:348:13:MX_GPIO_Init	56	static
../Core/Src/main.c:390:6:HAL_QSPI_CmdCpltCallback	16	static
../Core/Src/main.c:400:6:HAL_QSPI_RxCpltCallback	16	static
../Core/Src/main.c:410:6:HAL_QSPI_TxCpltCallback	16	static
../Core/Src/main.c:420:6:HAL_QSPI_StatusMatchCallback	16	static
../Core/Src/main.c:429:6:MPU_Config	24	static
../Core/Src/main.c:460:6:Error_Handler	4	static,ignoring_inline_asm
