../Core/Src/main.c:89:5:main	16	static
../Core/Src/main.c:146:6:SystemClock_Config	120	static
../Core/Src/main.c:205:13:MX_QUADSPI_Init	8	static
../Core/Src/main.c:240:13:MX_TIM7_Init	24	static
../Core/Src/main.c:278:13:MX_USART1_UART_Init	8	static
../Core/Src/main.c:326:13:MX_GPIO_Init	56	static
../Core/Src/main.c:368:6:HAL_QSPI_CmdCpltCallback	16	static
../Core/Src/main.c:378:6:HAL_QSPI_RxCpltCallback	16	static
../Core/Src/main.c:388:6:HAL_QSPI_TxCpltCallback	16	static
../Core/Src/main.c:398:6:HAL_QSPI_StatusMatchCallback	16	static
../Core/Src/main.c:407:13:QSPI_WriteEnable	96	static
../Core/Src/main.c:449:13:QSPI_AutoPollingMemReady	96	static
../Core/Src/main.c:483:13:QSPI_DummyCyclesCfg	88	static,ignoring_inline_asm
../Core/Src/main.c:530:6:init_qspi_flash	8	static
../Core/Src/main.c:558:9:erase_sector_qspi	16	static
../Core/Src/main.c:578:9:cmd_end_rdy_qspi	16	static
../Core/Src/main.c:600:9:write_buf_qspi	24	static
../Core/Src/main.c:631:9:programm_end_rdy_qspi	16	static
../Core/Src/main.c:653:9:read_buf_qspi	24	static
../Core/Src/main.c:686:6:MPU_Config	24	static
../Core/Src/main.c:717:6:Error_Handler	4	static
