../Core/Src/quadspi.c:34:6:_QUADSPI_Init	8	static
../Core/Src/quadspi.c:52:6:_HAL_QSPI_MspInit	56	static
../Core/Src/quadspi.c:89:6:_HAL_QSPI_MspDeInit	16	static
../Core/Src/quadspi.c:108:9:CSP_QUADSPI_Init	8	static
../Core/Src/quadspi.c:143:9:CSP_QSPI_Erase_Chip	64	static
../Core/Src/quadspi.c:174:9:QSPI_AutoPollingMemReady	96	static
../Core/Src/quadspi.c:204:16:QSPI_WriteEnable	96	static
../Core/Src/quadspi.c:245:9:QSPI_Configuration	72	static
../Core/Src/quadspi.c:336:9:CSP_QSPI_EraseBlock	80	static
../Core/Src/quadspi.c:366:9:CSP_QSPI_EraseSector	72	static
../Core/Src/quadspi.c:408:9:CSP_QSPI_WriteMemory	96	static
../Core/Src/quadspi.c:522:9:CSP_QSPI_EnableMemoryMappedMode	72	static
../Core/Src/quadspi.c:554:9:QSPI_ResetChip	72	static,ignoring_inline_asm
../Core/Src/quadspi.c:598:9:CSP_QSPI_Read	80	static
